Component: ARM Compiler 5.06 update 7 (build 960) Tool: armlink [4d3601]

==============================================================================

Section Cross References

    startup_stm32f750xx.o(RESET) refers to startup_stm32f750xx.o(STACK) for __initial_sp
    startup_stm32f750xx.o(RESET) refers to startup_stm32f750xx.o(.text) for Reset_Handler
    startup_stm32f750xx.o(RESET) refers to stm32f7xx_it.o(i.NMI_Handler) for NMI_Handler
    startup_stm32f750xx.o(RESET) refers to stm32f7xx_it.o(i.HardFault_Handler) for HardFault_Handler
    startup_stm32f750xx.o(RESET) refers to stm32f7xx_it.o(i.MemManage_Handler) for MemManage_Handler
    startup_stm32f750xx.o(RESET) refers to stm32f7xx_it.o(i.BusFault_Handler) for BusFault_Handler
    startup_stm32f750xx.o(RESET) refers to stm32f7xx_it.o(i.UsageFault_Handler) for UsageFault_Handler
    startup_stm32f750xx.o(RESET) refers to stm32f7xx_it.o(i.SVC_Handler) for SVC_Handler
    startup_stm32f750xx.o(RESET) refers to stm32f7xx_it.o(i.DebugMon_Handler) for DebugMon_Handler
    startup_stm32f750xx.o(RESET) refers to stm32f7xx_it.o(i.PendSV_Handler) for PendSV_Handler
    startup_stm32f750xx.o(RESET) refers to stm32f7xx_it.o(i.SysTick_Handler) for SysTick_Handler
    startup_stm32f750xx.o(RESET) refers to stm32f7xx_it.o(i.DMA1_Stream1_IRQHandler) for DMA1_Stream1_IRQHandler
    startup_stm32f750xx.o(RESET) refers to stm32f7xx_it.o(i.DMA1_Stream5_IRQHandler) for DMA1_Stream5_IRQHandler
    startup_stm32f750xx.o(RESET) refers to stm32f7xx_it.o(i.TIM2_IRQHandler) for TIM2_IRQHandler
    startup_stm32f750xx.o(RESET) refers to stm32f7xx_it.o(i.TIM3_IRQHandler) for TIM3_IRQHandler
    startup_stm32f750xx.o(RESET) refers to stm32f7xx_it.o(i.TIM4_IRQHandler) for TIM4_IRQHandler
    startup_stm32f750xx.o(RESET) refers to stm32f7xx_it.o(i.USART1_IRQHandler) for USART1_IRQHandler
    startup_stm32f750xx.o(RESET) refers to stm32f7xx_it.o(i.USART2_IRQHandler) for USART2_IRQHandler
    startup_stm32f750xx.o(RESET) refers to stm32f7xx_it.o(i.USART3_IRQHandler) for USART3_IRQHandler
    startup_stm32f750xx.o(RESET) refers to stm32f7xx_it.o(i.TIM5_IRQHandler) for TIM5_IRQHandler
    startup_stm32f750xx.o(RESET) refers to stm32f7xx_it.o(i.DMA2_Stream1_IRQHandler) for DMA2_Stream1_IRQHandler
    startup_stm32f750xx.o(RESET) refers to stm32f7xx_it.o(i.DMA2_Stream2_IRQHandler) for DMA2_Stream2_IRQHandler
    startup_stm32f750xx.o(RESET) refers to stm32f7xx_it.o(i.USART6_IRQHandler) for USART6_IRQHandler
    startup_stm32f750xx.o(.text) refers to system_stm32f7xx.o(i.SystemInit) for SystemInit
    startup_stm32f750xx.o(.text) refers to entry.o(.ARM.Collect$$$$00000000) for __main
    main.o(i.Clear_TotalBuffer) refers to memseta.o(.text) for __aeabi_memclr
    main.o(i.Clear_TotalBuffer) refers to main.o(.data) for .data
    main.o(i.Clear_TotalBuffer) refers to main.o(.bss) for .bss
    main.o(i.Clear_cJSON) refers to cjson.o(i.cJSON_Delete) for cJSON_Delete
    main.o(i.Clear_cJSON) refers to memseta.o(.text) for __aeabi_memclr
    main.o(i.Clear_cJSON) refers to main.o(.data) for .data
    main.o(i.Clear_cJSON) refers to main.o(.bss) for .bss
    main.o(i.Generate_dynamicPart) refers to strcat.o(.text) for strcat
    main.o(i.GetcJSON_Object) refers to strstr.o(.text) for strstr
    main.o(i.GetcJSON_Object) refers to strcpy.o(.text) for strcpy
    main.o(i.GetcJSON_Object) refers to cjson.o(i.cJSON_Parse) for cJSON_Parse
    main.o(i.GetcJSON_Object) refers to cjson.o(i.cJSON_GetObjectItem) for cJSON_GetObjectItem
    main.o(i.GetcJSON_Object) refers to printfa.o(i.__0printf) for __2printf
    main.o(i.GetcJSON_Object) refers to cjson.o(i.cJSON_GetArraySize) for cJSON_GetArraySize
    main.o(i.GetcJSON_Object) refers to main.o(.bss) for .bss
    main.o(i.GetcJSON_Object) refers to main.o(.data) for .data
    main.o(i.HAL_TIM_PeriodElapsedCallback) refers to stm32f7xx_hal_gpio.o(i.HAL_GPIO_TogglePin) for HAL_GPIO_TogglePin
    main.o(i.HAL_TIM_PeriodElapsedCallback) refers to cjson.o(i.cJSON_GetArrayItem) for cJSON_GetArrayItem
    main.o(i.HAL_TIM_PeriodElapsedCallback) refers to printfa.o(i.__0sprintf) for __2sprintf
    main.o(i.HAL_TIM_PeriodElapsedCallback) refers to memseta.o(.text) for __aeabi_memclr4
    main.o(i.HAL_TIM_PeriodElapsedCallback) refers to main.o(i.Generate_dynamicPart) for Generate_dynamicPart
    main.o(i.HAL_TIM_PeriodElapsedCallback) refers to strcpy.o(.text) for strcpy
    main.o(i.HAL_TIM_PeriodElapsedCallback) refers to usart.o(i.uart_L610_send) for uart_L610_send
    main.o(i.HAL_TIM_PeriodElapsedCallback) refers to main.o(i.Clear_cJSON) for Clear_cJSON
    main.o(i.HAL_TIM_PeriodElapsedCallback) refers to oled.o(i.OLED_ShowString) for OLED_ShowString
    main.o(i.HAL_TIM_PeriodElapsedCallback) refers to oled.o(i.OLED_Refresh) for OLED_Refresh
    main.o(i.HAL_TIM_PeriodElapsedCallback) refers to main.o(.data) for .data
    main.o(i.ResponseCommandMessage) refers to strstr.o(.text) for strstr
[...]
    i.HAL_TIMEx_CommutCallback               0x08001e6a   Section        0  stm32f7xx_hal_tim_ex.o(i.HAL_TIMEx_CommutCallback)
    i.HAL_TIMEx_MasterConfigSynchronization  0x08001e6c   Section        0  stm32f7xx_hal_tim_ex.o(i.HAL_TIMEx_MasterConfigSynchronization)
    i.HAL_TIM_Base_Init                      0x08001f10   Section        0  stm32f7xx_hal_tim.o(i.HAL_TIM_Base_Init)
    i.HAL_TIM_Base_MspInit                   0x08001f74   Section        0  tim.o(i.HAL_TIM_Base_MspInit)
    i.HAL_TIM_Base_Start_IT                  0x08002024   Section        0  stm32f7xx_hal_tim.o(i.HAL_TIM_Base_Start_IT)
    i.HAL_TIM_ConfigClockSource              0x080020b0   Section        0  stm32f7xx_hal_tim.o(i.HAL_TIM_ConfigClockSource)
    i.HAL_TIM_IC_CaptureCallback             0x08002190   Section        0  stm32f7xx_hal_tim.o(i.HAL_TIM_IC_CaptureCallback)
    i.HAL_TIM_IRQHandler                     0x08002192   Section        0  stm32f7xx_hal_tim.o(i.HAL_TIM_IRQHandler)
    i.HAL_TIM_OC_DelayElapsedCallback        0x08002314   Section        0  stm32f7xx_hal_tim.o(i.HAL_TIM_OC_DelayElapsedCallback)
    i.HAL_TIM_PWM_PulseFinishedCallback      0x08002316   Section        0  stm32f7xx_hal_tim.o(i.HAL_TIM_PWM_PulseFinishedCallback)
    i.HAL_TIM_PeriodElapsedCallback          0x08002318   Section        0  main.o(i.HAL_TIM_PeriodElapsedCallback)
    i.HAL_TIM_TriggerCallback                0x080023f4   Section        0  stm32f7xx_hal_tim.o(i.HAL_TIM_TriggerCallback)
    i.HAL_UARTEx_RxEventCallback             0x080023f6   Section        0  stm32f7xx_hal_uart.o(i.HAL_UARTEx_RxEventCallback)
    i.HAL_UART_DMAStop                       0x080023f8   Section        0  stm32f7xx_hal_uart.o(i.HAL_UART_DMAStop)
    i.HAL_UART_ErrorCallback                 0x08002484   Section        0  stm32f7xx_hal_uart.o(i.HAL_UART_ErrorCallback)
    i.HAL_UART_IRQHandler                    0x08002488   Section        0  stm32f7xx_hal_uart.o(i.HAL_UART_IRQHandler)
    i.HAL_UART_Init                          0x08002720   Section        0  stm32f7xx_hal_uart.o(i.HAL_UART_Init)
    i.HAL_UART_MspInit                       0x08002788   Section        0  usart.o(i.HAL_UART_MspInit)
    i.HAL_UART_Receive_DMA                   0x08002a48   Section        0  stm32f7xx_hal_uart.o(i.HAL_UART_Receive_DMA)
    i.HAL_UART_RxCpltCallback                0x08002a84   Section        0  stm32f7xx_hal_uart.o(i.HAL_UART_RxCpltCallback)
    i.HAL_UART_RxHalfCpltCallback            0x08002a86   Section        0  stm32f7xx_hal_uart.o(i.HAL_UART_RxHalfCpltCallback)
    i.HAL_UART_Transmit                      0x08002a88   Section        0  stm32f7xx_hal_uart.o(i.HAL_UART_Transmit)
    i.HAL_UART_TxCpltCallback                0x08002b2a   Section        0  stm32f7xx_hal_uart.o(i.HAL_UART_TxCpltCallback)
    i.HardFault_Handler                      0x08002b2c   Section        0  stm32f7xx_it.o(i.HardFault_Handler)
    i.I2C_Start                              0x08002b30   Section        0  oled.o(i.I2C_Start)
    i.I2C_Stop                               0x08002b70   Section        0  oled.o(i.I2C_Stop)
    i.I2C_WaitAck                            0x08002ba0   Section        0  oled.o(i.I2C_WaitAck)
    i.IIC_delay                              0x08002bd8   Section        0  oled.o(i.IIC_delay)
    i.MX_DMA_Init                            0x08002be4   Section        0  dma.o(i.MX_DMA_Init)
    i.MX_GPIO_Init                           0x08002c50   Section        0  gpio.o(i.MX_GPIO_Init)
    i.MX_TIM2_Init                           0x08002d28   Section        0  tim.o(i.MX_TIM2_Init)
    i.MX_TIM3_Init                           0x08002d90   Section        0  tim.o(i.MX_TIM3_Init)
    i.MX_TIM4_Init                           0x08002df8   Section        0  tim.o(i.MX_TIM4_Init)
    i.MX_TIM5_Init                           0x08002e60   Section        0  tim.o(i.MX_TIM5_Init)
    i.MX_USART1_UART_Init                    0x08002ec8   Section        0  usart.o(i.MX_USART1_UART_Init)
    i.MX_USART2_UART_Init                    0x08002f04   Section        0  usart.o(i.MX_USART2_UART_Init)
    i.MX_USART3_UART_Init                    0x08002f40   Section        0  usart.o(i.MX_USART3_UART_Init)
    i.MX_USART6_UART_Init                    0x08002f7c   Section        0  usart.o(i.MX_USART6_UART_Init)
    i.MemManage_Handler                      0x08002fb8   Section        0  stm32f7xx_it.o(i.MemManage_Handler)
    i.NMI_Handler                            0x08002fba   Section        0  stm32f7xx_it.o(i.NMI_Handler)
    i.OLED_Clear                             0x08002fbc   Section        0  oled.o(i.OLED_Clear)
    i.OLED_ColorTurn                         0x08002fe8   Section        0  oled.o(i.OLED_ColorTurn)
    i.OLED_DisplayTurn                       0x08003000   Section        0  oled.o(i.OLED_DisplayTurn)
    i.OLED_DrawPoint                         0x0800302c   Section        0  oled.o(i.OLED_DrawPoint)
    i.OLED_Init                              0x08003058   Section        0  oled.o(i.OLED_Init)
    i.OLED_Refresh                           0x08003144   Section        0  oled.o(i.OLED_Refresh)
    i.OLED_ShowChar                          0x080031ac   Section        0  oled.o(i.OLED_ShowChar)
    i.OLED_ShowString                        0x08003298   Section        0  oled.o(i.OLED_ShowString)
    i.OLED_WR_Byte                           0x080032d4   Section        0  oled.o(i.OLED_WR_Byte)
    i.PendSV_Handler                         0x0800330a   Section        0  stm32f7xx_it.o(i.PendSV_Handler)
    i.ResponseCommandMessage                 0x0800330c   Section        0  main.o(i.ResponseCommandMessage)
    i.ResponseFlagMessage                    0x080033b0   Section        0  main.o(i.ResponseFlagMessage)
    i.SVC_Handler                            0x08003454   Section        0  stm32f7xx_it.o(i.SVC_Handler)
    i.Send_Byte                              0x08003458   Section        0  oled.o(i.Send_Byte)
    i.SysTick_Handler                        0x080034a0   Section        0  stm32f7xx_it.o(i.SysTick_Handler)
    i.SystemClock_Config                     0x080034a4   Section        0  main.o(i.SystemClock_Config)
    i.SystemInit                             0x08003544   Section        0  system_stm32f7xx.o(i.SystemInit)
    i.TIM2_IRQHandler                        0x08003554   Section        0  stm32f7xx_it.o(i.TIM2_IRQHandler)
    i.TIM3_IRQHandler                        0x08003560   Section        0  stm32f7xx_it.o(i.TIM3_IRQHandler)
    i.TIM4_IRQHandler                        0x0800356c   Section        0  stm32f7xx_it.o(i.TIM4_IRQHandler)
    i.TIM5_IRQHandler                        0x08003578   Section        0  stm32f7xx_it.o(i.TIM5_IRQHandler)
    i.TIM_Base_SetConfig                     0x08003584   Section        0  stm32f7xx_hal_tim.o(i.TIM_Base_SetConfig)
    i.TIM_ETR_SetConfig                      0x08003650   Section        0  stm32f7xx_hal_tim.o(i.TIM_ETR_SetConfig)
    i.TIM_ITRx_SetConfig                     0x08003662   Section        0  stm32f7xx_hal_tim.o(i.TIM_ITRx_SetConfig)
    TIM_ITRx_SetConfig                       0x08003663   Thumb Code    16  stm32f7xx_hal_tim.o(i.TIM_ITRx_SetConfig)
    i.TIM_TI1_ConfigInputStage               0x08003672   Section        0  stm32f7xx_hal_tim.o(i.TIM_TI1_ConfigInputStage)
    TIM_TI1_ConfigInputStage                 0x08003673   Thumb Code    34  stm32f7xx_hal_tim.o(i.TIM_TI1_ConfigInputStage)
    i.TIM_TI2_ConfigInputStage               0x08003694   Section        0  stm32f7xx_hal_tim.o(i.TIM_TI2_ConfigInputStage)
    TIM_TI2_ConfigInputStage                 0x08003695   Thumb Code    36  stm32f7xx_hal_tim.o(i.TIM_TI2_ConfigInputStage)
    i.UART_AdvFeatureConfig                  0x080036b8   Section        0  stm32f7xx_hal_uart.o(i.UART_AdvFeatureConfig)
    i.UART_CheckIdleState                    0x08003780   Section        0  stm32f7xx_hal_uart.o(i.UART_CheckIdleState)
    i.UART_DMAAbortOnError                   0x080037c4   Section        0  stm32f7xx_hal_uart.o(i.UART_DMAAbortOnError)
    UART_DMAAbortOnError                     0x080037c5   Thumb Code    20  stm32f7xx_hal_uart.o(i.UART_DMAAbortOnError)
    i.UART_DMAError                          0x080037d8   Section        0  stm32f7xx_hal_uart.o(i.UART_DMAError)
    UART_DMAError                            0x080037d9   Thumb Code    76  stm32f7xx_hal_uart.o(i.UART_DMAError)
    i.UART_DMAReceiveCplt                    0x08003824   Section        0  stm32f7xx_hal_uart.o(i.UART_DMAReceiveCplt)
    UART_DMAReceiveCplt                      0x08003825   Thumb Code   130  stm32f7xx_hal_uart.o(i.UART_DMAReceiveCplt)
    i.UART_DMARxHalfCplt                     0x080038a6   Section        0  stm32f7xx_hal_uart.o(i.UART_DMARxHalfCplt)
    UART_DMARxHalfCplt                       0x080038a7   Thumb Code    32  stm32f7xx_hal_uart.o(i.UART_DMARxHalfCplt)
    i.UART_EndRxTransfer                     0x080038c6   Section        0  stm32f7xx_hal_uart.o(i.UART_EndRxTransfer)
    UART_EndRxTransfer                       0x080038c7   Thumb Code    76  stm32f7xx_hal_uart.o(i.UART_EndRxTransfer)
    i.UART_EndTxTransfer                     0x08003912   Section        0  stm32f7xx_hal_uart.o(i.UART_EndTxTransfer)
    UART_EndTxTransfer                       0x08003913   Thumb Code    24  stm32f7xx_hal_uart.o(i.UART_EndTxTransfer)
    i.UART_SetConfig                         0x0800392c   Section        0  stm32f7xx_hal_uart.o(i.UART_SetConfig)
    i.UART_Start_Receive_DMA                 0x08003b5c   Section        0  stm32f7xx_hal_uart.o(i.UART_Start_Receive_DMA)
    i.UART_WaitOnFlagUntilTimeout            0x08003bfc   Section        0  stm32f7xx_hal_uart.o(i.UART_WaitOnFlagUntilTimeout)
    i.USART1_IRQHandler                      0x08003cc8   Section        0  stm32f7xx_it.o(i.USART1_IRQHandler)
    i.USART2_IRQHandler                      0x08003ce0   Section        0  stm32f7xx_it.o(i.USART2_IRQHandler)
    i.USART3_IRQHandler                      0x08003cf8   Section        0  stm32f7xx_it.o(i.USART3_IRQHandler)
    i.USART6_IRQHandler                      0x08003d10   Section        0  stm32f7xx_it.o(i.USART6_IRQHandler)
    i.USER_UART_IDLECallback                 0x08003d28   Section        0  main.o(i.USER_UART_IDLECallback)
    i.USER_UART_IRQHandler                   0x08003d88   Section        0  main.o(i.USER_UART_IRQHandler)
    i.UsageFault_Handler                     0x08003e24   Section        0  stm32f7xx_it.o(i.UsageFault_Handler)
    i.__0printf                              0x08003e28   Section        0  printfa.o(i.__0printf)
    i.__0sprintf                             0x08003e48   Section        0  printfa.o(i.__0sprintf)
    i.__ARM_fpclassify                       0x08003e70   Section        0  fpclassify.o(i.__ARM_fpclassify)
    i.__NVIC_SetPriority                     0x08003ea0   Section        0  stm32f7xx_hal_cortex.o(i.__NVIC_SetPriority)
    __NVIC_SetPriority                       0x08003ea1   Thumb Code    34  stm32f7xx_hal_cortex.o(i.__NVIC_SetPriority)
    i.__hardfp_pow                           0x08003ec8   Section        0  pow.o(i.__hardfp_pow)
    i.__kernel_poly                          0x08004b18   Section        0  poly.o(i.__kernel_poly)
    i.__mathlib_dbl_divzero                  0x08004c10   Section        0  dunder.o(i.__mathlib_dbl_divzero)
    i.__mathlib_dbl_infnan2                  0x08004c40   Section        0  dunder.o(i.__mathlib_dbl_infnan2)
    i.__mathlib_dbl_invalid                  0x08004c58   Section        0  dunder.o(i.__mathlib_dbl_invalid)
    i.__mathlib_dbl_overflow                 0x08004c78   Section        0  dunder.o(i.__mathlib_dbl_overflow)
    i.__mathlib_dbl_underflow                0x08004c98   Section        0  dunder.o(i.__mathlib_dbl_underflow)
    i.__scatterload_copy                     0x08004cb8   Section       14  handlers.o(i.__scatterload_copy)
    i.__scatterload_null                     0x08004cc6   Section        2  handlers.o(i.__scatterload_null)
    i.__scatterload_zeroinit                 0x08004cc8   Section       14  handlers.o(i.__scatterload_zeroinit)
    i.__set_errno                            0x08004cd8   Section        0  errno.o(i.__set_errno)
    i._fp_digits                             0x08004ce4   Section        0  printfa.o(i._fp_digits)
    _fp_digits                               0x08004ce5   Thumb Code   366  printfa.o(i._fp_digits)
    i._printf_core                           0x08004e68   Section        0  printfa.o(i._printf_core)
    _printf_core                             0x08004e69   Thumb Code  1704  printfa.o(i._printf_core)
    i._printf_post_padding                   0x0800551c   Section        0  printfa.o(i._printf_post_padding)
    _printf_post_padding                     0x0800551d   Thumb Code    36  printfa.o(i._printf_post_padding)
    i._printf_pre_padding                    0x08005540   Section        0  printfa.o(i._printf_pre_padding)
    _printf_pre_padding                      0x08005541   Thumb Code    46  printfa.o(i._printf_pre_padding)
    i._sputc                                 0x0800556e   Section        0  printfa.o(i._sputc)
    _sputc                                   0x0800556f   Thumb Code    10  printfa.o(i._sputc)
    i.cJSON_Delete                           0x08005578   Section        0  cjson.o(i.cJSON_Delete)
    i.cJSON_GetArrayItem                     0x080055c0   Section        0  cjson.o(i.cJSON_GetArrayItem)
    i.cJSON_GetArraySize                     0x080055d2   Section        0  cjson.o(i.cJSON_GetArraySize)
    i.cJSON_GetObjectItem                    0x080055e2   Section        0  cjson.o(i.cJSON_GetObjectItem)
    i.cJSON_New_Item                         0x08005600   Section        0  cjson.o(i.cJSON_New_Item)
    cJSON_New_Item                           0x08005601   Thumb Code    24  cjson.o(i.cJSON_New_Item)
    i.cJSON_Parse                            0x0800561c   Section        0  cjson.o(i.cJSON_Parse)
    i.cJSON_ParseWithOpts                    0x08005624   Section        0  cjson.o(i.cJSON_ParseWithOpts)
    i.cJSON_strcasecmp                       0x08005684   Section        0  cjson.o(i.cJSON_strcasecmp)
    cJSON_strcasecmp                         0x08005685   Thumb Code    66  cjson.o(i.cJSON_strcasecmp)
    i.fabs                                   0x080056c6   Section        0  fabs.o(i.fabs)
    i.fputc                                  0x080056e0   Section        0  usart.o(i.fputc)
    i.free                                   0x08005700   Section        0  malloc.o(i.free)
    i.main                                   0x08005750   Section        0  main.o(i.main)
    i.malloc                                 0x08005b50   Section        0  malloc.o(i.malloc)
    i.parse_array                            0x08005bbc   Section        0  cjson.o(i.parse_array)
    parse_array                              0x08005bbd   Thumb Code   114  cjson.o(i.parse_array)
    i.parse_hex4                             0x08005c34   Section        0  cjson.o(i.parse_hex4)
    parse_hex4                               0x08005c35   Thumb Code   166  cjson.o(i.parse_hex4)
    i.parse_number                           0x08005cdc   Section        0  cjson.o(i.parse_number)
    parse_number                             0x08005cdd   Thumb Code   370  cjson.o(i.parse_number)
    i.parse_object                           0x08005e70   Section        0  cjson.o(i.parse_object)
    parse_object                             0x08005e71   Thumb Code   176  cjson.o(i.parse_object)
    i.parse_string                           0x08005f24   Section        0  cjson.o(i.parse_string)
    parse_string                             0x08005f25   Thumb Code   378  cjson.o(i.parse_string)
    i.parse_value                            0x080060a8   Section        0  cjson.o(i.parse_value)
    parse_value                              0x080060a9   Thumb Code   152  cjson.o(i.parse_value)
    i.skip                                   0x0800615c   Section        0  cjson.o(i.skip)
    skip                                     0x0800615d   Thumb Code    20  cjson.o(i.skip)
    i.sqrt                                   0x08006170   Section        0  sqrt.o(i.sqrt)
    i.uart_L610_send                         0x080061e0   Section        0  usart.o(i.uart_L610_send)
    .constdata                               0x08006200   Section        7  cjson.o(.constdata)
    firstByteMark                            0x08006200   Data           7  cjson.o(.constdata)
    .constdata                               0x08006207   Section     7696  oled.o(.constdata)
    .constdata                               0x08008017   Section        8  stm32f7xx_hal_dma.o(.constdata)
    flagBitshiftOffset                       0x08008017   Data           8  stm32f7xx_hal_dma.o(.constdata)
    .constdata                               0x0800801f   Section       16  system_stm32f7xx.o(.constdata)
    .constdata                               0x0800802f   Section        8  system_stm32f7xx.o(.constdata)
    .constdata                               0x08008038   Section      136  pow.o(.constdata)
    bp                                       0x08008038   Data          16  pow.o(.constdata)
    dp_h                                     0x08008048   Data          16  pow.o(.constdata)
    dp_l                                     0x08008058   Data          16  pow.o(.constdata)
    L                                        0x08008068   Data          48  pow.o(.constdata)
    P                                        0x08008098   Data          40  pow.o(.constdata)
    .constdata                               0x080080c0   Section        8  qnan.o(.constdata)
    .conststring                             0x080080c8   Section      270  main.o(.conststring)
    .data                                    0x20000000   Section     1320  main.o(.data)
    .data                                    0x20000528   Section       12  cjson.o(.data)
    cJSON_malloc                             0x20000528   Data           4  cjson.o(.data)
    cJSON_free                               0x2000052c   Data           4  cjson.o(.data)
    ep                                       0x20000530   Data           4  cjson.o(.data)
    .data                                    0x20000534   Section       12  stm32f7xx_hal.o(.data)
    .data                                    0x20000540   Section        4  system_stm32f7xx.o(.data)
    .data                                    0x20000544   Section        4  stdout.o(.data)
    .data                                    0x20000548   Section        4  mvars.o(.data)
    .data                                    0x2000054c   Section        4  mvars.o(.data)
    .data                                    0x20000550   Section        4  errno.o(.data)
    _errno                                   0x20000550   Data           4  errno.o(.data)
    .bss                                     0x20000554   Section     4608  main.o(.bss)
    .bss                                     0x20001754   Section      304  tim.o(.bss)
    .bss                                     0x20001884   Section      928  usart.o(.bss)
    .bss                                     0x20001c24   Section     1152  oled.o(.bss)
    HEAP                                     0x200020a8   Section    32768  startup_stm32f750xx.o(HEAP)
    STACK                                    0x2000a0a8   Section     2048  startup_stm32f750xx.o(STACK)

    Global Symbols

    Symbol Name                              Value     Ov Type        Size  Object(Section)

    BuildAttributes$$THM_ISAv4$E$P$D$K$B$S$7EM$VFPi5$EXTD16$VFPS$VFMA$PE$PLD8$A:L22UL41UL21$X:L11$S22US41US21$IEEE1$IW$USESV6$~STKCKD$USESV7$~SHL$OTIME$ROPI$IEEEX$EBA8$MICROLIB$REQ8$PRES8$EABIv2 0x00000000   Number         0  anon$$obj.o ABSOLUTE
    __ARM_use_no_argv                        0x00000000   Number         0  main.o ABSOLUTE
    _printf_a                                0x00000000   Number         0  stubs.o ABSOLUTE
    _printf_c                                0x00000000   Number         0  stubs.o ABSOLUTE
    _printf_charcount                        0x00000000   Number         0  stubs.o ABSOLUTE
    _printf_d                                0x00000000   Number         0  stubs.o ABSOLUTE
    _printf_e                                0x00000000   Number         0  stubs.o ABSOLUTE
    _printf_f                                0x00000000   Number         0  stubs.o ABSOLUTE
    _printf_flags                            0x00000000   Number         0  stubs.o ABSOLUTE
    _printf_fp_dec                           0x00000000   Number         0  stubs.o ABSOLUTE
    _printf_fp_hex                           0x00000000   Number         0  stubs.o ABSOLUTE
    _printf_g                                0x00000000   Number         0  stubs.o ABSOLUTE
    _printf_i                                0x00000000   Number         0  stubs.o ABSOLUTE
    _printf_int_dec                          0x00000000   Number         0  stubs.o ABSOLUTE
    _printf_l                                0x00000000   Number         0  stubs.o ABSOLUTE
    _printf_lc                               0x00000000   Number         0  stubs.o ABSOLUTE
    _printf_ll                               0x00000000   Number         0  stubs.o ABSOLUTE
    _printf_lld                              0x00000000   Number         0  stubs.o ABSOLUTE
    _printf_lli                              0x00000000   Number         0  stubs.o ABSOLUTE
    _printf_llo                              0x00000000   Number         0  stubs.o ABSOLUTE
    _printf_llu                              0x00000000   Number         0  stubs.o ABSOLUTE
    _printf_llx                              0x00000000   Number         0  stubs.o ABSOLUTE
    _printf_longlong_dec                     0x00000000   Number         0  stubs.o ABSOLUTE
    _printf_longlong_hex                     0x00000000   Number         0  stubs.o ABSOLUTE
    _printf_longlong_oct                     0x00000000   Number         0  stubs.o ABSOLUTE
    _printf_ls                               0x00000000   Number         0  stubs.o ABSOLUTE
    _printf_mbtowc                           0x00000000   Number         0  stubs.o ABSOLUTE
    _printf_n                                0x00000000   Number         0  stubs.o ABSOLUTE
    _printf_o                                0x00000000   Number         0  stubs.o ABSOLUTE
    _printf_p                                0x00000000   Number         0  stubs.o ABSOLUTE
    _printf_percent                          0x00000000   Number         0  stubs.o ABSOLUTE
    _printf_pre_padding                      0x00000000   Number         0  stubs.o ABSOLUTE
    _printf_return_value                     0x00000000   Number         0  stubs.o ABSOLUTE
    _printf_s                                0x00000000   Number         0  stubs.o ABSOLUTE
    _printf_sizespec                         0x00000000   Number         0  stubs.o ABSOLUTE
    _printf_str                              0x00000000   Number         0  stubs.o ABSOLUTE
    _printf_truncate_signed                  0x00000000   Number         0  stubs.o ABSOLUTE
    _printf_truncate_unsigned                0x00000000   Number         0  stubs.o ABSOLUTE
    _printf_u                                0x00000000   Number         0  stubs.o ABSOLUTE
    _printf_wc                               0x00000000   Number         0  stubs.o ABSOLUTE
    _printf_wctomb                           0x00000000   Number         0  stubs.o ABSOLUTE
    _printf_widthprec                        0x00000000   Number         0  stubs.o ABSOLUTE
    _printf_x                                0x00000000   Number         0  stubs.o ABSOLUTE
    __arm_fini_                               - Undefined Weak Reference
    __cpp_initialize__aeabi_                  - Undefined Weak Reference
    __cxa_finalize                            - Undefined Weak Reference
    _clock_init                               - Undefined Weak Reference
    _microlib_exit                            - Undefined Weak Reference
    __Vectors_Size                           0x000001c8   Number         0  startup_stm32f750xx.o ABSOLUTE
    __Vectors                                0x08000000   Data           4  startup_stm32f750xx.o(RESET)
    __Vectors_End                            0x080001c8   Data           0  startup_stm32f750xx.o(RESET)
    __main                                   0x080001c9   Thumb Code     0  entry.o(.ARM.Collect$$$$00000000)
    _main_stk                                0x080001c9   Thumb Code     0  entry2.o(.ARM.Collect$$$$00000001)
    _main_scatterload                        0x080001cd   Thumb Code     0  entry5.o(.ARM.Collect$$$$00000004)
    __main_after_scatterload                 0x080001d1   Thumb Code     0  entry5.o(.ARM.Collect$$$$00000004)
    _main_clock                              0x080001d1   Thumb Code     0  entry7b.o(.ARM.Collect$$$$00000008)
    _main_cpp_init                           0x080001d1   Thumb Code     0  entry8b.o(.ARM.Collect$$$$0000000A)
    _main_init                               0x080001d1   Thumb Code     0  entry9a.o(.ARM.Collect$$$$0000000B)
    __rt_lib_shutdown_fini                   0x080001d9   Thumb Code     0  entry12b.o(.ARM.Collect$$$$0000000E)
    __rt_final_cpp                           0x080001dd   Thumb Code     0  entry10a.o(.ARM.Collect$$$$0000000F)
    __rt_final_exit                          0x080001dd   Thumb Code     0  entry11a.o(.ARM.Collect$$$$00000011)
    Reset_Handler                            0x080001e1   Thumb Code     8  startup_stm32f750xx.o(.text)
    ADC_IRQHandler                           0x080001fb   Thumb Code     0  startup_stm32f750xx.o(.text)
    CAN1_RX0_IRQHandler                      0x080001fb   Thumb Code     0  startup_stm32f750xx.o(.text)
    CAN1_RX1_IRQHandler                      0x080001fb   Thumb Code     0  startup_stm32f750xx.o(.text)
    CAN1_SCE_IRQHandler                      0x080001fb   Thumb Code     0  startup_stm32f750xx.o(.text)
    CAN1_TX_IRQHandler                       0x080001fb   Thumb Code     0  startup_stm32f750xx.o(.text)
    CAN2_RX0_IRQHandler                      0x080001fb   Thumb Code     0  startup_stm32f750xx.o(.text)
    CAN2_RX1_IRQHandler                      0x080001fb   Thumb Code     0  startup_stm32f750xx.o(.text)
    CAN2_SCE_IRQHandler                      0x080001fb   Thumb Code     0  startup_stm32f750xx.o(.text)
    CAN2_TX_IRQHandler                       0x080001fb   Thumb Code     0  startup_stm32f750xx.o(.text)
    CEC_IRQHandler                           0x080001fb   Thumb Code     0  startup_stm32f750xx.o(.text)
    CRYP_IRQHandler                          0x080001fb   Thumb Code     0  startup_stm32f750xx.o(.text)
    DCMI_IRQHandler                          0x080001fb   Thumb Code     0  startup_stm32f750xx.o(.text)
    DMA1_Stream0_IRQHandler                  0x080001fb   Thumb Code     0  startup_stm32f750xx.o(.text)
    DMA1_Stream2_IRQHandler                  0x080001fb   Thumb Code     0  startup_stm32f750xx.o(.text)
    DMA1_Stream3_IRQHandler                  0x080001fb   Thumb Code     0  startup_stm32f750xx.o(.text)
    DMA1_Stream4_IRQHandler                  0x080001fb   Thumb Code     0  startup_stm32f750xx.o(.text)
    DMA1_Stream6_IRQHandler                  0x080001fb   Thumb Code     0  startup_stm32f750xx.o(.text)
    DMA1_Stream7_IRQHandler                  0x080001fb   Thumb Code     0  startup_stm32f750xx.o(.text)
    DMA2D_IRQHandler                         0x080001fb   Thumb Code     0  startup_stm32f750xx.o(.text)
    DMA2_Stream0_IRQHandler                  0x080001fb   Thumb Code     0  startup_stm32f750xx.o(.text)
    DMA2_Stream3_IRQHandler                  0x080001fb   Thumb Code     0  startup_stm32f750xx.o(.text)
    DMA2_Stream4_IRQHandler                  0x080001fb   Thumb Code     0  startup_stm32f750xx.o(.text)
    DMA2_Stream5_IRQHandler                  0x080001fb   Thumb Code     0  startup_stm32f750xx.o(.text)
    DMA2_Stream6_IRQHandler                  0x080001fb   Thumb Code     0  startup_stm32f750xx.o(.text)
    DMA2_Stream7_IRQHandler                  0x080001fb   Thumb Code     0  startup_stm32f750xx.o(.text)
    ETH_IRQHandler                           0x080001fb   Thumb Code     0  startup_stm32f750xx.o(.text)
    ETH_WKUP_IRQHandler                      0x080001fb   Thumb Code     0  startup_stm32f750xx.o(.text)
    EXTI0_IRQHandler                         0x080001fb   Thumb Code     0  startup_stm32f750xx.o(.text)
    EXTI15_10_IRQHandler                     0x080001fb   Thumb Code     0  startup_stm32f750xx.o(.text)
    EXTI1_IRQHandler                         0x080001fb   Thumb Code     0  startup_stm32f750xx.o(.text)
    EXTI2_IRQHandler                         0x080001fb   Thumb Code     0  startup_stm32f750xx.o(.text)
    EXTI3_IRQHandler                         0x080001fb   Thumb Code     0  startup_stm32f750xx.o(.text)
    EXTI4_IRQHandler                         0x080001fb   Thumb Code     0  startup_stm32f750xx.o(.text)
    EXTI9_5_IRQHandler                       0x080001fb   Thumb Code     0  startup_stm32f750xx.o(.text)
    FLASH_IRQHandler                         0x080001fb   Thumb Code     0  startup_stm32f750xx.o(.text)
    FMC_IRQHandler                           0x080001fb   Thumb Code     0  startup_stm32f750xx.o(.text)
    FPU_IRQHandler                           0x080001fb   Thumb Code     0  startup_stm32f750xx.o(.text)
    HASH_RNG_IRQHandler                      0x080001fb   Thumb Code     0  startup_stm32f750xx.o(.text)
    I2C1_ER_IRQHandler                       0x080001fb   Thumb Code     0  startup_stm32f750xx.o(.text)
    I2C1_EV_IRQHandler                       0x080001fb   Thumb Code     0  startup_stm32f750xx.o(.text)
    I2C2_ER_IRQHandler                       0x080001fb   Thumb Code     0  startup_stm32f750xx.o(.text)
    I2C2_EV_IRQHandler                       0x080001fb   Thumb Code     0  startup_stm32f750xx.o(.text)
    I2C3_ER_IRQHandler                       0x080001fb   Thumb Code     0  startup_stm32f750xx.o(.text)
    I2C3_EV_IRQHandler                       0x080001fb   Thumb Code     0  startup_stm32f750xx.o(.text)
    I2C4_ER_IRQHandler                       0x080001fb   Thumb Code     0  startup_stm32f750xx.o(.text)
    I2C4_EV_IRQHandler                       0x080001fb   Thumb Code     0  startup_stm32f750xx.o(.text)
    LPTIM1_IRQHandler                        0x080001fb   Thumb Code     0  startup_stm32f750xx.o(.text)
    LTDC_ER_IRQHandler                       0x080001fb   Thumb Code     0  startup_stm32f750xx.o(.text)
    LTDC_IRQHandler                          0x080001fb   Thumb Code     0  startup_stm32f750xx.o(.text)
    OTG_FS_IRQHandler                        0x080001fb   Thumb Code     0  startup_stm32f750xx.o(.text)
    OTG_FS_WKUP_IRQHandler                   0x080001fb   Thumb Code     0  startup_stm32f750xx.o(.text)
    OTG_HS_EP1_IN_IRQHandler                 0x080001fb   Thumb Code     0  startup_stm32f750xx.o(.text)
    OTG_HS_EP1_OUT_IRQHandler                0x080001fb   Thumb Code     0  startup_stm32f750xx.o(.text)
    OTG_HS_IRQHandler                        0x080001fb   Thumb Code     0  startup_stm32f750xx.o(.text)
    OTG_HS_WKUP_IRQHandler                   0x080001fb   Thumb Code     0  startup_stm32f750xx.o(.text)
    PVD_IRQHandler                           0x080001fb   Thumb Code     0  startup_stm32f750xx.o(.text)
    QUADSPI_IRQHandler                       0x080001fb   Thumb Code     0  startup_stm32f750xx.o(.text)
    RCC_IRQHandler                           0x080001fb   Thumb Code     0  startup_stm32f750xx.o(.text)
    RTC_Alarm_IRQHandler                     0x080001fb   Thumb Code     0  startup_stm32f750xx.o(.text)
    RTC_WKUP_IRQHandler                      0x080001fb   Thumb Code     0  startup_stm32f750xx.o(.text)
    SAI1_IRQHandler                          0x080001fb   Thumb Code     0  startup_stm32f750xx.o(.text)
    SAI2_IRQHandler                          0x080001fb   Thumb Code     0  startup_stm32f750xx.o(.text)
    SDMMC1_IRQHandler                        0x080001fb   Thumb Code     0  startup_stm32f750xx.o(.text)
    SPDIF_RX_IRQHandler                      0x080001fb   Thumb Code     0  startup_stm32f750xx.o(.text)
    SPI1_IRQHandler                          0x080001fb   Thumb Code     0  startup_stm32f750xx.o(.text)
    SPI2_IRQHandler                          0x080001fb   Thumb Code     0  startup_stm32f750xx.o(.text)
    SPI3_IRQHandler                          0x080001fb   Thumb Code     0  startup_stm32f750xx.o(.text)
    SPI4_IRQHandler                          0x080001fb   Thumb Code     0  startup_stm32f750xx.o(.text)
    SPI5_IRQHandler                          0x080001fb   Thumb Code     0  startup_stm32f750xx.o(.text)
    SPI6_IRQHandler                          0x080001fb   Thumb Code     0  startup_stm32f750xx.o(.text)
    TAMP_STAMP_IRQHandler                    0x080001fb   Thumb Code     0  startup_stm32f750xx.o(.text)
    TIM1_BRK_TIM9_IRQHandler                 0x080001fb   Thumb Code     0  startup_stm32f750xx.o(.text)
    TIM1_CC_IRQHandler                       0x080001fb   Thumb Code     0  startup_stm32f750xx.o(.text)
    TIM1_TRG_COM_TIM11_IRQHandler            0x080001fb   Thumb Code     0  startup_stm32f750xx.o(.text)
    TIM1_UP_TIM10_IRQHandler                 0x080001fb   Thumb Code     0  startup_stm32f750xx.o(.text)
    TIM6_DAC_IRQHandler                      0x080001fb   Thumb Code     0  startup_stm32f750xx.o(.text)
    TIM7_IRQHandler                          0x080001fb   Thumb Code     0  startup_stm32f750xx.o(.text)
    TIM8_BRK_TIM12_IRQHandler                0x080001fb   Thumb Code     0  startup_stm32f750xx.o(.text)
    TIM8_CC_IRQHandler                       0x080001fb   Thumb Code     0  startup_stm32f750xx.o(.text)
    TIM8_TRG_COM_TIM14_IRQHandler            0x080001fb   Thumb Code     0  startup_stm32f750xx.o(.text)
    TIM8_UP_TIM13_IRQHandler                 0x080001fb   Thumb Code     0  startup_stm32f750xx.o(.text)
    UART4_IRQHandler                         0x080001fb   Thumb Code     0  startup_stm32f750xx.o(.text)
    UART5_IRQHandler                         0x080001fb   Thumb Code     0  startup_stm32f750xx.o(.text)
    UART7_IRQHandler                         0x080001fb   Thumb Code     0  startup_stm32f750xx.o(.text)
    UART8_IRQHandler                         0x080001fb   Thumb Code     0  startup_stm32f750xx.o(.text)
    WWDG_IRQHandler                          0x080001fb   Thumb Code     0  startup_stm32f750xx.o(.text)
    __aeabi_uldivmod                         0x08000205   Thumb Code    98  uldiv.o(.text)
    tolower                                  0x08000267   Thumb Code    12  tolower.o(.text)
    __aeabi_memset                           0x08000273   Thumb Code    14  memseta.o(.text)
    __aeabi_memset4                          0x08000273   Thumb Code     0  memseta.o(.text)
    __aeabi_memset8                          0x08000273   Thumb Code     0  memseta.o(.text)
    __aeabi_memclr                           0x08000281   Thumb Code     4  memseta.o(.text)
    __aeabi_memclr4                          0x08000281   Thumb Code     0  memseta.o(.text)
    __aeabi_memclr8                          0x08000281   Thumb Code     0  memseta.o(.text)
    _memset$wrapper                          0x08000285   Thumb Code    18  memseta.o(.text)
    strcat                                   0x08000297   Thumb Code    24  strcat.o(.text)
    strstr                                   0x080002af   Thumb Code    36  strstr.o(.text)
    strchr                                   0x080002d3   Thumb Code    20  strchr.o(.text)
    strlen                                   0x080002e7   Thumb Code    14  strlen.o(.text)
    strncat                                  0x080002f5   Thumb Code    40  strncat.o(.text)
    strcpy                                   0x0800031d   Thumb Code    18  strcpy.o(.text)
    strncmp                                  0x0800032f   Thumb Code    30  strncmp.o(.text)
    __aeabi_dadd                             0x0800034d   Thumb Code   322  dadd.o(.text)
    __aeabi_dsub                             0x0800048f   Thumb Code     6  dadd.o(.text)
    __aeabi_drsub                            0x08000495   Thumb Code     6  dadd.o(.text)
    __aeabi_dmul                             0x0800049b   Thumb Code   228  dmul.o(.text)
    __aeabi_i2d                              0x0800057f   Thumb Code    34  dflti.o(.text)
    __aeabi_d2iz                             0x080005a1   Thumb Code    62  dfixi.o(.text)
    __aeabi_cdrcmple                         0x080005e1   Thumb Code    48  cdrcmple.o(.text)
    __aeabi_uidiv                            0x08000611   Thumb Code     0  uidiv.o(.text)
    __aeabi_uidivmod                         0x08000611   Thumb Code    44  uidiv.o(.text)
    __aeabi_llsl                             0x0800063d   Thumb Code    30  llshl.o(.text)
    _ll_shift_l                              0x0800063d   Thumb Code     0  llshl.o(.text)
    __aeabi_llsr                             0x0800065b   Thumb Code    32  llushr.o(.text)
    _ll_ushift_r                             0x0800065b   Thumb Code     0  llushr.o(.text)
    __aeabi_lasr                             0x0800067b   Thumb Code    36  llsshr.o(.text)
    _ll_sshift_r                             0x0800067b   Thumb Code     0  llsshr.o(.text)
    __I$use$fp                               0x0800069f   Thumb Code     0  iusefp.o(.text)
    _double_round                            0x0800069f   Thumb Code    30  depilogue.o(.text)
    _double_epilogue                         0x080006bd   Thumb Code   156  depilogue.o(.text)
    __aeabi_ddiv                             0x08000759   Thumb Code   222  ddiv.o(.text)
    __ARM_scalbn                             0x08000837   Thumb Code    46  dscalb.o(.text)
    scalbn                                   0x08000837   Thumb Code     0  dscalb.o(.text)
    __aeabi_d2ulz                            0x08000865   Thumb Code    48  dfixul.o(.text)
    __scatterload                            0x08000895   Thumb Code    28  init.o(.text)
    __scatterload_rt2                        0x08000895   Thumb Code     0  init.o(.text)
    _dsqrt                                   0x080008b9   Thumb Code   162  dsqrt.o(.text)
    __decompress                             0x0800095b   Thumb Code     0  __dclz77c.o(.text)
    __decompress2                            0x0800095b   Thumb Code    94  __dclz77c.o(.text)
    BusFault_Handler                         0x080009b9   Thumb Code     2  stm32f7xx_it.o(i.BusFault_Handler)
    Clear_TotalBuffer                        0x080009bd   Thumb Code    28  main.o(i.Clear_TotalBuffer)
    Clear_cJSON                              0x080009e1   Thumb Code    34  main.o(i.Clear_cJSON)
    DMA1_Stream1_IRQHandler                  0x08000a0d   Thumb Code     6  stm32f7xx_it.o(i.DMA1_Stream1_IRQHandler)
    DMA1_Stream5_IRQHandler                  0x08000a19   Thumb Code     6  stm32f7xx_it.o(i.DMA1_Stream5_IRQHandler)
    DMA2_Stream1_IRQHandler                  0x08000a25   Thumb Code     6  stm32f7xx_it.o(i.DMA2_Stream1_IRQHandler)
    DMA2_Stream2_IRQHandler                  0x08000a31   Thumb Code     6  stm32f7xx_it.o(i.DMA2_Stream2_IRQHandler)
    DebugMon_Handler                         0x08000ae1   Thumb Code     2  stm32f7xx_it.o(i.DebugMon_Handler)
    Error_Handler                            0x08000ae3   Thumb Code     4  main.o(i.Error_Handler)
    Generate_dynamicPart                     0x08000ae9   Thumb Code    38  main.o(i.Generate_dynamicPart)
    GetcJSON_Object                          0x08000b21   Thumb Code   116  main.o(i.GetcJSON_Object)
    HAL_DMA_Abort                            0x08000c19   Thumb Code   146  stm32f7xx_hal_dma.o(i.HAL_DMA_Abort)
    HAL_DMA_Abort_IT                         0x08000cab   Thumb Code    36  stm32f7xx_hal_dma.o(i.HAL_DMA_Abort_IT)
    HAL_DMA_GetError                         0x08000ccf   Thumb Code     4  stm32f7xx_hal_dma.o(i.HAL_DMA_GetError)
    HAL_DMA_IRQHandler                       0x08000cd5   Thumb Code   412  stm32f7xx_hal_dma.o(i.HAL_DMA_IRQHandler)
    HAL_DMA_Init                             0x08000e75   Thumb Code   222  stm32f7xx_hal_dma.o(i.HAL_DMA_Init)
    HAL_DMA_Start_IT                         0x08000f59   Thumb Code   122  stm32f7xx_hal_dma.o(i.HAL_DMA_Start_IT)
    HAL_Delay                                0x08000fd5   Thumb Code    32  stm32f7xx_hal.o(i.HAL_Delay)
    HAL_GPIO_Init                            0x08000ff9   Thumb Code   530  stm32f7xx_hal_gpio.o(i.HAL_GPIO_Init)
    HAL_GPIO_TogglePin                       0x08001241   Thumb Code    16  stm32f7xx_hal_gpio.o(i.HAL_GPIO_TogglePin)
    HAL_GPIO_WritePin                        0x08001251   Thumb Code    10  stm32f7xx_hal_gpio.o(i.HAL_GPIO_WritePin)
    HAL_GetTick                              0x0800125d   Thumb Code     6  stm32f7xx_hal.o(i.HAL_GetTick)
    HAL_IncTick                              0x08001269   Thumb Code    12  stm32f7xx_hal.o(i.HAL_IncTick)
    HAL_Init                                 0x08001279   Thumb Code    22  stm32f7xx_hal.o(i.HAL_Init)
    HAL_InitTick                             0x08001291   Thumb Code    54  stm32f7xx_hal.o(i.HAL_InitTick)
    HAL_MspInit                              0x080012d1   Thumb Code    42  stm32f7xx_hal_msp.o(i.HAL_MspInit)
    HAL_NVIC_EnableIRQ                       0x08001301   Thumb Code    26  stm32f7xx_hal_cortex.o(i.HAL_NVIC_EnableIRQ)
    HAL_NVIC_SetPriority                     0x0800131d   Thumb Code    60  stm32f7xx_hal_cortex.o(i.HAL_NVIC_SetPriority)
    HAL_NVIC_SetPriorityGrouping             0x0800135d   Thumb Code    28  stm32f7xx_hal_cortex.o(i.HAL_NVIC_SetPriorityGrouping)
    HAL_PWREx_EnableOverDrive                0x08001381   Thumb Code   100  stm32f7xx_hal_pwr_ex.o(i.HAL_PWREx_EnableOverDrive)
    HAL_RCCEx_PeriphCLKConfig                0x080013ed   Thumb Code  1276  stm32f7xx_hal_rcc_ex.o(i.HAL_RCCEx_PeriphCLKConfig)
    HAL_RCC_ClockConfig                      0x080018e9   Thumb Code   284  stm32f7xx_hal_rcc.o(i.HAL_RCC_ClockConfig)
    HAL_RCC_GetPCLK1Freq                     0x08001a19   Thumb Code    20  stm32f7xx_hal_rcc.o(i.HAL_RCC_GetPCLK1Freq)
    HAL_RCC_GetPCLK2Freq                     0x08001a39   Thumb Code    20  stm32f7xx_hal_rcc.o(i.HAL_RCC_GetPCLK2Freq)
    HAL_RCC_GetSysClockFreq                  0x08001a59   Thumb Code    88  stm32f7xx_hal_rcc.o(i.HAL_RCC_GetSysClockFreq)
    HAL_RCC_OscConfig                        0x08001abd   Thumb Code   888  stm32f7xx_hal_rcc.o(i.HAL_RCC_OscConfig)
    HAL_SYSTICK_Config                       0x08001e41   Thumb Code    38  stm32f7xx_hal_cortex.o(i.HAL_SYSTICK_Config)
    HAL_TIMEx_Break2Callback                 0x08001e67   Thumb Code     2  stm32f7xx_hal_tim_ex.o(i.HAL_TIMEx_Break2Callback)
    HAL_TIMEx_BreakCallback                  0x08001e69   Thumb Code     2  stm32f7xx_hal_tim_ex.o(i.HAL_TIMEx_BreakCallback)
    HAL_TIMEx_CommutCallback                 0x08001e6b   Thumb Code     2  stm32f7xx_hal_tim_ex.o(i.HAL_TIMEx_CommutCallback)
    HAL_TIMEx_MasterConfigSynchronization    0x08001e6d   Thumb Code   134  stm32f7xx_hal_tim_ex.o(i.HAL_TIMEx_MasterConfigSynchronization)
    HAL_TIM_Base_Init                        0x08001f11   Thumb Code    98  stm32f7xx_hal_tim.o(i.HAL_TIM_Base_Init)
    HAL_TIM_Base_MspInit                     0x08001f75   Thumb Code   158  tim.o(i.HAL_TIM_Base_MspInit)
    HAL_TIM_Base_Start_IT                    0x08002025   Thumb Code   106  stm32f7xx_hal_tim.o(i.HAL_TIM_Base_Start_IT)
    HAL_TIM_ConfigClockSource                0x080020b1   Thumb Code   220  stm32f7xx_hal_tim.o(i.HAL_TIM_ConfigClockSource)
    HAL_TIM_IC_CaptureCallback               0x08002191   Thumb Code     2  stm32f7xx_hal_tim.o(i.HAL_TIM_IC_CaptureCallback)
    HAL_TIM_IRQHandler                       0x08002193   Thumb Code   386  stm32f7xx_hal_tim.o(i.HAL_TIM_IRQHandler)
    HAL_TIM_OC_DelayElapsedCallback          0x08002315   Thumb Code     2  stm32f7xx_hal_tim.o(i.HAL_TIM_OC_DelayElapsedCallback)
    HAL_TIM_PWM_PulseFinishedCallback        0x08002317   Thumb Code     2  stm32f7xx_hal_tim.o(i.HAL_TIM_PWM_PulseFinishedCallback)
    HAL_TIM_PeriodElapsedCallback            0x08002319   Thumb Code   204  main.o(i.HAL_TIM_PeriodElapsedCallback)
    HAL_TIM_TriggerCallback                  0x080023f5   Thumb Code     2  stm32f7xx_hal_tim.o(i.HAL_TIM_TriggerCallback)
    HAL_UARTEx_RxEventCallback               0x080023f7   Thumb Code     2  stm32f7xx_hal_uart.o(i.HAL_UARTEx_RxEventCallback)
    HAL_UART_DMAStop                         0x080023f9   Thumb Code   140  stm32f7xx_hal_uart.o(i.HAL_UART_DMAStop)
    HAL_UART_ErrorCallback                   0x08002485   Thumb Code     2  stm32f7xx_hal_uart.o(i.HAL_UART_ErrorCallback)
    HAL_UART_IRQHandler                      0x08002489   Thumb Code   654  stm32f7xx_hal_uart.o(i.HAL_UART_IRQHandler)
    HAL_UART_Init                            0x08002721   Thumb Code   102  stm32f7xx_hal_uart.o(i.HAL_UART_Init)
    HAL_UART_MspInit                         0x08002789   Thumb Code   654  usart.o(i.HAL_UART_MspInit)
    HAL_UART_Receive_DMA                     0x08002a49   Thumb Code    60  stm32f7xx_hal_uart.o(i.HAL_UART_Receive_DMA)
    HAL_UART_RxCpltCallback                  0x08002a85   Thumb Code     2  stm32f7xx_hal_uart.o(i.HAL_UART_RxCpltCallback)
    HAL_UART_RxHalfCpltCallback              0x08002a87   Thumb Code     2  stm32f7xx_hal_uart.o(i.HAL_UART_RxHalfCpltCallback)
    HAL_UART_Transmit                        0x08002a89   Thumb Code   162  stm32f7xx_hal_uart.o(i.HAL_UART_Transmit)
    HAL_UART_TxCpltCallback                  0x08002b2b   Thumb Code     2  stm32f7xx_hal_uart.o(i.HAL_UART_TxCpltCallback)
    HardFault_Handler                        0x08002b2d   Thumb Code     2  stm32f7xx_it.o(i.HardFault_Handler)
    I2C_Start                                0x08002b31   Thumb Code    60  oled.o(i.I2C_Start)
    I2C_Stop                                 0x08002b71   Thumb Code    42  oled.o(i.I2C_Stop)
    I2C_WaitAck                              0x08002ba1   Thumb Code    50  oled.o(i.I2C_WaitAck)
    IIC_delay                                0x08002bd9   Thumb Code    10  oled.o(i.IIC_delay)
    MX_DMA_Init                              0x08002be5   Thumb Code   104  dma.o(i.MX_DMA_Init)
    MX_GPIO_Init                             0x08002c51   Thumb Code   194  gpio.o(i.MX_GPIO_Init)
    MX_TIM2_Init                             0x08002d29   Thumb Code    98  tim.o(i.MX_TIM2_Init)
    MX_TIM3_Init                             0x08002d91   Thumb Code    96  tim.o(i.MX_TIM3_Init)
    MX_TIM4_Init                             0x08002df9   Thumb Code    96  tim.o(i.MX_TIM4_Init)
    MX_TIM5_Init                             0x08002e61   Thumb Code    96  tim.o(i.MX_TIM5_Init)
    MX_USART1_UART_Init                      0x08002ec9   Thumb Code    52  usart.o(i.MX_USART1_UART_Init)
    MX_USART2_UART_Init                      0x08002f05   Thumb Code    52  usart.o(i.MX_USART2_UART_Init)
    MX_USART3_UART_Init                      0x08002f41   Thumb Code    52  usart.o(i.MX_USART3_UART_Init)
    MX_USART6_UART_Init                      0x08002f7d   Thumb Code    52  usart.o(i.MX_USART6_UART_Init)
    MemManage_Handler                        0x08002fb9   Thumb Code     2  stm32f7xx_it.o(i.MemManage_Handler)
    NMI_Handler                              0x08002fbb   Thumb Code     2  stm32f7xx_it.o(i.NMI_Handler)
    OLED_Clear                               0x08002fbd   Thumb Code    38  oled.o(i.OLED_Clear)
    OLED_ColorTurn                           0x08002fe9   Thumb Code    24  oled.o(i.OLED_ColorTurn)
    OLED_DisplayTurn                         0x08003001   Thumb Code    44  oled.o(i.OLED_DisplayTurn)
    OLED_DrawPoint                           0x0800302d   Thumb Code    40  oled.o(i.OLED_DrawPoint)
    OLED_Init                                0x08003059   Thumb Code   234  oled.o(i.OLED_Init)
    OLED_Refresh                             0x08003145   Thumb Code   100  oled.o(i.OLED_Refresh)
    OLED_ShowChar                            0x080031ad   Thumb Code   218  oled.o(i.OLED_ShowChar)
    OLED_ShowString                          0x08003299   Thumb Code    60  oled.o(i.OLED_ShowString)
    OLED_WR_Byte                             0x080032d5   Thumb Code    54  oled.o(i.OLED_WR_Byte)
    PendSV_Handler                           0x0800330b   Thumb Code     2  stm32f7xx_it.o(i.PendSV_Handler)
    ResponseCommandMessage                   0x0800330d   Thumb Code    74  main.o(i.ResponseCommandMessage)
    ResponseFlagMessage                      0x080033b1   Thumb Code    74  main.o(i.ResponseFlagMessage)
    SVC_Handler                              0x08003455   Thumb Code     2  stm32f7xx_it.o(i.SVC_Handler)
    Send_Byte                                0x08003459   Thumb Code    68  oled.o(i.Send_Byte)
    SysTick_Handler                          0x080034a1   Thumb Code     4  stm32f7xx_it.o(i.SysTick_Handler)
    SystemClock_Config                       0x080034a5   Thumb Code   150  main.o(i.SystemClock_Config)
    SystemInit                               0x08003545   Thumb Code    12  system_stm32f7xx.o(i.SystemInit)
    TIM2_IRQHandler                          0x08003555   Thumb Code     6  stm32f7xx_it.o(i.TIM2_IRQHandler)
    TIM3_IRQHandler                          0x08003561   Thumb Code     6  stm32f7xx_it.o(i.TIM3_IRQHandler)
    TIM4_IRQHandler                          0x0800356d   Thumb Code     6  stm32f7xx_it.o(i.TIM4_IRQHandler)
    TIM5_IRQHandler                          0x08003579   Thumb Code     6  stm32f7xx_it.o(i.TIM5_IRQHandler)
    TIM_Base_SetConfig                       0x08003585   Thumb Code   158  stm32f7xx_hal_tim.o(i.TIM_Base_SetConfig)
    TIM_ETR_SetConfig                        0x08003651   Thumb Code    18  stm32f7xx_hal_tim.o(i.TIM_ETR_SetConfig)
    UART_AdvFeatureConfig                    0x080036b9   Thumb Code   200  stm32f7xx_hal_uart.o(i.UART_AdvFeatureConfig)
    UART_CheckIdleState                      0x08003781   Thumb Code    68  stm32f7xx_hal_uart.o(i.UART_CheckIdleState)
    UART_SetConfig                           0x0800392d   Thumb Code   516  stm32f7xx_hal_uart.o(i.UART_SetConfig)
    UART_Start_Receive_DMA                   0x08003b5d   Thumb Code   146  stm32f7xx_hal_uart.o(i.UART_Start_Receive_DMA)
    UART_WaitOnFlagUntilTimeout              0x08003bfd   Thumb Code   202  stm32f7xx_hal_uart.o(i.UART_WaitOnFlagUntilTimeout)
    USART1_IRQHandler                        0x08003cc9   Thumb Code    18  stm32f7xx_it.o(i.USART1_IRQHandler)
    USART2_IRQHandler                        0x08003ce1   Thumb Code    18  stm32f7xx_it.o(i.USART2_IRQHandler)
    USART3_IRQHandler                        0x08003cf9   Thumb Code    18  stm32f7xx_it.o(i.USART3_IRQHandler)
    USART6_IRQHandler                        0x08003d11   Thumb Code    18  stm32f7xx_it.o(i.USART6_IRQHandler)
    USER_UART_IDLECallback                   0x08003d29   Thumb Code    76  main.o(i.USER_UART_IDLECallback)
    USER_UART_IRQHandler                     0x08003d89   Thumb Code   124  main.o(i.USER_UART_IRQHandler)
    UsageFault_Handler                       0x08003e25   Thumb Code     2  stm32f7xx_it.o(i.UsageFault_Handler)
    __0printf                                0x08003e29   Thumb Code    22  printfa.o(i.__0printf)
    __1printf                                0x08003e29   Thumb Code     0  printfa.o(i.__0printf)
    __2printf                                0x08003e29   Thumb Code     0  printfa.o(i.__0printf)
    __c89printf                              0x08003e29   Thumb Code     0  printfa.o(i.__0printf)
    printf                                   0x08003e29   Thumb Code     0  printfa.o(i.__0printf)
    __0sprintf                               0x08003e49   Thumb Code    34  printfa.o(i.__0sprintf)
    __1sprintf                               0x08003e49   Thumb Code     0  printfa.o(i.__0sprintf)
    __2sprintf                               0x08003e49   Thumb Code     0  printfa.o(i.__0sprintf)
    __c89sprintf                             0x08003e49   Thumb Code     0  printfa.o(i.__0sprintf)
    sprintf                                  0x08003e49   Thumb Code     0  printfa.o(i.__0sprintf)
    __ARM_fpclassify                         0x08003e71   Thumb Code    48  fpclassify.o(i.__ARM_fpclassify)
    __hardfp_pow                             0x08003ec9   Thumb Code  3072  pow.o(i.__hardfp_pow)
    __kernel_poly                            0x08004b19   Thumb Code   248  poly.o(i.__kernel_poly)
    __mathlib_dbl_divzero                    0x08004c11   Thumb Code    28  dunder.o(i.__mathlib_dbl_divzero)
    __mathlib_dbl_infnan2                    0x08004c41   Thumb Code    20  dunder.o(i.__mathlib_dbl_infnan2)
    __mathlib_dbl_invalid                    0x08004c59   Thumb Code    24  dunder.o(i.__mathlib_dbl_invalid)
    __mathlib_dbl_overflow                   0x08004c79   Thumb Code    24  dunder.o(i.__mathlib_dbl_overflow)
    __mathlib_dbl_underflow                  0x08004c99   Thumb Code    24  dunder.o(i.__mathlib_dbl_underflow)
    __scatterload_copy                       0x08004cb9   Thumb Code    14  handlers.o(i.__scatterload_copy)
    __scatterload_null                       0x08004cc7   Thumb Code     2  handlers.o(i.__scatterload_null)
    __scatterload_zeroinit                   0x08004cc9   Thumb Code    14  handlers.o(i.__scatterload_zeroinit)
    __set_errno                              0x08004cd9   Thumb Code     6  errno.o(i.__set_errno)
    cJSON_Delete                             0x08005579   Thumb Code    66  cjson.o(i.cJSON_Delete)
    cJSON_GetArrayItem                       0x080055c1   Thumb Code    18  cjson.o(i.cJSON_GetArrayItem)
    cJSON_GetArraySize                       0x080055d3   Thumb Code    16  cjson.o(i.cJSON_GetArraySize)
    cJSON_GetObjectItem                      0x080055e3   Thumb Code    28  cjson.o(i.cJSON_GetObjectItem)
    cJSON_Parse                              0x0800561d   Thumb Code     8  cjson.o(i.cJSON_Parse)
    cJSON_ParseWithOpts                      0x08005625   Thumb Code    92  cjson.o(i.cJSON_ParseWithOpts)
    fabs                                     0x080056c7   Thumb Code    24  fabs.o(i.fabs)
    fputc                                    0x080056e1   Thumb Code    26  usart.o(i.fputc)
    free                                     0x08005701   Thumb Code    76  malloc.o(i.free)
    main                                     0x08005751   Thumb Code   566  main.o(i.main)
    malloc                                   0x08005b51   Thumb Code    92  malloc.o(i.malloc)
    sqrt                                     0x08006171   Thumb Code   110  sqrt.o(i.sqrt)
    uart_L610_send                           0x080061e1   Thumb Code    26  usart.o(i.uart_L610_send)
    asc2_0806                                0x08006207   Data         552  oled.o(.constdata)
    asc2_1206                                0x0800642f   Data        1140  oled.o(.constdata)
    asc2_1608                                0x080068a3   Data        1520  oled.o(.constdata)
    asc2_2412                                0x08006e93   Data        3420  oled.o(.constdata)
    Hzk1                                     0x08007bef   Data         352  oled.o(.constdata)
    Hzk2                                     0x08007d4f   Data          72  oled.o(.constdata)
    Hzk3                                     0x08007d97   Data         128  oled.o(.constdata)
    Hzk4                                     0x08007e17   Data         512  oled.o(.constdata)
    AHBPrescTable                            0x0800801f   Data          16  system_stm32f7xx.o(.constdata)
    APBPrescTable                            0x0800802f   Data           8  system_stm32f7xx.o(.constdata)
    __mathlib_zero                           0x080080c0   Data           8  qnan.o(.constdata)
    Region$$Table$$Base                      0x080081d8   Number         0  anon$$obj.o(Region$$Table)
    Region$$Table$$Limit                     0x080081f8   Number         0  anon$$obj.o(Region$$Table)
    initStatus                               0x20000000   Data           1  main.o(.data)
    UART_Frame_Flag                          0x20000001   Data           1  main.o(.data)
    StopFlag                                 0x20000002   Data           1  main.o(.data)
    location_length                          0x20000003   Data           1  main.o(.data)
    location_index                           0x20000004   Data           1  main.o(.data)
    stableTx_length                          0x20000006   Data           2  main.o(.data)
    stableResponse_length_cmd                0x20000008   Data           2  main.o(.data)
    stableResponse_length_flag               0x2000000a   Data           2  main.o(.data)
    Rxcounter                                0x2000000c   Data           2  main.o(.data)
    TotalCounter                             0x2000000e   Data           2  main.o(.data)
    root                                     0x20000010   Data           4  main.o(.data)
    location_array                           0x20000014   Data           4  main.o(.data)
    strx                                     0x20000018   Data           4  main.o(.data)
    strx_head                                0x2000001c   Data           4  main.o(.data)
    strx_end                                 0x20000020   Data           4  main.o(.data)
    strx_properties                          0x20000024   Data           4  main.o(.data)
    Tx_str                                   0x20000028   Data         256  main.o(.data)
    Tx_FlagSet                               0x20000128   Data         256  main.o(.data)
    Tx_FlagReset                             0x20000228   Data         256  main.o(.data)
    responseMessage                          0x20000328   Data         256  main.o(.data)
    responseProperties                       0x20000428   Data         256  main.o(.data)
    uwTickFreq                               0x20000534   Data           1  stm32f7xx_hal.o(.data)
    uwTickPrio                               0x20000538   Data           4  stm32f7xx_hal.o(.data)
    uwTick                                   0x2000053c   Data           4  stm32f7xx_hal.o(.data)
    SystemCoreClock                          0x20000540   Data           4  system_stm32f7xx.o(.data)
    __stdout                                 0x20000544   Data           4  stdout.o(.data)
    __microlib_freelist                      0x20000548   Data           4  mvars.o(.data)
    __microlib_freelist_initialised          0x2000054c   Data           4  mvars.o(.data)
    RxBuffer                                 0x20000554   Data        1536  main.o(.bss)
    Buffer_total                             0x20000b54   Data        1536  main.o(.bss)
    json_str                                 0x20001154   Data        1536  main.o(.bss)
    htim2                                    0x20001754   Data          76  tim.o(.bss)
    htim3                                    0x200017a0   Data          76  tim.o(.bss)
    htim4                                    0x200017ec   Data          76  tim.o(.bss)
    htim5                                    0x20001838   Data          76  tim.o(.bss)
    huart1                                   0x20001884   Data         136  usart.o(.bss)
    huart2                                   0x2000190c   Data         136  usart.o(.bss)
    huart3                                   0x20001994   Data         136  usart.o(.bss)
    huart6                                   0x20001a1c   Data         136  usart.o(.bss)
    hdma_usart1_rx                           0x20001aa4   Data          96  usart.o(.bss)
    hdma_usart2_rx                           0x20001b04   Data          96  usart.o(.bss)
    hdma_usart3_rx                           0x20001b64   Data          96  usart.o(.bss)
    hdma_usart6_rx                           0x20001bc4   Data          96  usart.o(.bss)
    OLED_GRAM                                0x20001c24   Data        1152  oled.o(.bss)
    __heap_base                              0x200020a8   Data           0  startup_stm32f750xx.o(HEAP)
    __heap_limit                             0x2000a0a8   Data           0  startup_stm32f750xx.o(HEAP)
    __initial_sp                             0x2000a8a8   Data           0  startup_stm32f750xx.o(STACK)



==============================================================================

Memory Map of the image

  Image Entry point : 0x080001c9

  Load Region LR_IROM1 (Base: 0x08000000, Size: 0x0000874c, Max: 0x00010000, ABSOLUTE, COMPRESSED[0x000082e0])

    Execution Region ER_IROM1 (Exec base: 0x08000000, Load base: 0x08000000, Size: 0x000081f8, Max: 0x00010000, ABSOLUTE)

    Exec Addr    Load Addr    Size         Type   Attr      Idx    E Section Name        Object

    0x08000000   0x08000000   0x000001c8   Data   RO            3    RESET               startup_stm32f750xx.o
    0x080001c8   0x080001c8   0x00000000   Code   RO         4300  * .ARM.Collect$$$$00000000  mc_w.l(entry.o)
    0x080001c8   0x080001c8   0x00000004   Code   RO         4661    .ARM.Collect$$$$00000001  mc_w.l(entry2.o)
    0x080001cc   0x080001cc   0x00000004   Code   RO         4664    .ARM.Collect$$$$00000004  mc_w.l(entry5.o)
    0x080001d0   0x080001d0   0x00000000   Code   RO         4666    .ARM.Collect$$$$00000008  mc_w.l(entry7b.o)
    0x080001d0   0x080001d0   0x00000000   Code   RO         4668    .ARM.Collect$$$$0000000A  mc_w.l(entry8b.o)
    0x080001d0   0x080001d0   0x00000008   Code   RO         4669    .ARM.Collect$$$$0000000B  mc_w.l(entry9a.o)
    0x080001d8   0x080001d8   0x00000004   Code   RO         4676    .ARM.Collect$$$$0000000E  mc_w.l(entry12b.o)
    0x080001dc   0x080001dc   0x00000000   Code   RO         4671    .ARM.Collect$$$$0000000F  mc_w.l(entry10a.o)
    0x080001dc   0x080001dc   0x00000000   Code   RO         4673    .ARM.Collect$$$$00000011  mc_w.l(entry11a.o)
    0x080001dc   0x080001dc   0x00000004   Code   RO         4662    .ARM.Collect$$$$00002712  mc_w.l(entry2.o)
    0x080001e0   0x080001e0   0x00000024   Code   RO            4    .text               startup_stm32f750xx.o
    0x08000204   0x08000204   0x00000062   Code   RO         4303    .text               mc_w.l(uldiv.o)
    0x08000266   0x08000266   0x0000000c   Code   RO         4305    .text               mc_w.l(tolower.o)
    0x08000272   0x08000272   0x00000024   Code   RO         4309    .text               mc_w.l(memseta.o)
    0x08000296   0x08000296   0x00000018   Code   RO         4311    .text               mc_w.l(strcat.o)
    0x080002ae   0x080002ae   0x00000024   Code   RO         4313    .text               mc_w.l(strstr.o)
    0x080002d2   0x080002d2   0x00000014   Code   RO         4315    .text               mc_w.l(strchr.o)
    0x080002e6   0x080002e6   0x0000000e   Code   RO         4317    .text               mc_w.l(strlen.o)
    0x080002f4   0x080002f4   0x00000028   Code   RO         4319    .text               mc_w.l(strncat.o)
    0x0800031c   0x0800031c   0x00000012   Code   RO         4321    .text               mc_w.l(strcpy.o)
    0x0800032e   0x0800032e   0x0000001e   Code   RO         4323    .text               mc_w.l(strncmp.o)
    0x0800034c   0x0800034c   0x0000014e   Code   RO         4616    .text               mf_w.l(dadd.o)
    0x0800049a   0x0800049a   0x000000e4   Code   RO         4618    .text               mf_w.l(dmul.o)
    0x0800057e   0x0800057e   0x00000022   Code   RO         4620    .text               mf_w.l(dflti.o)
    0x080005a0   0x080005a0   0x0000003e   Code   RO         4622    .text               mf_w.l(dfixi.o)
    0x080005de   0x080005de   0x00000002   PAD
    0x080005e0   0x080005e0   0x00000030   Code   RO         4628    .text               mf_w.l(cdrcmple.o)
    0x08000610   0x08000610   0x0000002c   Code   RO         4678    .text               mc_w.l(uidiv.o)
    0x0800063c   0x0800063c   0x0000001e   Code   RO         4680    .text               mc_w.l(llshl.o)
    0x0800065a   0x0800065a   0x00000020   Code   RO         4682    .text               mc_w.l(llushr.o)
    0x0800067a   0x0800067a   0x00000024   Code   RO         4684    .text               mc_w.l(llsshr.o)
    0x0800069e   0x0800069e   0x00000000   Code   RO         4695    .text               mc_w.l(iusefp.o)
    0x0800069e   0x0800069e   0x000000ba   Code   RO         4696    .text               mf_w.l(depilogue.o)
    0x08000758   0x08000758   0x000000de   Code   RO         4698    .text               mf_w.l(ddiv.o)
    0x08000836   0x08000836   0x0000002e   Code   RO         4702    .text               mf_w.l(dscalb.o)
    0x08000864   0x08000864   0x00000030   Code   RO         4704    .text               mf_w.l(dfixul.o)
    0x08000894   0x08000894   0x00000024   Code   RO         4706    .text               mc_w.l(init.o)
    0x080008b8   0x080008b8   0x000000a2   Code   RO         4708    .text               mf_w.l(dsqrt.o)
    0x0800095a   0x0800095a   0x0000005e   Code   RO         4718    .text               mc_w.l(__dclz77c.o)
    0x080009b8   0x080009b8   0x00000002   Code   RO          426    i.BusFault_Handler  stm32f7xx_it.o
    0x080009ba   0x080009ba   0x00000002   PAD
    0x080009bc   0x080009bc   0x00000024   Code   RO           13    i.Clear_TotalBuffer  main.o
    0x080009e0   0x080009e0   0x0000002c   Code   RO           14    i.Clear_cJSON       main.o
    0x08000a0c   0x08000a0c   0x0000000c   Code   RO          427    i.DMA1_Stream1_IRQHandler  stm32f7xx_it.o
    0x08000a18   0x08000a18   0x0000000c   Code   RO          428    i.DMA1_Stream5_IRQHandler  stm32f7xx_it.o
    0x08000a24   0x08000a24   0x0000000c   Code   RO          429    i.DMA2_Stream1_IRQHandler  stm32f7xx_it.o
    0x08000a30   0x08000a30   0x0000000c   Code   RO          430    i.DMA2_Stream2_IRQHandler  stm32f7xx_it.o
    0x08000a3c   0x08000a3c   0x00000028   Code   RO         2646    i.DMA_CalcBaseAndBitshift  stm32f7xx_hal_dma.o
    0x08000a64   0x08000a64   0x00000054   Code   RO         2647    i.DMA_CheckFifoParam  stm32f7xx_hal_dma.o
    0x08000ab8   0x08000ab8   0x00000028   Code   RO         2648    i.DMA_SetConfig     stm32f7xx_hal_dma.o
    0x08000ae0   0x08000ae0   0x00000002   Code   RO          431    i.DebugMon_Handler  stm32f7xx_it.o
    0x08000ae2   0x08000ae2   0x00000004   Code   RO           15    i.Error_Handler     main.o
    0x08000ae6   0x08000ae6   0x00000002   PAD
    0x08000ae8   0x08000ae8   0x00000038   Code   RO           16    i.Generate_dynamicPart  main.o
    0x08000b20   0x08000b20   0x000000f8   Code   RO           17    i.GetcJSON_Object   main.o
    0x08000c18   0x08000c18   0x00000092   Code   RO         2649    i.HAL_DMA_Abort     stm32f7xx_hal_dma.o
    0x08000caa   0x08000caa   0x00000024   Code   RO         2650    i.HAL_DMA_Abort_IT  stm32f7xx_hal_dma.o
    0x08000cce   0x08000cce   0x00000004   Code   RO         2652    i.HAL_DMA_GetError  stm32f7xx_hal_dma.o
    0x08000cd2   0x08000cd2   0x00000002   PAD
    0x08000cd4   0x08000cd4   0x000001a0   Code   RO         2654    i.HAL_DMA_IRQHandler  stm32f7xx_hal_dma.o
    0x08000e74   0x08000e74   0x000000e4   Code   RO         2655    i.HAL_DMA_Init      stm32f7xx_hal_dma.o
    0x08000f58   0x08000f58   0x0000007a   Code   RO         2659    i.HAL_DMA_Start_IT  stm32f7xx_hal_dma.o
    0x08000fd2   0x08000fd2   0x00000002   PAD
    0x08000fd4   0x08000fd4   0x00000024   Code   RO         3016    i.HAL_Delay         stm32f7xx_hal.o
    0x08000ff8   0x08000ff8   0x00000248   Code   RO         2583    i.HAL_GPIO_Init     stm32f7xx_hal_gpio.o
    0x08001240   0x08001240   0x00000010   Code   RO         2586    i.HAL_GPIO_TogglePin  stm32f7xx_hal_gpio.o
    0x08001250   0x08001250   0x0000000a   Code   RO         2587    i.HAL_GPIO_WritePin  stm32f7xx_hal_gpio.o
    0x0800125a   0x0800125a   0x00000002   PAD
    0x0800125c   0x0800125c   0x0000000c   Code   RO         3024    i.HAL_GetTick       stm32f7xx_hal.o
    0x08001268   0x08001268   0x00000010   Code   RO         3030    i.HAL_IncTick       stm32f7xx_hal.o
    0x08001278   0x08001278   0x00000016   Code   RO         3031    i.HAL_Init          stm32f7xx_hal.o
    0x0800128e   0x0800128e   0x00000002   PAD
    0x08001290   0x08001290   0x00000040   Code   RO         3032    i.HAL_InitTick      stm32f7xx_hal.o
    0x080012d0   0x080012d0   0x00000030   Code   RO          574    i.HAL_MspInit       stm32f7xx_hal_msp.o
    0x08001300   0x08001300   0x0000001a   Code   RO         1111    i.HAL_NVIC_EnableIRQ  stm32f7xx_hal_cortex.o
    0x0800131a   0x0800131a   0x00000002   PAD
    0x0800131c   0x0800131c   0x00000040   Code   RO         1117    i.HAL_NVIC_SetPriority  stm32f7xx_hal_cortex.o
    0x0800135c   0x0800135c   0x00000024   Code   RO         1118    i.HAL_NVIC_SetPriorityGrouping  stm32f7xx_hal_cortex.o
    0x08001380   0x08001380   0x0000006c   Code   RO         2923    i.HAL_PWREx_EnableOverDrive  stm32f7xx_hal_pwr_ex.o
    0x080013ec   0x080013ec   0x000004fc   Code   RO         2344    i.HAL_RCCEx_PeriphCLKConfig  stm32f7xx_hal_rcc_ex.o
    0x080018e8   0x080018e8   0x00000130   Code   RO         2237    i.HAL_RCC_ClockConfig  stm32f7xx_hal_rcc.o
    0x08001a18   0x08001a18   0x00000020   Code   RO         2244    i.HAL_RCC_GetPCLK1Freq  stm32f7xx_hal_rcc.o
    0x08001a38   0x08001a38   0x00000020   Code   RO         2245    i.HAL_RCC_GetPCLK2Freq  stm32f7xx_hal_rcc.o
    0x08001a58   0x08001a58   0x00000064   Code   RO         2246    i.HAL_RCC_GetSysClockFreq  stm32f7xx_hal_rcc.o
    0x08001abc   0x08001abc   0x00000384   Code   RO         2249    i.HAL_RCC_OscConfig  stm32f7xx_hal_rcc.o
    0x08001e40   0x08001e40   0x00000026   Code   RO         1122    i.HAL_SYSTICK_Config  stm32f7xx_hal_cortex.o
    0x08001e66   0x08001e66   0x00000002   Code   RO         1957    i.HAL_TIMEx_Break2Callback  stm32f7xx_hal_tim_ex.o
    0x08001e68   0x08001e68   0x00000002   Code   RO         1958    i.HAL_TIMEx_BreakCallback  stm32f7xx_hal_tim_ex.o
    0x08001e6a   0x08001e6a   0x00000002   Code   RO         1959    i.HAL_TIMEx_CommutCallback  stm32f7xx_hal_tim_ex.o
    0x08001e6c   0x08001e6c   0x000000a4   Code   RO         1978    i.HAL_TIMEx_MasterConfigSynchronization  stm32f7xx_hal_tim_ex.o
    0x08001f10   0x08001f10   0x00000062   Code   RO         1243    i.HAL_TIM_Base_Init  stm32f7xx_hal_tim.o
    0x08001f72   0x08001f72   0x00000002   PAD
    0x08001f74   0x08001f74   0x000000b0   Code   RO          289    i.HAL_TIM_Base_MspInit  tim.o
    0x08002024   0x08002024   0x0000008c   Code   RO         1248    i.HAL_TIM_Base_Start_IT  stm32f7xx_hal_tim.o
    0x080020b0   0x080020b0   0x000000e0   Code   RO         1252    i.HAL_TIM_ConfigClockSource  stm32f7xx_hal_tim.o
    0x08002190   0x08002190   0x00000002   Code   RO         1277    i.HAL_TIM_IC_CaptureCallback  stm32f7xx_hal_tim.o
    0x08002192   0x08002192   0x00000182   Code   RO         1291    i.HAL_TIM_IRQHandler  stm32f7xx_hal_tim.o
    0x08002314   0x08002314   0x00000002   Code   RO         1294    i.HAL_TIM_OC_DelayElapsedCallback  stm32f7xx_hal_tim.o
    0x08002316   0x08002316   0x00000002   Code   RO         1321    i.HAL_TIM_PWM_PulseFinishedCallback  stm32f7xx_hal_tim.o
    0x08002318   0x08002318   0x000000dc   Code   RO           18    i.HAL_TIM_PeriodElapsedCallback  main.o
    0x080023f4   0x080023f4   0x00000002   Code   RO         1334    i.HAL_TIM_TriggerCallback  stm32f7xx_hal_tim.o
    0x080023f6   0x080023f6   0x00000002   Code   RO         3802    i.HAL_UARTEx_RxEventCallback  stm32f7xx_hal_uart.o
    0x080023f8   0x080023f8   0x0000008c   Code   RO         3814    i.HAL_UART_DMAStop  stm32f7xx_hal_uart.o
    0x08002484   0x08002484   0x00000002   Code   RO         3818    i.HAL_UART_ErrorCallback  stm32f7xx_hal_uart.o
    0x08002486   0x08002486   0x00000002   PAD
    0x08002488   0x08002488   0x00000298   Code   RO         3821    i.HAL_UART_IRQHandler  stm32f7xx_hal_uart.o
    0x08002720   0x08002720   0x00000066   Code   RO         3822    i.HAL_UART_Init     stm32f7xx_hal_uart.o
    0x08002786   0x08002786   0x00000002   PAD
    0x08002788   0x08002788   0x000002c0   Code   RO          349    i.HAL_UART_MspInit  usart.o
    0x08002a48   0x08002a48   0x0000003c   Code   RO         3826    i.HAL_UART_Receive_DMA  stm32f7xx_hal_uart.o
    0x08002a84   0x08002a84   0x00000002   Code   RO         3829    i.HAL_UART_RxCpltCallback  stm32f7xx_hal_uart.o
    0x08002a86   0x08002a86   0x00000002   Code   RO         3830    i.HAL_UART_RxHalfCpltCallback  stm32f7xx_hal_uart.o
    0x08002a88   0x08002a88   0x000000a2   Code   RO         3831    i.HAL_UART_Transmit  stm32f7xx_hal_uart.o
    0x08002b2a   0x08002b2a   0x00000002   Code   RO         3834    i.HAL_UART_TxCpltCallback  stm32f7xx_hal_uart.o
    0x08002b2c   0x08002b2c   0x00000002   Code   RO          432    i.HardFault_Handler  stm32f7xx_it.o
    0x08002b2e   0x08002b2e   0x00000002   PAD
    0x08002b30   0x08002b30   0x00000040   Code   RO          946    i.I2C_Start         oled.o
    0x08002b70   0x08002b70   0x00000030   Code   RO          947    i.I2C_Stop          oled.o
    0x08002ba0   0x08002ba0   0x00000038   Code   RO          948    i.I2C_WaitAck       oled.o
    0x08002bd8   0x08002bd8   0x0000000a   Code   RO          949    i.IIC_delay         oled.o
    0x08002be2   0x08002be2   0x00000002   PAD
    0x08002be4   0x08002be4   0x0000006c   Code   RO          264    i.MX_DMA_Init       dma.o
    0x08002c50   0x08002c50   0x000000d8   Code   RO          240    i.MX_GPIO_Init      gpio.o
    0x08002d28   0x08002d28   0x00000068   Code   RO          290    i.MX_TIM2_Init      tim.o
    0x08002d90   0x08002d90   0x00000068   Code   RO          291    i.MX_TIM3_Init      tim.o
    0x08002df8   0x08002df8   0x00000068   Code   RO          292    i.MX_TIM4_Init      tim.o
    0x08002e60   0x08002e60   0x00000068   Code   RO          293    i.MX_TIM5_Init      tim.o
    0x08002ec8   0x08002ec8   0x0000003c   Code   RO          350    i.MX_USART1_UART_Init  usart.o
    0x08002f04   0x08002f04   0x0000003c   Code   RO          351    i.MX_USART2_UART_Init  usart.o
    0x08002f40   0x08002f40   0x0000003c   Code   RO          352    i.MX_USART3_UART_Init  usart.o
    0x08002f7c   0x08002f7c   0x0000003c   Code   RO          353    i.MX_USART6_UART_Init  usart.o
    0x08002fb8   0x08002fb8   0x00000002   Code   RO          433    i.MemManage_Handler  stm32f7xx_it.o
    0x08002fba   0x08002fba   0x00000002   Code   RO          434    i.NMI_Handler       stm32f7xx_it.o
    0x08002fbc   0x08002fbc   0x0000002c   Code   RO          950    i.OLED_Clear        oled.o
    0x08002fe8   0x08002fe8   0x00000018   Code   RO          951    i.OLED_ColorTurn    oled.o
    0x08003000   0x08003000   0x0000002c   Code   RO          954    i.OLED_DisplayTurn  oled.o
    0x0800302c   0x0800302c   0x0000002c   Code   RO          957    i.OLED_DrawPoint    oled.o
    0x08003058   0x08003058   0x000000ea   Code   RO          958    i.OLED_Init         oled.o
    0x08003142   0x08003142   0x00000002   PAD
    0x08003144   0x08003144   0x00000068   Code   RO          960    i.OLED_Refresh      oled.o
    0x080031ac   0x080031ac   0x000000ec   Code   RO          962    i.OLED_ShowChar     oled.o
    0x08003298   0x08003298   0x0000003c   Code   RO          966    i.OLED_ShowString   oled.o
    0x080032d4   0x080032d4   0x00000036   Code   RO          967    i.OLED_WR_Byte      oled.o
    0x0800330a   0x0800330a   0x00000002   Code   RO          435    i.PendSV_Handler    stm32f7xx_it.o
    0x0800330c   0x0800330c   0x000000a4   Code   RO           19    i.ResponseCommandMessage  main.o
    0x080033b0   0x080033b0   0x000000a4   Code   RO           20    i.ResponseFlagMessage  main.o
    0x08003454   0x08003454   0x00000002   Code   RO          436    i.SVC_Handler       stm32f7xx_it.o
    0x08003456   0x08003456   0x00000002   PAD
    0x08003458   0x08003458   0x00000048   Code   RO          968    i.Send_Byte         oled.o
    0x080034a0   0x080034a0   0x00000004   Code   RO          437    i.SysTick_Handler   stm32f7xx_it.o
    0x080034a4   0x080034a4   0x000000a0   Code   RO           21    i.SystemClock_Config  main.o
    0x08003544   0x08003544   0x00000010   Code   RO         4240    i.SystemInit        system_stm32f7xx.o
    0x08003554   0x08003554   0x0000000c   Code   RO          438    i.TIM2_IRQHandler   stm32f7xx_it.o
    0x08003560   0x08003560   0x0000000c   Code   RO          439    i.TIM3_IRQHandler   stm32f7xx_it.o
    0x0800356c   0x0800356c   0x0000000c   Code   RO          440    i.TIM4_IRQHandler   stm32f7xx_it.o
    0x08003578   0x08003578   0x0000000c   Code   RO          441    i.TIM5_IRQHandler   stm32f7xx_it.o
    0x08003584   0x08003584   0x000000cc   Code   RO         1336    i.TIM_Base_SetConfig  stm32f7xx_hal_tim.o
    0x08003650   0x08003650   0x00000012   Code   RO         1347    i.TIM_ETR_SetConfig  stm32f7xx_hal_tim.o
    0x08003662   0x08003662   0x00000010   Code   RO         1348    i.TIM_ITRx_SetConfig  stm32f7xx_hal_tim.o
    0x08003672   0x08003672   0x00000022   Code   RO         1356    i.TIM_TI1_ConfigInputStage  stm32f7xx_hal_tim.o
    0x08003694   0x08003694   0x00000024   Code   RO         1358    i.TIM_TI2_ConfigInputStage  stm32f7xx_hal_tim.o
    0x080036b8   0x080036b8   0x000000c8   Code   RO         3836    i.UART_AdvFeatureConfig  stm32f7xx_hal_uart.o
    0x08003780   0x08003780   0x00000044   Code   RO         3837    i.UART_CheckIdleState  stm32f7xx_hal_uart.o
    0x080037c4   0x080037c4   0x00000014   Code   RO         3838    i.UART_DMAAbortOnError  stm32f7xx_hal_uart.o
    0x080037d8   0x080037d8   0x0000004c   Code   RO         3839    i.UART_DMAError     stm32f7xx_hal_uart.o
    0x08003824   0x08003824   0x00000082   Code   RO         3840    i.UART_DMAReceiveCplt  stm32f7xx_hal_uart.o
    0x080038a6   0x080038a6   0x00000020   Code   RO         3842    i.UART_DMARxHalfCplt  stm32f7xx_hal_uart.o
    0x080038c6   0x080038c6   0x0000004c   Code   RO         3848    i.UART_EndRxTransfer  stm32f7xx_hal_uart.o
    0x08003912   0x08003912   0x00000018   Code   RO         3849    i.UART_EndTxTransfer  stm32f7xx_hal_uart.o
    0x0800392a   0x0800392a   0x00000002   PAD
    0x0800392c   0x0800392c   0x00000230   Code   RO         3852    i.UART_SetConfig    stm32f7xx_hal_uart.o
    0x08003b5c   0x08003b5c   0x000000a0   Code   RO         3853    i.UART_Start_Receive_DMA  stm32f7xx_hal_uart.o
    0x08003bfc   0x08003bfc   0x000000ca   Code   RO         3857    i.UART_WaitOnFlagUntilTimeout  stm32f7xx_hal_uart.o
    0x08003cc6   0x08003cc6   0x00000002   PAD
    0x08003cc8   0x08003cc8   0x00000018   Code   RO          442    i.USART1_IRQHandler  stm32f7xx_it.o
    0x08003ce0   0x08003ce0   0x00000018   Code   RO          443    i.USART2_IRQHandler  stm32f7xx_it.o
    0x08003cf8   0x08003cf8   0x00000018   Code   RO          444    i.USART3_IRQHandler  stm32f7xx_it.o
    0x08003d10   0x08003d10   0x00000018   Code   RO          445    i.USART6_IRQHandler  stm32f7xx_it.o
    0x08003d28   0x08003d28   0x00000060   Code   RO           22    i.USER_UART_IDLECallback  main.o
    0x08003d88   0x08003d88   0x0000009c   Code   RO           23    i.USER_UART_IRQHandler  main.o
    0x08003e24   0x08003e24   0x00000002   Code   RO          446    i.UsageFault_Handler  stm32f7xx_it.o
    0x08003e26   0x08003e26   0x00000002   PAD
    0x08003e28   0x08003e28   0x00000020   Code   RO         4560    i.__0printf         mc_w.l(printfa.o)
    0x08003e48   0x08003e48   0x00000028   Code   RO         4562    i.__0sprintf        mc_w.l(printfa.o)
    0x08003e70   0x08003e70   0x00000030   Code   RO         4644    i.__ARM_fpclassify  m_wm.l(fpclassify.o)
    0x08003ea0   0x08003ea0   0x00000022   Code   RO         1124    i.__NVIC_SetPriority  stm32f7xx_hal_cortex.o
    0x08003ec2   0x08003ec2   0x00000006   PAD
    0x08003ec8   0x08003ec8   0x00000c50   Code   RO         4286    i.__hardfp_pow      m_wm.l(pow.o)
    0x08004b18   0x08004b18   0x000000f8   Code   RO         4646    i.__kernel_poly     m_wm.l(poly.o)
    0x08004c10   0x08004c10   0x00000030   Code   RO         4630    i.__mathlib_dbl_divzero  m_wm.l(dunder.o)
    0x08004c40   0x08004c40   0x00000014   Code   RO         4632    i.__mathlib_dbl_infnan2  m_wm.l(dunder.o)
    0x08004c54   0x08004c54   0x00000004   PAD
    0x08004c58   0x08004c58   0x00000020   Code   RO         4633    i.__mathlib_dbl_invalid  m_wm.l(dunder.o)
    0x08004c78   0x08004c78   0x00000020   Code   RO         4634    i.__mathlib_dbl_overflow  m_wm.l(dunder.o)
    0x08004c98   0x08004c98   0x00000020   Code   RO         4636    i.__mathlib_dbl_underflow  m_wm.l(dunder.o)
    0x08004cb8   0x08004cb8   0x0000000e   Code   RO         4712    i.__scatterload_copy  mc_w.l(handlers.o)
    0x08004cc6   0x08004cc6   0x00000002   Code   RO         4713    i.__scatterload_null  mc_w.l(handlers.o)
    0x08004cc8   0x08004cc8   0x0000000e   Code   RO         4714    i.__scatterload_zeroinit  mc_w.l(handlers.o)
    0x08004cd6   0x08004cd6   0x00000002   PAD
    0x08004cd8   0x08004cd8   0x0000000c   Code   RO         4690    i.__set_errno       mc_w.l(errno.o)
    0x08004ce4   0x08004ce4   0x00000184   Code   RO         4567    i._fp_digits        mc_w.l(printfa.o)
    0x08004e68   0x08004e68   0x000006b4   Code   RO         4568    i._printf_core      mc_w.l(printfa.o)
    0x0800551c   0x0800551c   0x00000024   Code   RO         4569    i._printf_post_padding  mc_w.l(printfa.o)
    0x08005540   0x08005540   0x0000002e   Code   RO         4570    i._printf_pre_padding  mc_w.l(printfa.o)
    0x0800556e   0x0800556e   0x0000000a   Code   RO         4572    i._sputc            mc_w.l(printfa.o)
    0x08005578   0x08005578   0x00000048   Code   RO          612    i.cJSON_Delete      cjson.o
    0x080055c0   0x080055c0   0x00000012   Code   RO          618    i.cJSON_GetArrayItem  cjson.o
    0x080055d2   0x080055d2   0x00000010   Code   RO          619    i.cJSON_GetArraySize  cjson.o
    0x080055e2   0x080055e2   0x0000001c   Code   RO          621    i.cJSON_GetObjectItem  cjson.o
    0x080055fe   0x080055fe   0x00000002   PAD
    0x08005600   0x08005600   0x0000001c   Code   RO          625    i.cJSON_New_Item    cjson.o
    0x0800561c   0x0800561c   0x00000008   Code   RO          626    i.cJSON_Parse       cjson.o
    0x08005624   0x08005624   0x00000060   Code   RO          627    i.cJSON_ParseWithOpts  cjson.o
    0x08005684   0x08005684   0x00000042   Code   RO          633    i.cJSON_strcasecmp  cjson.o
    0x080056c6   0x080056c6   0x00000018   Code   RO         4276    i.fabs              m_wm.l(fabs.o)
    0x080056de   0x080056de   0x00000002   PAD
    0x080056e0   0x080056e0   0x00000020   Code   RO          354    i.fputc             usart.o
    0x08005700   0x08005700   0x00000050   Code   RO         4588    i.free              mc_w.l(malloc.o)
    0x08005750   0x08005750   0x00000400   Code   RO           24    i.main              main.o
    0x08005b50   0x08005b50   0x0000006c   Code   RO         4589    i.malloc            mc_w.l(malloc.o)
    0x08005bbc   0x08005bbc   0x00000078   Code   RO          637    i.parse_array       cjson.o
    0x08005c34   0x08005c34   0x000000a6   Code   RO          638    i.parse_hex4        cjson.o
    0x08005cda   0x08005cda   0x00000002   PAD
    0x08005cdc   0x08005cdc   0x00000194   Code   RO          639    i.parse_number      cjson.o
    0x08005e70   0x08005e70   0x000000b4   Code   RO          640    i.parse_object      cjson.o
    0x08005f24   0x08005f24   0x00000184   Code   RO          641    i.parse_string      cjson.o
    0x080060a8   0x080060a8   0x000000b4   Code   RO          642    i.parse_value       cjson.o
    0x0800615c   0x0800615c   0x00000014   Code   RO          649    i.skip              cjson.o
    0x08006170   0x08006170   0x0000006e   Code   RO         4651    i.sqrt              m_wm.l(sqrt.o)
    0x080061de   0x080061de   0x00000002   PAD
    0x080061e0   0x080061e0   0x00000020   Code   RO          355    i.uart_L610_send    usart.o
    0x08006200   0x08006200   0x00000007   Data   RO          651    .constdata          cjson.o
    0x08006207   0x08006207   0x00001e10   Data   RO          970    .constdata          oled.o
    0x08008017   0x08008017   0x00000008   Data   RO         2661    .constdata          stm32f7xx_hal_dma.o
    0x0800801f   0x0800801f   0x00000010   Data   RO         4241    .constdata          system_stm32f7xx.o
    0x0800802f   0x0800802f   0x00000008   Data   RO         4242    .constdata          system_stm32f7xx.o
    0x08008037   0x08008037   0x00000001   PAD
    0x08008038   0x08008038   0x00000088   Data   RO         4289    .constdata          m_wm.l(pow.o)
    0x080080c0   0x080080c0   0x00000008   Data   RO         4648    .constdata          m_wm.l(qnan.o)
    0x080080c8   0x080080c8   0x0000010e   Data   RO           26    .conststring        main.o
    0x080081d6   0x080081d6   0x00000002   PAD
    0x080081d8   0x080081d8   0x00000020   Data   RO         4710    Region$$Table       anon$$obj.o


    Execution Region RW_IRAM1 (Exec base: 0x20000000, Load base: 0x080081f8, Size: 0x0000a8a8, Max: 0x00050000, ABSOLUTE, COMPRESSED[0x000000e8])

    Exec Addr    Load Addr    Size         Type   Attr      Idx    E Section Name        Object

    0x20000000   COMPRESSED   0x00000528   Data   RW           27    .data               main.o
    0x20000528   COMPRESSED   0x0000000c   Data   RW          652    .data               cjson.o
    0x20000534   COMPRESSED   0x0000000c   Data   RW         3038    .data               stm32f7xx_hal.o
    0x20000540   COMPRESSED   0x00000004   Data   RW         4243    .data               system_stm32f7xx.o
    0x20000544   COMPRESSED   0x00000004   Data   RW         4677    .data               mc_w.l(stdout.o)
    0x20000548   COMPRESSED   0x00000004   Data   RW         4686    .data               mc_w.l(mvars.o)
    0x2000054c   COMPRESSED   0x00000004   Data   RW         4687    .data               mc_w.l(mvars.o)
    0x20000550   COMPRESSED   0x00000004   Data   RW         4691    .data               mc_w.l(errno.o)
    0x20000554        -       0x00001200   Zero   RW           25    .bss                main.o
    0x20001754        -       0x00000130   Zero   RW          294    .bss                tim.o
    0x20001884        -       0x000003a0   Zero   RW          357    .bss                usart.o
    0x20001c24        -       0x00000480   Zero   RW          969    .bss                oled.o
    0x200020a4   COMPRESSED   0x00000004   PAD
    0x200020a8        -       0x00008000   Zero   RW            2    HEAP                startup_stm32f750xx.o
    0x2000a0a8        -       0x00000800   Zero   RW            1    STACK               startup_stm32f750xx.o


==============================================================================

Image component sizes


      Code (inc. data)   RO Data    RW Data    ZI Data      Debug   Object Name

      1790         96          7         12          0      14596   cjson.o
       108          4          0          0          0        862   dma.o
       216         22          0          0          0       1035   gpio.o
      2372        884        270       1320       4608     853114   main.o
      1094         52       7696          0       1152      10196   oled.o
        36          8        456          0      34816        852   startup_stm32f750xx.o
       150         24          0         12          0       9169   stm32f7xx_hal.o
       198         12          0          0          0      39091   stm32f7xx_hal_cortex.o
      1116         16          8          0          0       8145   stm32f7xx_hal_dma.o
       610         54          0          0          0       2973   stm32f7xx_hal_gpio.o
        48          6          0          0          0        878   stm32f7xx_hal_msp.o
       108          8          0          0          0       1300   stm32f7xx_hal_pwr_ex.o
      1368         68          0          0          0       5280   stm32f7xx_hal_rcc.o
      1276         16          0          0          0       2316   stm32f7xx_hal_rcc_ex.o
      1164         84          0          0          0      10465   stm32f7xx_hal_tim.o
       170         30          0          0          0       3188   stm32f7xx_hal_tim_ex.o
      2686         88          0          0          0      17774   stm32f7xx_hal_uart.o
       212         72          0          0          0      10330   stm32f7xx_it.o
        16          4         24          4          0       1175   system_stm32f7xx.o
       592         48          0          0        304       3973   tim.o
      1008         94          0          0        928       5734   usart.o

    ----------------------------------------------------------------------
     16382       1690       8496       1348      41812    1002446   Object Totals
         0          0         32          0          0          0   (incl. Generated)
        44          0          3          0          4          0   (incl. Padding)

    ----------------------------------------------------------------------

      Code (inc. data)   RO Data    RW Data    ZI Data      Debug   Library Member Name

       164         44          0          0          0        620   dunder.o
        24          0          0          0          0        124   fabs.o
        48          0          0          0          0        124   fpclassify.o
       248          0          0          0          0        152   poly.o
      3152        296        136          0          0        352   pow.o
         0          0          8          0          0          0   qnan.o
       110          0          0          0          0        148   sqrt.o
        94          0          0          0          0          0   __dclz77c.o
         0          0          0          0          0          0   entry.o
         0          0          0          0          0          0   entry10a.o
         0          0          0          0          0          0   entry11a.o
         4          0          0          0          0          0   entry12b.o
         8          4          0          0          0          0   entry2.o
         4          0          0          0          0          0   entry5.o
         0          0          0          0          0          0   entry7b.o
         0          0          0          0          0          0   entry8b.o
         8          4          0          0          0          0   entry9a.o
        12          6          0          4          0         68   errno.o
        30          0          0          0          0          0   handlers.o
        36          8          0          0          0         68   init.o
         0          0          0          0          0          0   iusefp.o
        30          0          0          0          0         68   llshl.o
        36          0          0          0          0         68   llsshr.o
        32          0          0          0          0         68   llushr.o
       188         20          0          0          0        160   malloc.o
        36          0          0          0          0        108   memseta.o
         0          0          0          8          0          0   mvars.o
      2268         96          0          0          0        616   printfa.o
         0          0          0          4          0          0   stdout.o
        24          0          0          0          0         68   strcat.o
        20          0          0          0          0         68   strchr.o
        18          0          0          0          0         68   strcpy.o
        14          0          0          0          0         68   strlen.o
        40          0          0          0          0         76   strncat.o
        30          0          0          0          0         80   strncmp.o
        36          0          0          0          0         80   strstr.o
        12          0          0          0          0         68   tolower.o
        44          0          0          0          0         80   uidiv.o
        98          0          0          0          0         92   uldiv.o
        48          0          0          0          0         68   cdrcmple.o
       334          0          0          0          0        148   dadd.o
       222          0          0          0          0        100   ddiv.o
       186          0          0          0          0        176   depilogue.o
        62          0          0          0          0         80   dfixi.o
        48          0          0          0          0         68   dfixul.o
        34          0          0          0          0         76   dflti.o
       228          0          0          0          0         96   dmul.o
        46          0          0          0          0         80   dscalb.o
       162          0          0          0          0        100   dsqrt.o

    ----------------------------------------------------------------------
      8250        478        144         16          0       4484   Library Totals
        12          0          0          0          0          0   (incl. Padding)

    ----------------------------------------------------------------------

      Code (inc. data)   RO Data    RW Data    ZI Data      Debug   Library Name

      3746        340        144          0          0       1520   m_wm.l
      3122        138          0         16          0       1972   mc_w.l
      1370          0          0          0          0        992   mf_w.l

    ----------------------------------------------------------------------
      8250        478        144         16          0       4484   Library Totals

    ----------------------------------------------------------------------

==============================================================================


      Code (inc. data)   RO Data    RW Data    ZI Data      Debug   

     24632       2168       8640       1364      41812     990902   Grand Totals
     24632       2168       8640        232      41812     990902   ELF Image Totals (compressed)
     24632       2168       8640        232          0          0   ROM Totals

==============================================================================

    Total RO  Size (Code + RO Data)                33272 (  32.49kB)
    Total RW  Size (RW Data + ZI Data)             43176 (  42.16kB)
    Total ROM Size (Code + RO Data + RW Data)      33504 (  32.72kB)

==============================================================================

