Component: ARM Compiler 5.06 update 7 (build 960) Tool: armlink [4d3601]

==============================================================================

Section Cross References

    startup_stm32f750xx.o(RESET) refers to startup_stm32f750xx.o(STACK) for __initial_sp
    startup_stm32f750xx.o(RESET) refers to startup_stm32f750xx.o(.text) for Reset_Handler
    startup_stm32f750xx.o(RESET) refers to stm32f7xx_it.o(i.NMI_Handler) for NMI_Handler
    startup_stm32f750xx.o(RESET) refers to stm32f7xx_it.o(i.HardFault_Handler) for HardFault_Handler
    startup_stm32f750xx.o(RESET) refers to stm32f7xx_it.o(i.MemManage_Handler) for MemManage_Handler
    startup_stm32f750xx.o(RESET) refers to stm32f7xx_it.o(i.BusFault_Handler) for BusFault_Handler
    startup_stm32f750xx.o(RESET) refers to stm32f7xx_it.o(i.UsageFault_Handler) for UsageFault_Handler
    startup_stm32f750xx.o(RESET) refers to stm32f7xx_it.o(i.SVC_Handler) for SVC_Handler
    startup_stm32f750xx.o(RESET) refers to stm32f7xx_it.o(i.DebugMon_Handler) for DebugMon_Handler
    startup_stm32f750xx.o(RESET) refers to stm32f7xx_it.o(i.PendSV_Handler) for PendSV_Handler
    startup_stm32f750xx.o(RESET) refers to stm32f7xx_it.o(i.SysTick_Handler) for SysTick_Handler
    startup_stm32f750xx.o(RESET) refers to stm32f7xx_it.o(i.DMA1_Stream1_IRQHandler) for DMA1_Stream1_IRQHandler
    startup_stm32f750xx.o(RESET) refers to stm32f7xx_it.o(i.DMA1_Stream5_IRQHandler) for DMA1_Stream5_IRQHandler
    startup_stm32f750xx.o(RESET) refers to stm32f7xx_it.o(i.TIM2_IRQHandler) for TIM2_IRQHandler
    startup_stm32f750xx.o(RESET) refers to stm32f7xx_it.o(i.TIM3_IRQHandler) for TIM3_IRQHandler
    startup_stm32f750xx.o(RESET) refers to stm32f7xx_it.o(i.TIM4_IRQHandler) for TIM4_IRQHandler
    startup_stm32f750xx.o(RESET) refers to stm32f7xx_it.o(i.USART1_IRQHandler) for USART1_IRQHandler
    startup_stm32f750xx.o(RESET) refers to stm32f7xx_it.o(i.USART2_IRQHandler) for USART2_IRQHandler
    startup_stm32f750xx.o(RESET) refers to stm32f7xx_it.o(i.USART3_IRQHandler) for USART3_IRQHandler
    startup_stm32f750xx.o(RESET) refers to stm32f7xx_it.o(i.TIM5_IRQHandler) for TIM5_IRQHandler
    startup_stm32f750xx.o(RESET) refers to stm32f7xx_it.o(i.DMA2_Stream1_IRQHandler) for DMA2_Stream1_IRQHandler
    startup_stm32f750xx.o(RESET) refers to stm32f7xx_it.o(i.DMA2_Stream2_IRQHandler) for DMA2_Stream2_IRQHandler
    startup_stm32f750xx.o(RESET) refers to stm32f7xx_it.o(i.USART6_IRQHandler) for USART6_IRQHandler
    startup_stm32f750xx.o(.text) refers to system_stm32f7xx.o(i.SystemInit) for SystemInit
    startup_stm32f750xx.o(.text) refers to entry.o(.ARM.Collect$$$$00000000) for __main
    cjson.o(i.cJSON_AddItemReferenceToArray) refers to cjson.o(i.create_reference) for create_reference
    cjson.o(i.cJSON_AddItemReferenceToArray) refers to cjson.o(i.cJSON_AddItemToArray) for cJSON_AddItemToArray
    cjson.o(i.cJSON_AddItemReferenceToObject) refers to cjson.o(i.create_reference) for create_reference
    cjson.o(i.cJSON_AddItemReferenceToObject) refers to cjson.o(i.cJSON_AddItemToObject) for cJSON_AddItemToObject
    cjson.o(i.cJSON_AddItemToObject) refers to cjson.o(i.cJSON_strdup) for cJSON_strdup
    cjson.o(i.cJSON_AddItemToObject) refers to cjson.o(i.cJSON_AddItemToArray) for cJSON_AddItemToArray
    cjson.o(i.cJSON_AddItemToObject) refers to cjson.o(.data) for .data
    cjson.o(i.cJSON_AddItemToObjectCS) refers to cjson.o(i.cJSON_AddItemToArray) for cJSON_AddItemToArray
    cjson.o(i.cJSON_AddItemToObjectCS) refers to cjson.o(.data) for .data
    cjson.o(i.cJSON_CreateArray) refers to cjson.o(i.cJSON_New_Item) for cJSON_New_Item
    cjson.o(i.cJSON_CreateBool) refers to cjson.o(i.cJSON_New_Item) for cJSON_New_Item
    cjson.o(i.cJSON_CreateDoubleArray) refers to cjson.o(i.cJSON_CreateArray) for cJSON_CreateArray
    cjson.o(i.cJSON_CreateDoubleArray) refers to cjson.o(i.cJSON_CreateNumber) for cJSON_CreateNumber
    cjson.o(i.cJSON_CreateFalse) refers to cjson.o(i.cJSON_New_Item) for cJSON_New_Item
    cjson.o(i.cJSON_CreateFloatArray) refers to cjson.o(i.cJSON_CreateArray) for cJSON_CreateArray
    cjson.o(i.cJSON_CreateFloatArray) refers to f2d.o(.text) for __aeabi_f2d
    cjson.o(i.cJSON_CreateFloatArray) refers to cjson.o(i.cJSON_CreateNumber) for cJSON_CreateNumber
    cjson.o(i.cJSON_CreateIntArray) refers to cjson.o(i.cJSON_CreateArray) for cJSON_CreateArray
    cjson.o(i.cJSON_CreateIntArray) refers to dflti.o(.text) for __aeabi_i2d
    cjson.o(i.cJSON_CreateIntArray) refers to cjson.o(i.cJSON_CreateNumber) for cJSON_CreateNumber
    cjson.o(i.cJSON_CreateNull) refers to cjson.o(i.cJSON_New_Item) for cJSON_New_Item
    cjson.o(i.cJSON_CreateNumber) refers to cjson.o(i.cJSON_New_Item) for cJSON_New_Item
    cjson.o(i.cJSON_CreateNumber) refers to dfixi.o(.text) for __aeabi_d2iz
    cjson.o(i.cJSON_CreateObject) refers to cjson.o(i.cJSON_New_Item) for cJSON_New_Item
    cjson.o(i.cJSON_CreateString) refers to cjson.o(i.cJSON_New_Item) for cJSON_New_Item
[...]
    .text                                    0x080005e0   Section       48  cdrcmple.o(.text)
    .text                                    0x08000610   Section        0  uidiv.o(.text)
    .text                                    0x0800063c   Section        0  llshl.o(.text)
    .text                                    0x0800065a   Section        0  llushr.o(.text)
    .text                                    0x0800067a   Section        0  llsshr.o(.text)
    .text                                    0x0800069e   Section        0  iusefp.o(.text)
    .text                                    0x0800069e   Section        0  depilogue.o(.text)
    .text                                    0x08000758   Section        0  ddiv.o(.text)
    .text                                    0x08000836   Section        0  dscalb.o(.text)
    .text                                    0x08000864   Section        0  dfixul.o(.text)
    .text                                    0x08000894   Section       36  init.o(.text)
    .text                                    0x080008b8   Section        0  dsqrt.o(.text)
    .text                                    0x0800095a   Section        0  __dclz77c.o(.text)
    i.BusFault_Handler                       0x080009b8   Section        0  stm32f7xx_it.o(i.BusFault_Handler)
    i.Clear_TotalBuffer                      0x080009bc   Section        0  main.o(i.Clear_TotalBuffer)
    i.Clear_cJSON                            0x080009e0   Section        0  main.o(i.Clear_cJSON)
    i.DMA1_Stream1_IRQHandler                0x08000a0c   Section        0  stm32f7xx_it.o(i.DMA1_Stream1_IRQHandler)
    i.DMA1_Stream5_IRQHandler                0x08000a18   Section        0  stm32f7xx_it.o(i.DMA1_Stream5_IRQHandler)
    i.DMA2_Stream1_IRQHandler                0x08000a24   Section        0  stm32f7xx_it.o(i.DMA2_Stream1_IRQHandler)
    i.DMA2_Stream2_IRQHandler                0x08000a30   Section        0  stm32f7xx_it.o(i.DMA2_Stream2_IRQHandler)
    i.DMA_CalcBaseAndBitshift                0x08000a3c   Section        0  stm32f7xx_hal_dma.o(i.DMA_CalcBaseAndBitshift)
    DMA_CalcBaseAndBitshift                  0x08000a3d   Thumb Code    34  stm32f7xx_hal_dma.o(i.DMA_CalcBaseAndBitshift)
    i.DMA_CheckFifoParam                     0x08000a64   Section        0  stm32f7xx_hal_dma.o(i.DMA_CheckFifoParam)
    DMA_CheckFifoParam                       0x08000a65   Thumb Code    84  stm32f7xx_hal_dma.o(i.DMA_CheckFifoParam)
    i.DMA_SetConfig                          0x08000ab8   Section        0  stm32f7xx_hal_dma.o(i.DMA_SetConfig)
    DMA_SetConfig                            0x08000ab9   Thumb Code    40  stm32f7xx_hal_dma.o(i.DMA_SetConfig)
    i.DebugMon_Handler                       0x08000ae0   Section        0  stm32f7xx_it.o(i.DebugMon_Handler)
    i.Error_Handler                          0x08000ae2   Section        0  main.o(i.Error_Handler)
    i.Generate_dynamicPart                   0x08000ae8   Section        0  main.o(i.Generate_dynamicPart)
    i.GetResponseMessage                     0x08000b54   Section        0  main.o(i.GetResponseMessage)
    i.GetcJSON_Object                        0x08000bf8   Section        0  main.o(i.GetcJSON_Object)
    i.HAL_DMA_Abort                          0x08000d04   Section        0  stm32f7xx_hal_dma.o(i.HAL_DMA_Abort)
    i.HAL_DMA_Abort_IT                       0x08000d96   Section        0  stm32f7xx_hal_dma.o(i.HAL_DMA_Abort_IT)
    i.HAL_DMA_GetError                       0x08000dba   Section        0  stm32f7xx_hal_dma.o(i.HAL_DMA_GetError)
    i.HAL_DMA_IRQHandler                     0x08000dc0   Section        0  stm32f7xx_hal_dma.o(i.HAL_DMA_IRQHandler)
    i.HAL_DMA_Init                           0x08000f60   Section        0  stm32f7xx_hal_dma.o(i.HAL_DMA_Init)
    i.HAL_DMA_Start_IT                       0x08001044   Section        0  stm32f7xx_hal_dma.o(i.HAL_DMA_Start_IT)
    i.HAL_Delay                              0x080010c0   Section        0  stm32f7xx_hal.o(i.HAL_Delay)
    i.HAL_GPIO_Init                          0x080010e4   Section        0  stm32f7xx_hal_gpio.o(i.HAL_GPIO_Init)
    i.HAL_GPIO_TogglePin                     0x0800132c   Section        0  stm32f7xx_hal_gpio.o(i.HAL_GPIO_TogglePin)
    i.HAL_GPIO_WritePin                      0x0800133c   Section        0  stm32f7xx_hal_gpio.o(i.HAL_GPIO_WritePin)
    i.HAL_GetTick                            0x08001348   Section        0  stm32f7xx_hal.o(i.HAL_GetTick)
    i.HAL_IncTick                            0x08001354   Section        0  stm32f7xx_hal.o(i.HAL_IncTick)
    i.HAL_Init                               0x08001364   Section        0  stm32f7xx_hal.o(i.HAL_Init)
    i.HAL_InitTick                           0x0800137c   Section        0  stm32f7xx_hal.o(i.HAL_InitTick)
    i.HAL_MspInit                            0x080013bc   Section        0  stm32f7xx_hal_msp.o(i.HAL_MspInit)
    i.HAL_NVIC_EnableIRQ                     0x080013ec   Section        0  stm32f7xx_hal_cortex.o(i.HAL_NVIC_EnableIRQ)
    i.HAL_NVIC_SetPriority                   0x08001408   Section        0  stm32f7xx_hal_cortex.o(i.HAL_NVIC_SetPriority)
    i.HAL_NVIC_SetPriorityGrouping           0x08001448   Section        0  stm32f7xx_hal_cortex.o(i.HAL_NVIC_SetPriorityGrouping)
    i.HAL_PWREx_EnableOverDrive              0x0800146c   Section        0  stm32f7xx_hal_pwr_ex.o(i.HAL_PWREx_EnableOverDrive)
    i.HAL_RCCEx_PeriphCLKConfig              0x080014d8   Section        0  stm32f7xx_hal_rcc_ex.o(i.HAL_RCCEx_PeriphCLKConfig)
    i.HAL_RCC_ClockConfig                    0x080019d4   Section        0  stm32f7xx_hal_rcc.o(i.HAL_RCC_ClockConfig)
    i.HAL_RCC_GetPCLK1Freq                   0x08001b04   Section        0  stm32f7xx_hal_rcc.o(i.HAL_RCC_GetPCLK1Freq)
    i.HAL_RCC_GetPCLK2Freq                   0x08001b24   Section        0  stm32f7xx_hal_rcc.o(i.HAL_RCC_GetPCLK2Freq)
    i.HAL_RCC_GetSysClockFreq                0x08001b44   Section        0  stm32f7xx_hal_rcc.o(i.HAL_RCC_GetSysClockFreq)
    i.HAL_RCC_OscConfig                      0x08001ba8   Section        0  stm32f7xx_hal_rcc.o(i.HAL_RCC_OscConfig)
    i.HAL_SYSTICK_Config                     0x08001f2c   Section        0  stm32f7xx_hal_cortex.o(i.HAL_SYSTICK_Config)
    i.HAL_TIMEx_Break2Callback               0x08001f52   Section        0  stm32f7xx_hal_tim_ex.o(i.HAL_TIMEx_Break2Callback)
    i.HAL_TIMEx_BreakCallback                0x08001f54   Section        0  stm32f7xx_hal_tim_ex.o(i.HAL_TIMEx_BreakCallback)
    i.HAL_TIMEx_CommutCallback               0x08001f56   Section        0  stm32f7xx_hal_tim_ex.o(i.HAL_TIMEx_CommutCallback)
    i.HAL_TIMEx_MasterConfigSynchronization  0x08001f58   Section        0  stm32f7xx_hal_tim_ex.o(i.HAL_TIMEx_MasterConfigSynchronization)
    i.HAL_TIM_Base_Init                      0x08001ffc   Section        0  stm32f7xx_hal_tim.o(i.HAL_TIM_Base_Init)
    i.HAL_TIM_Base_MspInit                   0x08002060   Section        0  tim.o(i.HAL_TIM_Base_MspInit)
    i.HAL_TIM_Base_Start_IT                  0x08002110   Section        0  stm32f7xx_hal_tim.o(i.HAL_TIM_Base_Start_IT)
    i.HAL_TIM_ConfigClockSource              0x0800219c   Section        0  stm32f7xx_hal_tim.o(i.HAL_TIM_ConfigClockSource)
    i.HAL_TIM_IC_CaptureCallback             0x0800227c   Section        0  stm32f7xx_hal_tim.o(i.HAL_TIM_IC_CaptureCallback)
    i.HAL_TIM_IRQHandler                     0x0800227e   Section        0  stm32f7xx_hal_tim.o(i.HAL_TIM_IRQHandler)
    i.HAL_TIM_OC_DelayElapsedCallback        0x08002400   Section        0  stm32f7xx_hal_tim.o(i.HAL_TIM_OC_DelayElapsedCallback)
    i.HAL_TIM_PWM_PulseFinishedCallback      0x08002402   Section        0  stm32f7xx_hal_tim.o(i.HAL_TIM_PWM_PulseFinishedCallback)
    i.HAL_TIM_PeriodElapsedCallback          0x08002404   Section        0  main.o(i.HAL_TIM_PeriodElapsedCallback)
    i.HAL_TIM_TriggerCallback                0x08002490   Section        0  stm32f7xx_hal_tim.o(i.HAL_TIM_TriggerCallback)
    i.HAL_UARTEx_RxEventCallback             0x08002492   Section        0  stm32f7xx_hal_uart.o(i.HAL_UARTEx_RxEventCallback)
    i.HAL_UART_DMAStop                       0x08002494   Section        0  stm32f7xx_hal_uart.o(i.HAL_UART_DMAStop)
    i.HAL_UART_ErrorCallback                 0x08002520   Section        0  stm32f7xx_hal_uart.o(i.HAL_UART_ErrorCallback)
    i.HAL_UART_IRQHandler                    0x08002524   Section        0  stm32f7xx_hal_uart.o(i.HAL_UART_IRQHandler)
    i.HAL_UART_Init                          0x080027bc   Section        0  stm32f7xx_hal_uart.o(i.HAL_UART_Init)
    i.HAL_UART_MspInit                       0x08002824   Section        0  usart.o(i.HAL_UART_MspInit)
    i.HAL_UART_Receive_DMA                   0x08002ae4   Section        0  stm32f7xx_hal_uart.o(i.HAL_UART_Receive_DMA)
    i.HAL_UART_RxCpltCallback                0x08002b20   Section        0  stm32f7xx_hal_uart.o(i.HAL_UART_RxCpltCallback)
    i.HAL_UART_RxHalfCpltCallback            0x08002b22   Section        0  stm32f7xx_hal_uart.o(i.HAL_UART_RxHalfCpltCallback)
    i.HAL_UART_Transmit                      0x08002b24   Section        0  stm32f7xx_hal_uart.o(i.HAL_UART_Transmit)
    i.HAL_UART_TxCpltCallback                0x08002bc6   Section        0  stm32f7xx_hal_uart.o(i.HAL_UART_TxCpltCallback)
    i.HardFault_Handler                      0x08002bc8   Section        0  stm32f7xx_it.o(i.HardFault_Handler)
    i.MX_DMA_Init                            0x08002bcc   Section        0  dma.o(i.MX_DMA_Init)
    i.MX_GPIO_Init                           0x08002c38   Section        0  gpio.o(i.MX_GPIO_Init)
    i.MX_TIM2_Init                           0x08002cd8   Section        0  tim.o(i.MX_TIM2_Init)
    i.MX_TIM3_Init                           0x08002d40   Section        0  tim.o(i.MX_TIM3_Init)
    i.MX_TIM4_Init                           0x08002da8   Section        0  tim.o(i.MX_TIM4_Init)
    i.MX_TIM5_Init                           0x08002e10   Section        0  tim.o(i.MX_TIM5_Init)
    i.MX_USART1_UART_Init                    0x08002e78   Section        0  usart.o(i.MX_USART1_UART_Init)
    i.MX_USART2_UART_Init                    0x08002eb4   Section        0  usart.o(i.MX_USART2_UART_Init)
    i.MX_USART3_UART_Init                    0x08002ef0   Section        0  usart.o(i.MX_USART3_UART_Init)
    i.MX_USART6_UART_Init                    0x08002f2c   Section        0  usart.o(i.MX_USART6_UART_Init)
    i.MemManage_Handler                      0x08002f68   Section        0  stm32f7xx_it.o(i.MemManage_Handler)
    i.NMI_Handler                            0x08002f6a   Section        0  stm32f7xx_it.o(i.NMI_Handler)
    i.PendSV_Handler                         0x08002f6c   Section        0  stm32f7xx_it.o(i.PendSV_Handler)
    i.SVC_Handler                            0x08002f6e   Section        0  stm32f7xx_it.o(i.SVC_Handler)
    i.SysTick_Handler                        0x08002f70   Section        0  stm32f7xx_it.o(i.SysTick_Handler)
    i.SystemClock_Config                     0x08002f74   Section        0  main.o(i.SystemClock_Config)
    i.SystemInit                             0x08003014   Section        0  system_stm32f7xx.o(i.SystemInit)
    i.TIM2_IRQHandler                        0x08003024   Section        0  stm32f7xx_it.o(i.TIM2_IRQHandler)
    i.TIM3_IRQHandler                        0x08003030   Section        0  stm32f7xx_it.o(i.TIM3_IRQHandler)
    i.TIM4_IRQHandler                        0x0800303c   Section        0  stm32f7xx_it.o(i.TIM4_IRQHandler)
    i.TIM5_IRQHandler                        0x08003048   Section        0  stm32f7xx_it.o(i.TIM5_IRQHandler)
    i.TIM_Base_SetConfig                     0x08003054   Section        0  stm32f7xx_hal_tim.o(i.TIM_Base_SetConfig)
    i.TIM_ETR_SetConfig                      0x08003120   Section        0  stm32f7xx_hal_tim.o(i.TIM_ETR_SetConfig)
    i.TIM_ITRx_SetConfig                     0x08003132   Section        0  stm32f7xx_hal_tim.o(i.TIM_ITRx_SetConfig)
    TIM_ITRx_SetConfig                       0x08003133   Thumb Code    16  stm32f7xx_hal_tim.o(i.TIM_ITRx_SetConfig)
    i.TIM_TI1_ConfigInputStage               0x08003142   Section        0  stm32f7xx_hal_tim.o(i.TIM_TI1_ConfigInputStage)
    TIM_TI1_ConfigInputStage                 0x08003143   Thumb Code    34  stm32f7xx_hal_tim.o(i.TIM_TI1_ConfigInputStage)
    i.TIM_TI2_ConfigInputStage               0x08003164   Section        0  stm32f7xx_hal_tim.o(i.TIM_TI2_ConfigInputStage)
    TIM_TI2_ConfigInputStage                 0x08003165   Thumb Code    36  stm32f7xx_hal_tim.o(i.TIM_TI2_ConfigInputStage)
    i.UART_AdvFeatureConfig                  0x08003188   Section        0  stm32f7xx_hal_uart.o(i.UART_AdvFeatureConfig)
    i.UART_CheckIdleState                    0x08003250   Section        0  stm32f7xx_hal_uart.o(i.UART_CheckIdleState)
    i.UART_DMAAbortOnError                   0x08003294   Section        0  stm32f7xx_hal_uart.o(i.UART_DMAAbortOnError)
    UART_DMAAbortOnError                     0x08003295   Thumb Code    20  stm32f7xx_hal_uart.o(i.UART_DMAAbortOnError)
    i.UART_DMAError                          0x080032a8   Section        0  stm32f7xx_hal_uart.o(i.UART_DMAError)
    UART_DMAError                            0x080032a9   Thumb Code    76  stm32f7xx_hal_uart.o(i.UART_DMAError)
    i.UART_DMAReceiveCplt                    0x080032f4   Section        0  stm32f7xx_hal_uart.o(i.UART_DMAReceiveCplt)
    UART_DMAReceiveCplt                      0x080032f5   Thumb Code   130  stm32f7xx_hal_uart.o(i.UART_DMAReceiveCplt)
    i.UART_DMARxHalfCplt                     0x08003376   Section        0  stm32f7xx_hal_uart.o(i.UART_DMARxHalfCplt)
    UART_DMARxHalfCplt                       0x08003377   Thumb Code    32  stm32f7xx_hal_uart.o(i.UART_DMARxHalfCplt)
    i.UART_EndRxTransfer                     0x08003396   Section        0  stm32f7xx_hal_uart.o(i.UART_EndRxTransfer)
    UART_EndRxTransfer                       0x08003397   Thumb Code    76  stm32f7xx_hal_uart.o(i.UART_EndRxTransfer)
    i.UART_EndTxTransfer                     0x080033e2   Section        0  stm32f7xx_hal_uart.o(i.UART_EndTxTransfer)
    UART_EndTxTransfer                       0x080033e3   Thumb Code    24  stm32f7xx_hal_uart.o(i.UART_EndTxTransfer)
    i.UART_SetConfig                         0x080033fc   Section        0  stm32f7xx_hal_uart.o(i.UART_SetConfig)
    i.UART_Start_Receive_DMA                 0x0800362c   Section        0  stm32f7xx_hal_uart.o(i.UART_Start_Receive_DMA)
    i.UART_WaitOnFlagUntilTimeout            0x080036cc   Section        0  stm32f7xx_hal_uart.o(i.UART_WaitOnFlagUntilTimeout)
    i.USART1_IRQHandler                      0x08003798   Section        0  stm32f7xx_it.o(i.USART1_IRQHandler)
    i.USART2_IRQHandler                      0x080037b0   Section        0  stm32f7xx_it.o(i.USART2_IRQHandler)
    i.USART3_IRQHandler                      0x080037c8   Section        0  stm32f7xx_it.o(i.USART3_IRQHandler)
    i.USART6_IRQHandler                      0x080037e0   Section        0  stm32f7xx_it.o(i.USART6_IRQHandler)
    i.USER_UART_IDLECallback                 0x080037f8   Section        0  main.o(i.USER_UART_IDLECallback)
    i.USER_UART_IRQHandler                   0x0800385c   Section        0  main.o(i.USER_UART_IRQHandler)
    i.UsageFault_Handler                     0x080038f8   Section        0  stm32f7xx_it.o(i.UsageFault_Handler)
    i.__0printf                              0x080038fc   Section        0  printfa.o(i.__0printf)
    i.__0sprintf                             0x0800391c   Section        0  printfa.o(i.__0sprintf)
    i.__ARM_fpclassify                       0x08003944   Section        0  fpclassify.o(i.__ARM_fpclassify)
    i.__NVIC_SetPriority                     0x08003974   Section        0  stm32f7xx_hal_cortex.o(i.__NVIC_SetPriority)
    __NVIC_SetPriority                       0x08003975   Thumb Code    34  stm32f7xx_hal_cortex.o(i.__NVIC_SetPriority)
    i.__hardfp_pow                           0x08003998   Section        0  pow.o(i.__hardfp_pow)
    i.__kernel_poly                          0x080045e8   Section        0  poly.o(i.__kernel_poly)
    i.__mathlib_dbl_divzero                  0x080046e0   Section        0  dunder.o(i.__mathlib_dbl_divzero)
    i.__mathlib_dbl_infnan2                  0x08004710   Section        0  dunder.o(i.__mathlib_dbl_infnan2)
    i.__mathlib_dbl_invalid                  0x08004728   Section        0  dunder.o(i.__mathlib_dbl_invalid)
    i.__mathlib_dbl_overflow                 0x08004748   Section        0  dunder.o(i.__mathlib_dbl_overflow)
    i.__mathlib_dbl_underflow                0x08004768   Section        0  dunder.o(i.__mathlib_dbl_underflow)
    i.__scatterload_copy                     0x08004788   Section       14  handlers.o(i.__scatterload_copy)
    i.__scatterload_null                     0x08004796   Section        2  handlers.o(i.__scatterload_null)
    i.__scatterload_zeroinit                 0x08004798   Section       14  handlers.o(i.__scatterload_zeroinit)
    i.__set_errno                            0x080047a8   Section        0  errno.o(i.__set_errno)
    i._fp_digits                             0x080047b4   Section        0  printfa.o(i._fp_digits)
    _fp_digits                               0x080047b5   Thumb Code   366  printfa.o(i._fp_digits)
    i._printf_core                           0x08004938   Section        0  printfa.o(i._printf_core)
    _printf_core                             0x08004939   Thumb Code  1704  printfa.o(i._printf_core)
    i._printf_post_padding                   0x08004fec   Section        0  printfa.o(i._printf_post_padding)
    _printf_post_padding                     0x08004fed   Thumb Code    36  printfa.o(i._printf_post_padding)
    i._printf_pre_padding                    0x08005010   Section        0  printfa.o(i._printf_pre_padding)
    _printf_pre_padding                      0x08005011   Thumb Code    46  printfa.o(i._printf_pre_padding)
    i._sputc                                 0x0800503e   Section        0  printfa.o(i._sputc)
    _sputc                                   0x0800503f   Thumb Code    10  printfa.o(i._sputc)
    i.cJSON_Delete                           0x08005048   Section        0  cjson.o(i.cJSON_Delete)
    i.cJSON_GetArrayItem                     0x08005090   Section        0  cjson.o(i.cJSON_GetArrayItem)
    i.cJSON_GetArraySize                     0x080050a2   Section        0  cjson.o(i.cJSON_GetArraySize)
    i.cJSON_GetObjectItem                    0x080050b2   Section        0  cjson.o(i.cJSON_GetObjectItem)
    i.cJSON_New_Item                         0x080050d0   Section        0  cjson.o(i.cJSON_New_Item)
    cJSON_New_Item                           0x080050d1   Thumb Code    24  cjson.o(i.cJSON_New_Item)
    i.cJSON_Parse                            0x080050ec   Section        0  cjson.o(i.cJSON_Parse)
    i.cJSON_ParseWithOpts                    0x080050f4   Section        0  cjson.o(i.cJSON_ParseWithOpts)
    i.cJSON_strcasecmp                       0x08005154   Section        0  cjson.o(i.cJSON_strcasecmp)
    cJSON_strcasecmp                         0x08005155   Thumb Code    66  cjson.o(i.cJSON_strcasecmp)
    i.fabs                                   0x08005196   Section        0  fabs.o(i.fabs)
    i.fputc                                  0x080051b0   Section        0  usart.o(i.fputc)
    i.free                                   0x080051d0   Section        0  malloc.o(i.free)
    i.main                                   0x08005220   Section        0  main.o(i.main)
    i.malloc                                 0x080055ac   Section        0  malloc.o(i.malloc)
    i.parse_array                            0x08005618   Section        0  cjson.o(i.parse_array)
    parse_array                              0x08005619   Thumb Code   114  cjson.o(i.parse_array)
    i.parse_hex4                             0x08005690   Section        0  cjson.o(i.parse_hex4)
    parse_hex4                               0x08005691   Thumb Code   166  cjson.o(i.parse_hex4)
    i.parse_number                           0x08005738   Section        0  cjson.o(i.parse_number)
    parse_number                             0x08005739   Thumb Code   370  cjson.o(i.parse_number)
    i.parse_object                           0x080058cc   Section        0  cjson.o(i.parse_object)
    parse_object                             0x080058cd   Thumb Code   176  cjson.o(i.parse_object)
    i.parse_string                           0x08005980   Section        0  cjson.o(i.parse_string)
    parse_string                             0x08005981   Thumb Code   378  cjson.o(i.parse_string)
    i.parse_value                            0x08005b04   Section        0  cjson.o(i.parse_value)
    parse_value                              0x08005b05   Thumb Code   152  cjson.o(i.parse_value)
    i.skip                                   0x08005bb8   Section        0  cjson.o(i.skip)
    skip                                     0x08005bb9   Thumb Code    20  cjson.o(i.skip)
    i.sqrt                                   0x08005bcc   Section        0  sqrt.o(i.sqrt)
    i.uart_L610_send                         0x08005c3c   Section        0  usart.o(i.uart_L610_send)
    .constdata                               0x08005c5c   Section        7  cjson.o(.constdata)
    firstByteMark                            0x08005c5c   Data           7  cjson.o(.constdata)
    .constdata                               0x08005c63   Section        8  stm32f7xx_hal_dma.o(.constdata)
    flagBitshiftOffset                       0x08005c63   Data           8  stm32f7xx_hal_dma.o(.constdata)
    .constdata                               0x08005c6b   Section       16  system_stm32f7xx.o(.constdata)
    .constdata                               0x08005c7b   Section        8  system_stm32f7xx.o(.constdata)
    .constdata                               0x08005c88   Section      136  pow.o(.constdata)
    bp                                       0x08005c88   Data          16  pow.o(.constdata)
    dp_h                                     0x08005c98   Data          16  pow.o(.constdata)
    dp_l                                     0x08005ca8   Data          16  pow.o(.constdata)
    L                                        0x08005cb8   Data          48  pow.o(.constdata)
    P                                        0x08005ce8   Data          40  pow.o(.constdata)
    .constdata                               0x08005d10   Section        8  qnan.o(.constdata)
    .conststring                             0x08005d18   Section       86  main.o(.conststring)
    .data                                    0x20000000   Section       12  cjson.o(.data)
    cJSON_malloc                             0x20000000   Data           4  cjson.o(.data)
    cJSON_free                               0x20000004   Data           4  cjson.o(.data)
    ep                                       0x20000008   Data           4  cjson.o(.data)
    .data                                    0x2000000c   Section      544  main.o(.data)
    .data                                    0x2000022c   Section       12  stm32f7xx_hal.o(.data)
    .data                                    0x20000238   Section        4  system_stm32f7xx.o(.data)
    .data                                    0x2000023c   Section        4  stdout.o(.data)
    .data                                    0x20000240   Section        4  mvars.o(.data)
    .data                                    0x20000244   Section        4  mvars.o(.data)
    .data                                    0x20000248   Section        4  errno.o(.data)
    _errno                                   0x20000248   Data           4  errno.o(.data)
    .bss                                     0x2000024c   Section     3900  main.o(.bss)
    .bss                                     0x20001188   Section      304  tim.o(.bss)
    .bss                                     0x200012b8   Section      928  usart.o(.bss)
    HEAP                                     0x20001658   Section     8192  startup_stm32f750xx.o(HEAP)
    STACK                                    0x20003658   Section     2048  startup_stm32f750xx.o(STACK)

    Global Symbols

    Symbol Name                              Value     Ov Type        Size  Object(Section)

    BuildAttributes$$THM_ISAv4$E$P$D$K$B$S$7EM$VFPi5$EXTD16$VFPS$VFMA$PE$PLD8$A:L22UL41UL21$X:L11$S22US41US21$IEEE1$IW$USESV6$~STKCKD$USESV7$~SHL$OTIME$ROPI$IEEEX$EBA8$MICROLIB$REQ8$PRES8$EABIv2 0x00000000   Number         0  anon$$obj.o ABSOLUTE
    __ARM_use_no_argv                        0x00000000   Number         0  main.o ABSOLUTE
    _printf_a                                0x00000000   Number         0  stubs.o ABSOLUTE
    _printf_c                                0x00000000   Number         0  stubs.o ABSOLUTE
    _printf_charcount                        0x00000000   Number         0  stubs.o ABSOLUTE
    _printf_d                                0x00000000   Number         0  stubs.o ABSOLUTE
    _printf_e                                0x00000000   Number         0  stubs.o ABSOLUTE
    _printf_f                                0x00000000   Number         0  stubs.o ABSOLUTE
    _printf_flags                            0x00000000   Number         0  stubs.o ABSOLUTE
    _printf_fp_dec                           0x00000000   Number         0  stubs.o ABSOLUTE
    _printf_fp_hex                           0x00000000   Number         0  stubs.o ABSOLUTE
    _printf_g                                0x00000000   Number         0  stubs.o ABSOLUTE
    _printf_i                                0x00000000   Number         0  stubs.o ABSOLUTE
    _printf_int_dec                          0x00000000   Number         0  stubs.o ABSOLUTE
    _printf_l                                0x00000000   Number         0  stubs.o ABSOLUTE
    _printf_lc                               0x00000000   Number         0  stubs.o ABSOLUTE
    _printf_ll                               0x00000000   Number         0  stubs.o ABSOLUTE
    _printf_lld                              0x00000000   Number         0  stubs.o ABSOLUTE
    _printf_lli                              0x00000000   Number         0  stubs.o ABSOLUTE
    _printf_llo                              0x00000000   Number         0  stubs.o ABSOLUTE
    _printf_llu                              0x00000000   Number         0  stubs.o ABSOLUTE
    _printf_llx                              0x00000000   Number         0  stubs.o ABSOLUTE
    _printf_longlong_dec                     0x00000000   Number         0  stubs.o ABSOLUTE
    _printf_longlong_hex                     0x00000000   Number         0  stubs.o ABSOLUTE
    _printf_longlong_oct                     0x00000000   Number         0  stubs.o ABSOLUTE
    _printf_ls                               0x00000000   Number         0  stubs.o ABSOLUTE
    _printf_mbtowc                           0x00000000   Number         0  stubs.o ABSOLUTE
    _printf_n                                0x00000000   Number         0  stubs.o ABSOLUTE
    _printf_o                                0x00000000   Number         0  stubs.o ABSOLUTE
    _printf_p                                0x00000000   Number         0  stubs.o ABSOLUTE
    _printf_percent                          0x00000000   Number         0  stubs.o ABSOLUTE
    _printf_pre_padding                      0x00000000   Number         0  stubs.o ABSOLUTE
    _printf_return_value                     0x00000000   Number         0  stubs.o ABSOLUTE
    _printf_s                                0x00000000   Number         0  stubs.o ABSOLUTE
    _printf_sizespec                         0x00000000   Number         0  stubs.o ABSOLUTE
    _printf_str                              0x00000000   Number         0  stubs.o ABSOLUTE
    _printf_truncate_signed                  0x00000000   Number         0  stubs.o ABSOLUTE
    _printf_truncate_unsigned                0x00000000   Number         0  stubs.o ABSOLUTE
    _printf_u                                0x00000000   Number         0  stubs.o ABSOLUTE
    _printf_wc                               0x00000000   Number         0  stubs.o ABSOLUTE
    _printf_wctomb                           0x00000000   Number         0  stubs.o ABSOLUTE
    _printf_widthprec                        0x00000000   Number         0  stubs.o ABSOLUTE
    _printf_x                                0x00000000   Number         0  stubs.o ABSOLUTE
    __arm_fini_                               - Undefined Weak Reference
    __cpp_initialize__aeabi_                  - Undefined Weak Reference
    __cxa_finalize                            - Undefined Weak Reference
    _clock_init                               - Undefined Weak Reference
    _microlib_exit                            - Undefined Weak Reference
    __Vectors_Size                           0x000001c8   Number         0  startup_stm32f750xx.o ABSOLUTE
    __Vectors                                0x08000000   Data           4  startup_stm32f750xx.o(RESET)
    __Vectors_End                            0x080001c8   Data           0  startup_stm32f750xx.o(RESET)
    __main                                   0x080001c9   Thumb Code     0  entry.o(.ARM.Collect$$$$00000000)
    _main_stk                                0x080001c9   Thumb Code     0  entry2.o(.ARM.Collect$$$$00000001)
    _main_scatterload                        0x080001cd   Thumb Code     0  entry5.o(.ARM.Collect$$$$00000004)
    __main_after_scatterload                 0x080001d1   Thumb Code     0  entry5.o(.ARM.Collect$$$$00000004)
    _main_clock                              0x080001d1   Thumb Code     0  entry7b.o(.ARM.Collect$$$$00000008)
    _main_cpp_init                           0x080001d1   Thumb Code     0  entry8b.o(.ARM.Collect$$$$0000000A)
    _main_init                               0x080001d1   Thumb Code     0  entry9a.o(.ARM.Collect$$$$0000000B)
    __rt_lib_shutdown_fini                   0x080001d9   Thumb Code     0  entry12b.o(.ARM.Collect$$$$0000000E)
    __rt_final_cpp                           0x080001dd   Thumb Code     0  entry10a.o(.ARM.Collect$$$$0000000F)
    __rt_final_exit                          0x080001dd   Thumb Code     0  entry11a.o(.ARM.Collect$$$$00000011)
    Reset_Handler                            0x080001e1   Thumb Code     8  startup_stm32f750xx.o(.text)
    ADC_IRQHandler                           0x080001fb   Thumb Code     0  startup_stm32f750xx.o(.text)
    CAN1_RX0_IRQHandler                      0x080001fb   Thumb Code     0  startup_stm32f750xx.o(.text)
    CAN1_RX1_IRQHandler                      0x080001fb   Thumb Code     0  startup_stm32f750xx.o(.text)
    CAN1_SCE_IRQHandler                      0x080001fb   Thumb Code     0  startup_stm32f750xx.o(.text)
    CAN1_TX_IRQHandler                       0x080001fb   Thumb Code     0  startup_stm32f750xx.o(.text)
    CAN2_RX0_IRQHandler                      0x080001fb   Thumb Code     0  startup_stm32f750xx.o(.text)
    CAN2_RX1_IRQHandler                      0x080001fb   Thumb Code     0  startup_stm32f750xx.o(.text)
    CAN2_SCE_IRQHandler                      0x080001fb   Thumb Code     0  startup_stm32f750xx.o(.text)
    CAN2_TX_IRQHandler                       0x080001fb   Thumb Code     0  startup_stm32f750xx.o(.text)
    CEC_IRQHandler                           0x080001fb   Thumb Code     0  startup_stm32f750xx.o(.text)
    CRYP_IRQHandler                          0x080001fb   Thumb Code     0  startup_stm32f750xx.o(.text)
    DCMI_IRQHandler                          0x080001fb   Thumb Code     0  startup_stm32f750xx.o(.text)
    DMA1_Stream0_IRQHandler                  0x080001fb   Thumb Code     0  startup_stm32f750xx.o(.text)
    DMA1_Stream2_IRQHandler                  0x080001fb   Thumb Code     0  startup_stm32f750xx.o(.text)
    DMA1_Stream3_IRQHandler                  0x080001fb   Thumb Code     0  startup_stm32f750xx.o(.text)
    DMA1_Stream4_IRQHandler                  0x080001fb   Thumb Code     0  startup_stm32f750xx.o(.text)
    DMA1_Stream6_IRQHandler                  0x080001fb   Thumb Code     0  startup_stm32f750xx.o(.text)
    DMA1_Stream7_IRQHandler                  0x080001fb   Thumb Code     0  startup_stm32f750xx.o(.text)
    DMA2D_IRQHandler                         0x080001fb   Thumb Code     0  startup_stm32f750xx.o(.text)
    DMA2_Stream0_IRQHandler                  0x080001fb   Thumb Code     0  startup_stm32f750xx.o(.text)
    DMA2_Stream3_IRQHandler                  0x080001fb   Thumb Code     0  startup_stm32f750xx.o(.text)
    DMA2_Stream4_IRQHandler                  0x080001fb   Thumb Code     0  startup_stm32f750xx.o(.text)
    DMA2_Stream5_IRQHandler                  0x080001fb   Thumb Code     0  startup_stm32f750xx.o(.text)
    DMA2_Stream6_IRQHandler                  0x080001fb   Thumb Code     0  startup_stm32f750xx.o(.text)
    DMA2_Stream7_IRQHandler                  0x080001fb   Thumb Code     0  startup_stm32f750xx.o(.text)
    ETH_IRQHandler                           0x080001fb   Thumb Code     0  startup_stm32f750xx.o(.text)
    ETH_WKUP_IRQHandler                      0x080001fb   Thumb Code     0  startup_stm32f750xx.o(.text)
    EXTI0_IRQHandler                         0x080001fb   Thumb Code     0  startup_stm32f750xx.o(.text)
    EXTI15_10_IRQHandler                     0x080001fb   Thumb Code     0  startup_stm32f750xx.o(.text)
    EXTI1_IRQHandler                         0x080001fb   Thumb Code     0  startup_stm32f750xx.o(.text)
    EXTI2_IRQHandler                         0x080001fb   Thumb Code     0  startup_stm32f750xx.o(.text)
    EXTI3_IRQHandler                         0x080001fb   Thumb Code     0  startup_stm32f750xx.o(.text)
    EXTI4_IRQHandler                         0x080001fb   Thumb Code     0  startup_stm32f750xx.o(.text)
    EXTI9_5_IRQHandler                       0x080001fb   Thumb Code     0  startup_stm32f750xx.o(.text)
    FLASH_IRQHandler                         0x080001fb   Thumb Code     0  startup_stm32f750xx.o(.text)
    FMC_IRQHandler                           0x080001fb   Thumb Code     0  startup_stm32f750xx.o(.text)
    FPU_IRQHandler                           0x080001fb   Thumb Code     0  startup_stm32f750xx.o(.text)
    HASH_RNG_IRQHandler                      0x080001fb   Thumb Code     0  startup_stm32f750xx.o(.text)
    I2C1_ER_IRQHandler                       0x080001fb   Thumb Code     0  startup_stm32f750xx.o(.text)
    I2C1_EV_IRQHandler                       0x080001fb   Thumb Code     0  startup_stm32f750xx.o(.text)
    I2C2_ER_IRQHandler                       0x080001fb   Thumb Code     0  startup_stm32f750xx.o(.text)
    I2C2_EV_IRQHandler                       0x080001fb   Thumb Code     0  startup_stm32f750xx.o(.text)
    I2C3_ER_IRQHandler                       0x080001fb   Thumb Code     0  startup_stm32f750xx.o(.text)
    I2C3_EV_IRQHandler                       0x080001fb   Thumb Code     0  startup_stm32f750xx.o(.text)
    I2C4_ER_IRQHandler                       0x080001fb   Thumb Code     0  startup_stm32f750xx.o(.text)
    I2C4_EV_IRQHandler                       0x080001fb   Thumb Code     0  startup_stm32f750xx.o(.text)
    LPTIM1_IRQHandler                        0x080001fb   Thumb Code     0  startup_stm32f750xx.o(.text)
    LTDC_ER_IRQHandler                       0x080001fb   Thumb Code     0  startup_stm32f750xx.o(.text)
    LTDC_IRQHandler                          0x080001fb   Thumb Code     0  startup_stm32f750xx.o(.text)
    OTG_FS_IRQHandler                        0x080001fb   Thumb Code     0  startup_stm32f750xx.o(.text)
    OTG_FS_WKUP_IRQHandler                   0x080001fb   Thumb Code     0  startup_stm32f750xx.o(.text)
    OTG_HS_EP1_IN_IRQHandler                 0x080001fb   Thumb Code     0  startup_stm32f750xx.o(.text)
    OTG_HS_EP1_OUT_IRQHandler                0x080001fb   Thumb Code     0  startup_stm32f750xx.o(.text)
    OTG_HS_IRQHandler                        0x080001fb   Thumb Code     0  startup_stm32f750xx.o(.text)
    OTG_HS_WKUP_IRQHandler                   0x080001fb   Thumb Code     0  startup_stm32f750xx.o(.text)
    PVD_IRQHandler                           0x080001fb   Thumb Code     0  startup_stm32f750xx.o(.text)
    QUADSPI_IRQHandler                       0x080001fb   Thumb Code     0  startup_stm32f750xx.o(.text)
    RCC_IRQHandler                           0x080001fb   Thumb Code     0  startup_stm32f750xx.o(.text)
    RTC_Alarm_IRQHandler                     0x080001fb   Thumb Code     0  startup_stm32f750xx.o(.text)
    RTC_WKUP_IRQHandler                      0x080001fb   Thumb Code     0  startup_stm32f750xx.o(.text)
    SAI1_IRQHandler                          0x080001fb   Thumb Code     0  startup_stm32f750xx.o(.text)
    SAI2_IRQHandler                          0x080001fb   Thumb Code     0  startup_stm32f750xx.o(.text)
    SDMMC1_IRQHandler                        0x080001fb   Thumb Code     0  startup_stm32f750xx.o(.text)
    SPDIF_RX_IRQHandler                      0x080001fb   Thumb Code     0  startup_stm32f750xx.o(.text)
    SPI1_IRQHandler                          0x080001fb   Thumb Code     0  startup_stm32f750xx.o(.text)
    SPI2_IRQHandler                          0x080001fb   Thumb Code     0  startup_stm32f750xx.o(.text)
    SPI3_IRQHandler                          0x080001fb   Thumb Code     0  startup_stm32f750xx.o(.text)
    SPI4_IRQHandler                          0x080001fb   Thumb Code     0  startup_stm32f750xx.o(.text)
    SPI5_IRQHandler                          0x080001fb   Thumb Code     0  startup_stm32f750xx.o(.text)
    SPI6_IRQHandler                          0x080001fb   Thumb Code     0  startup_stm32f750xx.o(.text)
    TAMP_STAMP_IRQHandler                    0x080001fb   Thumb Code     0  startup_stm32f750xx.o(.text)
    TIM1_BRK_TIM9_IRQHandler                 0x080001fb   Thumb Code     0  startup_stm32f750xx.o(.text)
    TIM1_CC_IRQHandler                       0x080001fb   Thumb Code     0  startup_stm32f750xx.o(.text)
    TIM1_TRG_COM_TIM11_IRQHandler            0x080001fb   Thumb Code     0  startup_stm32f750xx.o(.text)
    TIM1_UP_TIM10_IRQHandler                 0x080001fb   Thumb Code     0  startup_stm32f750xx.o(.text)
    TIM6_DAC_IRQHandler                      0x080001fb   Thumb Code     0  startup_stm32f750xx.o(.text)
    TIM7_IRQHandler                          0x080001fb   Thumb Code     0  startup_stm32f750xx.o(.text)
    TIM8_BRK_TIM12_IRQHandler                0x080001fb   Thumb Code     0  startup_stm32f750xx.o(.text)
    TIM8_CC_IRQHandler                       0x080001fb   Thumb Code     0  startup_stm32f750xx.o(.text)
    TIM8_TRG_COM_TIM14_IRQHandler            0x080001fb   Thumb Code     0  startup_stm32f750xx.o(.text)
    TIM8_UP_TIM13_IRQHandler                 0x080001fb   Thumb Code     0  startup_stm32f750xx.o(.text)
    UART4_IRQHandler                         0x080001fb   Thumb Code     0  startup_stm32f750xx.o(.text)
    UART5_IRQHandler                         0x080001fb   Thumb Code     0  startup_stm32f750xx.o(.text)
    UART7_IRQHandler                         0x080001fb   Thumb Code     0  startup_stm32f750xx.o(.text)
    UART8_IRQHandler                         0x080001fb   Thumb Code     0  startup_stm32f750xx.o(.text)
    WWDG_IRQHandler                          0x080001fb   Thumb Code     0  startup_stm32f750xx.o(.text)
    __aeabi_uldivmod                         0x08000205   Thumb Code    98  uldiv.o(.text)
    tolower                                  0x08000267   Thumb Code    12  tolower.o(.text)
    __aeabi_memset                           0x08000273   Thumb Code    14  memseta.o(.text)
    __aeabi_memset4                          0x08000273   Thumb Code     0  memseta.o(.text)
    __aeabi_memset8                          0x08000273   Thumb Code     0  memseta.o(.text)
    __aeabi_memclr                           0x08000281   Thumb Code     4  memseta.o(.text)
    __aeabi_memclr4                          0x08000281   Thumb Code     0  memseta.o(.text)
    __aeabi_memclr8                          0x08000281   Thumb Code     0  memseta.o(.text)
    _memset$wrapper                          0x08000285   Thumb Code    18  memseta.o(.text)
    strcat                                   0x08000297   Thumb Code    24  strcat.o(.text)
    strstr                                   0x080002af   Thumb Code    36  strstr.o(.text)
    strchr                                   0x080002d3   Thumb Code    20  strchr.o(.text)
    strlen                                   0x080002e7   Thumb Code    14  strlen.o(.text)
    strncat                                  0x080002f5   Thumb Code    40  strncat.o(.text)
    strcpy                                   0x0800031d   Thumb Code    18  strcpy.o(.text)
    strncmp                                  0x0800032f   Thumb Code    30  strncmp.o(.text)
    __aeabi_dadd                             0x0800034d   Thumb Code   322  dadd.o(.text)
    __aeabi_dsub                             0x0800048f   Thumb Code     6  dadd.o(.text)
    __aeabi_drsub                            0x08000495   Thumb Code     6  dadd.o(.text)
    __aeabi_dmul                             0x0800049b   Thumb Code   228  dmul.o(.text)
    __aeabi_i2d                              0x0800057f   Thumb Code    34  dflti.o(.text)
    __aeabi_d2iz                             0x080005a1   Thumb Code    62  dfixi.o(.text)
    __aeabi_cdrcmple                         0x080005e1   Thumb Code    48  cdrcmple.o(.text)
    __aeabi_uidiv                            0x08000611   Thumb Code     0  uidiv.o(.text)
    __aeabi_uidivmod                         0x08000611   Thumb Code    44  uidiv.o(.text)
    __aeabi_llsl                             0x0800063d   Thumb Code    30  llshl.o(.text)
    _ll_shift_l                              0x0800063d   Thumb Code     0  llshl.o(.text)
    __aeabi_llsr                             0x0800065b   Thumb Code    32  llushr.o(.text)
    _ll_ushift_r                             0x0800065b   Thumb Code     0  llushr.o(.text)
    __aeabi_lasr                             0x0800067b   Thumb Code    36  llsshr.o(.text)
    _ll_sshift_r                             0x0800067b   Thumb Code     0  llsshr.o(.text)
    __I$use$fp                               0x0800069f   Thumb Code     0  iusefp.o(.text)
    _double_round                            0x0800069f   Thumb Code    30  depilogue.o(.text)
    _double_epilogue                         0x080006bd   Thumb Code   156  depilogue.o(.text)
    __aeabi_ddiv                             0x08000759   Thumb Code   222  ddiv.o(.text)
    __ARM_scalbn                             0x08000837   Thumb Code    46  dscalb.o(.text)
    scalbn                                   0x08000837   Thumb Code     0  dscalb.o(.text)
    __aeabi_d2ulz                            0x08000865   Thumb Code    48  dfixul.o(.text)
    __scatterload                            0x08000895   Thumb Code    28  init.o(.text)
    __scatterload_rt2                        0x08000895   Thumb Code     0  init.o(.text)
    _dsqrt                                   0x080008b9   Thumb Code   162  dsqrt.o(.text)
    __decompress                             0x0800095b   Thumb Code     0  __dclz77c.o(.text)
    __decompress2                            0x0800095b   Thumb Code    94  __dclz77c.o(.text)
    BusFault_Handler                         0x080009b9   Thumb Code     2  stm32f7xx_it.o(i.BusFault_Handler)
    Clear_TotalBuffer                        0x080009bd   Thumb Code    26  main.o(i.Clear_TotalBuffer)
    Clear_cJSON                              0x080009e1   Thumb Code    34  main.o(i.Clear_cJSON)
    DMA1_Stream1_IRQHandler                  0x08000a0d   Thumb Code     6  stm32f7xx_it.o(i.DMA1_Stream1_IRQHandler)
    DMA1_Stream5_IRQHandler                  0x08000a19   Thumb Code     6  stm32f7xx_it.o(i.DMA1_Stream5_IRQHandler)
    DMA2_Stream1_IRQHandler                  0x08000a25   Thumb Code     6  stm32f7xx_it.o(i.DMA2_Stream1_IRQHandler)
    DMA2_Stream2_IRQHandler                  0x08000a31   Thumb Code     6  stm32f7xx_it.o(i.DMA2_Stream2_IRQHandler)
    DebugMon_Handler                         0x08000ae1   Thumb Code     2  stm32f7xx_it.o(i.DebugMon_Handler)
    Error_Handler                            0x08000ae3   Thumb Code     4  main.o(i.Error_Handler)
    Generate_dynamicPart                     0x08000ae9   Thumb Code    82  main.o(i.Generate_dynamicPart)
    GetResponseMessage                       0x08000b55   Thumb Code    74  main.o(i.GetResponseMessage)
    GetcJSON_Object                          0x08000bf9   Thumb Code   124  main.o(i.GetcJSON_Object)
    HAL_DMA_Abort                            0x08000d05   Thumb Code   146  stm32f7xx_hal_dma.o(i.HAL_DMA_Abort)
    HAL_DMA_Abort_IT                         0x08000d97   Thumb Code    36  stm32f7xx_hal_dma.o(i.HAL_DMA_Abort_IT)
    HAL_DMA_GetError                         0x08000dbb   Thumb Code     4  stm32f7xx_hal_dma.o(i.HAL_DMA_GetError)
    HAL_DMA_IRQHandler                       0x08000dc1   Thumb Code   412  stm32f7xx_hal_dma.o(i.HAL_DMA_IRQHandler)
    HAL_DMA_Init                             0x08000f61   Thumb Code   222  stm32f7xx_hal_dma.o(i.HAL_DMA_Init)
    HAL_DMA_Start_IT                         0x08001045   Thumb Code   122  stm32f7xx_hal_dma.o(i.HAL_DMA_Start_IT)
    HAL_Delay                                0x080010c1   Thumb Code    32  stm32f7xx_hal.o(i.HAL_Delay)
    HAL_GPIO_Init                            0x080010e5   Thumb Code   530  stm32f7xx_hal_gpio.o(i.HAL_GPIO_Init)
    HAL_GPIO_TogglePin                       0x0800132d   Thumb Code    16  stm32f7xx_hal_gpio.o(i.HAL_GPIO_TogglePin)
    HAL_GPIO_WritePin                        0x0800133d   Thumb Code    10  stm32f7xx_hal_gpio.o(i.HAL_GPIO_WritePin)
    HAL_GetTick                              0x08001349   Thumb Code     6  stm32f7xx_hal.o(i.HAL_GetTick)
    HAL_IncTick                              0x08001355   Thumb Code    12  stm32f7xx_hal.o(i.HAL_IncTick)
    HAL_Init                                 0x08001365   Thumb Code    22  stm32f7xx_hal.o(i.HAL_Init)
    HAL_InitTick                             0x0800137d   Thumb Code    54  stm32f7xx_hal.o(i.HAL_InitTick)
    HAL_MspInit                              0x080013bd   Thumb Code    42  stm32f7xx_hal_msp.o(i.HAL_MspInit)
    HAL_NVIC_EnableIRQ                       0x080013ed   Thumb Code    26  stm32f7xx_hal_cortex.o(i.HAL_NVIC_EnableIRQ)
    HAL_NVIC_SetPriority                     0x08001409   Thumb Code    60  stm32f7xx_hal_cortex.o(i.HAL_NVIC_SetPriority)
    HAL_NVIC_SetPriorityGrouping             0x08001449   Thumb Code    28  stm32f7xx_hal_cortex.o(i.HAL_NVIC_SetPriorityGrouping)
    HAL_PWREx_EnableOverDrive                0x0800146d   Thumb Code   100  stm32f7xx_hal_pwr_ex.o(i.HAL_PWREx_EnableOverDrive)
    HAL_RCCEx_PeriphCLKConfig                0x080014d9   Thumb Code  1276  stm32f7xx_hal_rcc_ex.o(i.HAL_RCCEx_PeriphCLKConfig)
    HAL_RCC_ClockConfig                      0x080019d5   Thumb Code   284  stm32f7xx_hal_rcc.o(i.HAL_RCC_ClockConfig)
    HAL_RCC_GetPCLK1Freq                     0x08001b05   Thumb Code    20  stm32f7xx_hal_rcc.o(i.HAL_RCC_GetPCLK1Freq)
    HAL_RCC_GetPCLK2Freq                     0x08001b25   Thumb Code    20  stm32f7xx_hal_rcc.o(i.HAL_RCC_GetPCLK2Freq)
    HAL_RCC_GetSysClockFreq                  0x08001b45   Thumb Code    88  stm32f7xx_hal_rcc.o(i.HAL_RCC_GetSysClockFreq)
    HAL_RCC_OscConfig                        0x08001ba9   Thumb Code   888  stm32f7xx_hal_rcc.o(i.HAL_RCC_OscConfig)
    HAL_SYSTICK_Config                       0x08001f2d   Thumb Code    38  stm32f7xx_hal_cortex.o(i.HAL_SYSTICK_Config)
    HAL_TIMEx_Break2Callback                 0x08001f53   Thumb Code     2  stm32f7xx_hal_tim_ex.o(i.HAL_TIMEx_Break2Callback)
    HAL_TIMEx_BreakCallback                  0x08001f55   Thumb Code     2  stm32f7xx_hal_tim_ex.o(i.HAL_TIMEx_BreakCallback)
    HAL_TIMEx_CommutCallback                 0x08001f57   Thumb Code     2  stm32f7xx_hal_tim_ex.o(i.HAL_TIMEx_CommutCallback)
    HAL_TIMEx_MasterConfigSynchronization    0x08001f59   Thumb Code   134  stm32f7xx_hal_tim_ex.o(i.HAL_TIMEx_MasterConfigSynchronization)
    HAL_TIM_Base_Init                        0x08001ffd   Thumb Code    98  stm32f7xx_hal_tim.o(i.HAL_TIM_Base_Init)
    HAL_TIM_Base_MspInit                     0x08002061   Thumb Code   158  tim.o(i.HAL_TIM_Base_MspInit)
    HAL_TIM_Base_Start_IT                    0x08002111   Thumb Code   106  stm32f7xx_hal_tim.o(i.HAL_TIM_Base_Start_IT)
    HAL_TIM_ConfigClockSource                0x0800219d   Thumb Code   220  stm32f7xx_hal_tim.o(i.HAL_TIM_ConfigClockSource)
    HAL_TIM_IC_CaptureCallback               0x0800227d   Thumb Code     2  stm32f7xx_hal_tim.o(i.HAL_TIM_IC_CaptureCallback)
    HAL_TIM_IRQHandler                       0x0800227f   Thumb Code   386  stm32f7xx_hal_tim.o(i.HAL_TIM_IRQHandler)
    HAL_TIM_OC_DelayElapsedCallback          0x08002401   Thumb Code     2  stm32f7xx_hal_tim.o(i.HAL_TIM_OC_DelayElapsedCallback)
    HAL_TIM_PWM_PulseFinishedCallback        0x08002403   Thumb Code     2  stm32f7xx_hal_tim.o(i.HAL_TIM_PWM_PulseFinishedCallback)
    HAL_TIM_PeriodElapsedCallback            0x08002405   Thumb Code   130  main.o(i.HAL_TIM_PeriodElapsedCallback)
    HAL_TIM_TriggerCallback                  0x08002491   Thumb Code     2  stm32f7xx_hal_tim.o(i.HAL_TIM_TriggerCallback)
    HAL_UARTEx_RxEventCallback               0x08002493   Thumb Code     2  stm32f7xx_hal_uart.o(i.HAL_UARTEx_RxEventCallback)
    HAL_UART_DMAStop                         0x08002495   Thumb Code   140  stm32f7xx_hal_uart.o(i.HAL_UART_DMAStop)
    HAL_UART_ErrorCallback                   0x08002521   Thumb Code     2  stm32f7xx_hal_uart.o(i.HAL_UART_ErrorCallback)
    HAL_UART_IRQHandler                      0x08002525   Thumb Code   654  stm32f7xx_hal_uart.o(i.HAL_UART_IRQHandler)
    HAL_UART_Init                            0x080027bd   Thumb Code   102  stm32f7xx_hal_uart.o(i.HAL_UART_Init)
    HAL_UART_MspInit                         0x08002825   Thumb Code   654  usart.o(i.HAL_UART_MspInit)
    HAL_UART_Receive_DMA                     0x08002ae5   Thumb Code    60  stm32f7xx_hal_uart.o(i.HAL_UART_Receive_DMA)
    HAL_UART_RxCpltCallback                  0x08002b21   Thumb Code     2  stm32f7xx_hal_uart.o(i.HAL_UART_RxCpltCallback)
    HAL_UART_RxHalfCpltCallback              0x08002b23   Thumb Code     2  stm32f7xx_hal_uart.o(i.HAL_UART_RxHalfCpltCallback)
    HAL_UART_Transmit                        0x08002b25   Thumb Code   162  stm32f7xx_hal_uart.o(i.HAL_UART_Transmit)
    HAL_UART_TxCpltCallback                  0x08002bc7   Thumb Code     2  stm32f7xx_hal_uart.o(i.HAL_UART_TxCpltCallback)
    HardFault_Handler                        0x08002bc9   Thumb Code     2  stm32f7xx_it.o(i.HardFault_Handler)
    MX_DMA_Init                              0x08002bcd   Thumb Code   104  dma.o(i.MX_DMA_Init)
    MX_GPIO_Init                             0x08002c39   Thumb Code   144  gpio.o(i.MX_GPIO_Init)
    MX_TIM2_Init                             0x08002cd9   Thumb Code    98  tim.o(i.MX_TIM2_Init)
    MX_TIM3_Init                             0x08002d41   Thumb Code    96  tim.o(i.MX_TIM3_Init)
    MX_TIM4_Init                             0x08002da9   Thumb Code    96  tim.o(i.MX_TIM4_Init)
    MX_TIM5_Init                             0x08002e11   Thumb Code    96  tim.o(i.MX_TIM5_Init)
    MX_USART1_UART_Init                      0x08002e79   Thumb Code    52  usart.o(i.MX_USART1_UART_Init)
    MX_USART2_UART_Init                      0x08002eb5   Thumb Code    52  usart.o(i.MX_USART2_UART_Init)
    MX_USART3_UART_Init                      0x08002ef1   Thumb Code    52  usart.o(i.MX_USART3_UART_Init)
    MX_USART6_UART_Init                      0x08002f2d   Thumb Code    52  usart.o(i.MX_USART6_UART_Init)
    MemManage_Handler                        0x08002f69   Thumb Code     2  stm32f7xx_it.o(i.MemManage_Handler)
    NMI_Handler                              0x08002f6b   Thumb Code     2  stm32f7xx_it.o(i.NMI_Handler)
    PendSV_Handler                           0x08002f6d   Thumb Code     2  stm32f7xx_it.o(i.PendSV_Handler)
    SVC_Handler                              0x08002f6f   Thumb Code     2  stm32f7xx_it.o(i.SVC_Handler)
    SysTick_Handler                          0x08002f71   Thumb Code     4  stm32f7xx_it.o(i.SysTick_Handler)
    SystemClock_Config                       0x08002f75   Thumb Code   150  main.o(i.SystemClock_Config)
    SystemInit                               0x08003015   Thumb Code    12  system_stm32f7xx.o(i.SystemInit)
    TIM2_IRQHandler                          0x08003025   Thumb Code     6  stm32f7xx_it.o(i.TIM2_IRQHandler)
    TIM3_IRQHandler                          0x08003031   Thumb Code     6  stm32f7xx_it.o(i.TIM3_IRQHandler)
    TIM4_IRQHandler                          0x0800303d   Thumb Code     6  stm32f7xx_it.o(i.TIM4_IRQHandler)
    TIM5_IRQHandler                          0x08003049   Thumb Code     6  stm32f7xx_it.o(i.TIM5_IRQHandler)
    TIM_Base_SetConfig                       0x08003055   Thumb Code   158  stm32f7xx_hal_tim.o(i.TIM_Base_SetConfig)
    TIM_ETR_SetConfig                        0x08003121   Thumb Code    18  stm32f7xx_hal_tim.o(i.TIM_ETR_SetConfig)
    UART_AdvFeatureConfig                    0x08003189   Thumb Code   200  stm32f7xx_hal_uart.o(i.UART_AdvFeatureConfig)
    UART_CheckIdleState                      0x08003251   Thumb Code    68  stm32f7xx_hal_uart.o(i.UART_CheckIdleState)
    UART_SetConfig                           0x080033fd   Thumb Code   516  stm32f7xx_hal_uart.o(i.UART_SetConfig)
    UART_Start_Receive_DMA                   0x0800362d   Thumb Code   146  stm32f7xx_hal_uart.o(i.UART_Start_Receive_DMA)
    UART_WaitOnFlagUntilTimeout              0x080036cd   Thumb Code   202  stm32f7xx_hal_uart.o(i.UART_WaitOnFlagUntilTimeout)
    USART1_IRQHandler                        0x08003799   Thumb Code    18  stm32f7xx_it.o(i.USART1_IRQHandler)
    USART2_IRQHandler                        0x080037b1   Thumb Code    18  stm32f7xx_it.o(i.USART2_IRQHandler)
    USART3_IRQHandler                        0x080037c9   Thumb Code    18  stm32f7xx_it.o(i.USART3_IRQHandler)
    USART6_IRQHandler                        0x080037e1   Thumb Code    18  stm32f7xx_it.o(i.USART6_IRQHandler)
    USER_UART_IDLECallback                   0x080037f9   Thumb Code    78  main.o(i.USER_UART_IDLECallback)
    USER_UART_IRQHandler                     0x0800385d   Thumb Code   124  main.o(i.USER_UART_IRQHandler)
    UsageFault_Handler                       0x080038f9   Thumb Code     2  stm32f7xx_it.o(i.UsageFault_Handler)
    __0printf                                0x080038fd   Thumb Code    22  printfa.o(i.__0printf)
    __1printf                                0x080038fd   Thumb Code     0  printfa.o(i.__0printf)
    __2printf                                0x080038fd   Thumb Code     0  printfa.o(i.__0printf)
    __c89printf                              0x080038fd   Thumb Code     0  printfa.o(i.__0printf)
    printf                                   0x080038fd   Thumb Code     0  printfa.o(i.__0printf)
    __0sprintf                               0x0800391d   Thumb Code    34  printfa.o(i.__0sprintf)
    __1sprintf                               0x0800391d   Thumb Code     0  printfa.o(i.__0sprintf)
    __2sprintf                               0x0800391d   Thumb Code     0  printfa.o(i.__0sprintf)
    __c89sprintf                             0x0800391d   Thumb Code     0  printfa.o(i.__0sprintf)
    sprintf                                  0x0800391d   Thumb Code     0  printfa.o(i.__0sprintf)
    __ARM_fpclassify                         0x08003945   Thumb Code    48  fpclassify.o(i.__ARM_fpclassify)
    __hardfp_pow                             0x08003999   Thumb Code  3072  pow.o(i.__hardfp_pow)
    __kernel_poly                            0x080045e9   Thumb Code   248  poly.o(i.__kernel_poly)
    __mathlib_dbl_divzero                    0x080046e1   Thumb Code    28  dunder.o(i.__mathlib_dbl_divzero)
    __mathlib_dbl_infnan2                    0x08004711   Thumb Code    20  dunder.o(i.__mathlib_dbl_infnan2)
    __mathlib_dbl_invalid                    0x08004729   Thumb Code    24  dunder.o(i.__mathlib_dbl_invalid)
    __mathlib_dbl_overflow                   0x08004749   Thumb Code    24  dunder.o(i.__mathlib_dbl_overflow)
    __mathlib_dbl_underflow                  0x08004769   Thumb Code    24  dunder.o(i.__mathlib_dbl_underflow)
    __scatterload_copy                       0x08004789   Thumb Code    14  handlers.o(i.__scatterload_copy)
    __scatterload_null                       0x08004797   Thumb Code     2  handlers.o(i.__scatterload_null)
    __scatterload_zeroinit                   0x08004799   Thumb Code    14  handlers.o(i.__scatterload_zeroinit)
    __set_errno                              0x080047a9   Thumb Code     6  errno.o(i.__set_errno)
    cJSON_Delete                             0x08005049   Thumb Code    66  cjson.o(i.cJSON_Delete)
    cJSON_GetArrayItem                       0x08005091   Thumb Code    18  cjson.o(i.cJSON_GetArrayItem)
    cJSON_GetArraySize                       0x080050a3   Thumb Code    16  cjson.o(i.cJSON_GetArraySize)
    cJSON_GetObjectItem                      0x080050b3   Thumb Code    28  cjson.o(i.cJSON_GetObjectItem)
    cJSON_Parse                              0x080050ed   Thumb Code     8  cjson.o(i.cJSON_Parse)
    cJSON_ParseWithOpts                      0x080050f5   Thumb Code    92  cjson.o(i.cJSON_ParseWithOpts)
    fabs                                     0x08005197   Thumb Code    24  fabs.o(i.fabs)
    fputc                                    0x080051b1   Thumb Code    26  usart.o(i.fputc)
    free                                     0x080051d1   Thumb Code    76  malloc.o(i.free)
    main                                     0x08005221   Thumb Code   508  main.o(i.main)
    malloc                                   0x080055ad   Thumb Code    92  malloc.o(i.malloc)
    sqrt                                     0x08005bcd   Thumb Code   110  sqrt.o(i.sqrt)
    uart_L610_send                           0x08005c3d   Thumb Code    26  usart.o(i.uart_L610_send)
    AHBPrescTable                            0x08005c6b   Data          16  system_stm32f7xx.o(.constdata)
    APBPrescTable                            0x08005c7b   Data           8  system_stm32f7xx.o(.constdata)
    __mathlib_zero                           0x08005d10   Data           8  qnan.o(.constdata)
    Region$$Table$$Base                      0x08005d70   Number         0  anon$$obj.o(Region$$Table)
    Region$$Table$$Limit                     0x08005d90   Number         0  anon$$obj.o(Region$$Table)
    initStatus                               0x2000000c   Data           1  main.o(.data)
    UART_Frame_Flag                          0x2000000d   Data           1  main.o(.data)
    location_length                          0x2000000e   Data           1  main.o(.data)
    location_index                           0x2000000f   Data           1  main.o(.data)
    stableTx_length                          0x20000010   Data           2  main.o(.data)
    stableResponse_length                    0x20000012   Data           2  main.o(.data)
    Rxcounter                                0x20000014   Data           2  main.o(.data)
    TotalCounter                             0x20000016   Data           2  main.o(.data)
    root                                     0x20000018   Data           4  main.o(.data)
    location_array                           0x2000001c   Data           4  main.o(.data)
    strx                                     0x20000020   Data           4  main.o(.data)
    strx_head                                0x20000024   Data           4  main.o(.data)
    strx_end                                 0x20000028   Data           4  main.o(.data)
    Tx_str                                   0x2000002c   Data         256  main.o(.data)
    responseMessage                          0x2000012c   Data         256  main.o(.data)
    uwTickFreq                               0x2000022c   Data           1  stm32f7xx_hal.o(.data)
    uwTickPrio                               0x20000230   Data           4  stm32f7xx_hal.o(.data)
    uwTick                                   0x20000234   Data           4  stm32f7xx_hal.o(.data)
    SystemCoreClock                          0x20000238   Data           4  system_stm32f7xx.o(.data)
    __stdout                                 0x2000023c   Data           4  stdout.o(.data)
    __microlib_freelist                      0x20000240   Data           4  mvars.o(.data)
    __microlib_freelist_initialised          0x20000244   Data           4  mvars.o(.data)
    RxBuffer                                 0x2000024c   Data        1300  main.o(.bss)
    Buffer_total                             0x20000760   Data        1300  main.o(.bss)
    json_str                                 0x20000c74   Data        1300  main.o(.bss)
    htim2                                    0x20001188   Data          76  tim.o(.bss)
    htim3                                    0x200011d4   Data          76  tim.o(.bss)
    htim4                                    0x20001220   Data          76  tim.o(.bss)
    htim5                                    0x2000126c   Data          76  tim.o(.bss)
    huart1                                   0x200012b8   Data         136  usart.o(.bss)
    huart2                                   0x20001340   Data         136  usart.o(.bss)
    huart3                                   0x200013c8   Data         136  usart.o(.bss)
    huart6                                   0x20001450   Data         136  usart.o(.bss)
    hdma_usart1_rx                           0x200014d8   Data          96  usart.o(.bss)
    hdma_usart2_rx                           0x20001538   Data          96  usart.o(.bss)
    hdma_usart3_rx                           0x20001598   Data          96  usart.o(.bss)
    hdma_usart6_rx                           0x200015f8   Data          96  usart.o(.bss)
    __heap_base                              0x20001658   Data           0  startup_stm32f750xx.o(HEAP)
    __heap_limit                             0x20003658   Data           0  startup_stm32f750xx.o(HEAP)
    __initial_sp                             0x20003e58   Data           0  startup_stm32f750xx.o(STACK)



==============================================================================

Memory Map of the image

  Image Entry point : 0x080001c9

  Load Region LR_IROM1 (Base: 0x08000000, Size: 0x00005fdc, Max: 0x00010000, ABSOLUTE, COMPRESSED[0x00005e4c])

    Execution Region ER_IROM1 (Exec base: 0x08000000, Load base: 0x08000000, Size: 0x00005d90, Max: 0x00010000, ABSOLUTE)

    Exec Addr    Load Addr    Size         Type   Attr      Idx    E Section Name        Object

    0x08000000   0x08000000   0x000001c8   Data   RO            3    RESET               startup_stm32f750xx.o
    0x080001c8   0x080001c8   0x00000000   Code   RO         4128  * .ARM.Collect$$$$00000000  mc_w.l(entry.o)
    0x080001c8   0x080001c8   0x00000004   Code   RO         4489    .ARM.Collect$$$$00000001  mc_w.l(entry2.o)
    0x080001cc   0x080001cc   0x00000004   Code   RO         4492    .ARM.Collect$$$$00000004  mc_w.l(entry5.o)
    0x080001d0   0x080001d0   0x00000000   Code   RO         4494    .ARM.Collect$$$$00000008  mc_w.l(entry7b.o)
    0x080001d0   0x080001d0   0x00000000   Code   RO         4496    .ARM.Collect$$$$0000000A  mc_w.l(entry8b.o)
    0x080001d0   0x080001d0   0x00000008   Code   RO         4497    .ARM.Collect$$$$0000000B  mc_w.l(entry9a.o)
    0x080001d8   0x080001d8   0x00000004   Code   RO         4504    .ARM.Collect$$$$0000000E  mc_w.l(entry12b.o)
    0x080001dc   0x080001dc   0x00000000   Code   RO         4499    .ARM.Collect$$$$0000000F  mc_w.l(entry10a.o)
    0x080001dc   0x080001dc   0x00000000   Code   RO         4501    .ARM.Collect$$$$00000011  mc_w.l(entry11a.o)
    0x080001dc   0x080001dc   0x00000004   Code   RO         4490    .ARM.Collect$$$$00002712  mc_w.l(entry2.o)
    0x080001e0   0x080001e0   0x00000024   Code   RO            4    .text               startup_stm32f750xx.o
    0x08000204   0x08000204   0x00000062   Code   RO         4131    .text               mc_w.l(uldiv.o)
    0x08000266   0x08000266   0x0000000c   Code   RO         4133    .text               mc_w.l(tolower.o)
    0x08000272   0x08000272   0x00000024   Code   RO         4137    .text               mc_w.l(memseta.o)
    0x08000296   0x08000296   0x00000018   Code   RO         4139    .text               mc_w.l(strcat.o)
    0x080002ae   0x080002ae   0x00000024   Code   RO         4141    .text               mc_w.l(strstr.o)
    0x080002d2   0x080002d2   0x00000014   Code   RO         4143    .text               mc_w.l(strchr.o)
    0x080002e6   0x080002e6   0x0000000e   Code   RO         4145    .text               mc_w.l(strlen.o)
    0x080002f4   0x080002f4   0x00000028   Code   RO         4147    .text               mc_w.l(strncat.o)
    0x0800031c   0x0800031c   0x00000012   Code   RO         4149    .text               mc_w.l(strcpy.o)
    0x0800032e   0x0800032e   0x0000001e   Code   RO         4151    .text               mc_w.l(strncmp.o)
    0x0800034c   0x0800034c   0x0000014e   Code   RO         4444    .text               mf_w.l(dadd.o)
    0x0800049a   0x0800049a   0x000000e4   Code   RO         4446    .text               mf_w.l(dmul.o)
    0x0800057e   0x0800057e   0x00000022   Code   RO         4448    .text               mf_w.l(dflti.o)
    0x080005a0   0x080005a0   0x0000003e   Code   RO         4450    .text               mf_w.l(dfixi.o)
    0x080005de   0x080005de   0x00000002   PAD
    0x080005e0   0x080005e0   0x00000030   Code   RO         4456    .text               mf_w.l(cdrcmple.o)
    0x08000610   0x08000610   0x0000002c   Code   RO         4506    .text               mc_w.l(uidiv.o)
    0x0800063c   0x0800063c   0x0000001e   Code   RO         4508    .text               mc_w.l(llshl.o)
    0x0800065a   0x0800065a   0x00000020   Code   RO         4510    .text               mc_w.l(llushr.o)
    0x0800067a   0x0800067a   0x00000024   Code   RO         4512    .text               mc_w.l(llsshr.o)
    0x0800069e   0x0800069e   0x00000000   Code   RO         4523    .text               mc_w.l(iusefp.o)
    0x0800069e   0x0800069e   0x000000ba   Code   RO         4524    .text               mf_w.l(depilogue.o)
    0x08000758   0x08000758   0x000000de   Code   RO         4526    .text               mf_w.l(ddiv.o)
    0x08000836   0x08000836   0x0000002e   Code   RO         4530    .text               mf_w.l(dscalb.o)
    0x08000864   0x08000864   0x00000030   Code   RO         4532    .text               mf_w.l(dfixul.o)
    0x08000894   0x08000894   0x00000024   Code   RO         4534    .text               mc_w.l(init.o)
    0x080008b8   0x080008b8   0x000000a2   Code   RO         4536    .text               mf_w.l(dsqrt.o)
    0x0800095a   0x0800095a   0x0000005e   Code   RO         4546    .text               mc_w.l(__dclz77c.o)
    0x080009b8   0x080009b8   0x00000002   Code   RO          762    i.BusFault_Handler  stm32f7xx_it.o
    0x080009ba   0x080009ba   0x00000002   PAD
    0x080009bc   0x080009bc   0x00000024   Code   RO          362    i.Clear_TotalBuffer  main.o
    0x080009e0   0x080009e0   0x0000002c   Code   RO          363    i.Clear_cJSON       main.o
    0x08000a0c   0x08000a0c   0x0000000c   Code   RO          763    i.DMA1_Stream1_IRQHandler  stm32f7xx_it.o
    0x08000a18   0x08000a18   0x0000000c   Code   RO          764    i.DMA1_Stream5_IRQHandler  stm32f7xx_it.o
    0x08000a24   0x08000a24   0x0000000c   Code   RO          765    i.DMA2_Stream1_IRQHandler  stm32f7xx_it.o
    0x08000a30   0x08000a30   0x0000000c   Code   RO          766    i.DMA2_Stream2_IRQHandler  stm32f7xx_it.o
    0x08000a3c   0x08000a3c   0x00000028   Code   RO         2474    i.DMA_CalcBaseAndBitshift  stm32f7xx_hal_dma.o
    0x08000a64   0x08000a64   0x00000054   Code   RO         2475    i.DMA_CheckFifoParam  stm32f7xx_hal_dma.o
    0x08000ab8   0x08000ab8   0x00000028   Code   RO         2476    i.DMA_SetConfig     stm32f7xx_hal_dma.o
    0x08000ae0   0x08000ae0   0x00000002   Code   RO          767    i.DebugMon_Handler  stm32f7xx_it.o
    0x08000ae2   0x08000ae2   0x00000004   Code   RO          364    i.Error_Handler     main.o
    0x08000ae6   0x08000ae6   0x00000002   PAD
    0x08000ae8   0x08000ae8   0x0000006c   Code   RO          365    i.Generate_dynamicPart  main.o
    0x08000b54   0x08000b54   0x000000a4   Code   RO          366    i.GetResponseMessage  main.o
    0x08000bf8   0x08000bf8   0x0000010c   Code   RO          367    i.GetcJSON_Object   main.o
    0x08000d04   0x08000d04   0x00000092   Code   RO         2477    i.HAL_DMA_Abort     stm32f7xx_hal_dma.o
    0x08000d96   0x08000d96   0x00000024   Code   RO         2478    i.HAL_DMA_Abort_IT  stm32f7xx_hal_dma.o
    0x08000dba   0x08000dba   0x00000004   Code   RO         2480    i.HAL_DMA_GetError  stm32f7xx_hal_dma.o
    0x08000dbe   0x08000dbe   0x00000002   PAD
    0x08000dc0   0x08000dc0   0x000001a0   Code   RO         2482    i.HAL_DMA_IRQHandler  stm32f7xx_hal_dma.o
    0x08000f60   0x08000f60   0x000000e4   Code   RO         2483    i.HAL_DMA_Init      stm32f7xx_hal_dma.o
    0x08001044   0x08001044   0x0000007a   Code   RO         2487    i.HAL_DMA_Start_IT  stm32f7xx_hal_dma.o
    0x080010be   0x080010be   0x00000002   PAD
    0x080010c0   0x080010c0   0x00000024   Code   RO         2844    i.HAL_Delay         stm32f7xx_hal.o
    0x080010e4   0x080010e4   0x00000248   Code   RO         2411    i.HAL_GPIO_Init     stm32f7xx_hal_gpio.o
    0x0800132c   0x0800132c   0x00000010   Code   RO         2414    i.HAL_GPIO_TogglePin  stm32f7xx_hal_gpio.o
    0x0800133c   0x0800133c   0x0000000a   Code   RO         2415    i.HAL_GPIO_WritePin  stm32f7xx_hal_gpio.o
    0x08001346   0x08001346   0x00000002   PAD
    0x08001348   0x08001348   0x0000000c   Code   RO         2852    i.HAL_GetTick       stm32f7xx_hal.o
    0x08001354   0x08001354   0x00000010   Code   RO         2858    i.HAL_IncTick       stm32f7xx_hal.o
    0x08001364   0x08001364   0x00000016   Code   RO         2859    i.HAL_Init          stm32f7xx_hal.o
    0x0800137a   0x0800137a   0x00000002   PAD
    0x0800137c   0x0800137c   0x00000040   Code   RO         2860    i.HAL_InitTick      stm32f7xx_hal.o
    0x080013bc   0x080013bc   0x00000030   Code   RO          910    i.HAL_MspInit       stm32f7xx_hal_msp.o
    0x080013ec   0x080013ec   0x0000001a   Code   RO          939    i.HAL_NVIC_EnableIRQ  stm32f7xx_hal_cortex.o
    0x08001406   0x08001406   0x00000002   PAD
    0x08001408   0x08001408   0x00000040   Code   RO          945    i.HAL_NVIC_SetPriority  stm32f7xx_hal_cortex.o
    0x08001448   0x08001448   0x00000024   Code   RO          946    i.HAL_NVIC_SetPriorityGrouping  stm32f7xx_hal_cortex.o
    0x0800146c   0x0800146c   0x0000006c   Code   RO         2751    i.HAL_PWREx_EnableOverDrive  stm32f7xx_hal_pwr_ex.o
    0x080014d8   0x080014d8   0x000004fc   Code   RO         2172    i.HAL_RCCEx_PeriphCLKConfig  stm32f7xx_hal_rcc_ex.o
    0x080019d4   0x080019d4   0x00000130   Code   RO         2065    i.HAL_RCC_ClockConfig  stm32f7xx_hal_rcc.o
    0x08001b04   0x08001b04   0x00000020   Code   RO         2072    i.HAL_RCC_GetPCLK1Freq  stm32f7xx_hal_rcc.o
    0x08001b24   0x08001b24   0x00000020   Code   RO         2073    i.HAL_RCC_GetPCLK2Freq  stm32f7xx_hal_rcc.o
    0x08001b44   0x08001b44   0x00000064   Code   RO         2074    i.HAL_RCC_GetSysClockFreq  stm32f7xx_hal_rcc.o
    0x08001ba8   0x08001ba8   0x00000384   Code   RO         2077    i.HAL_RCC_OscConfig  stm32f7xx_hal_rcc.o
    0x08001f2c   0x08001f2c   0x00000026   Code   RO          950    i.HAL_SYSTICK_Config  stm32f7xx_hal_cortex.o
    0x08001f52   0x08001f52   0x00000002   Code   RO         1785    i.HAL_TIMEx_Break2Callback  stm32f7xx_hal_tim_ex.o
    0x08001f54   0x08001f54   0x00000002   Code   RO         1786    i.HAL_TIMEx_BreakCallback  stm32f7xx_hal_tim_ex.o
    0x08001f56   0x08001f56   0x00000002   Code   RO         1787    i.HAL_TIMEx_CommutCallback  stm32f7xx_hal_tim_ex.o
    0x08001f58   0x08001f58   0x000000a4   Code   RO         1806    i.HAL_TIMEx_MasterConfigSynchronization  stm32f7xx_hal_tim_ex.o
    0x08001ffc   0x08001ffc   0x00000062   Code   RO         1071    i.HAL_TIM_Base_Init  stm32f7xx_hal_tim.o
    0x0800205e   0x0800205e   0x00000002   PAD
    0x08002060   0x08002060   0x000000b0   Code   RO          625    i.HAL_TIM_Base_MspInit  tim.o
    0x08002110   0x08002110   0x0000008c   Code   RO         1076    i.HAL_TIM_Base_Start_IT  stm32f7xx_hal_tim.o
    0x0800219c   0x0800219c   0x000000e0   Code   RO         1080    i.HAL_TIM_ConfigClockSource  stm32f7xx_hal_tim.o
    0x0800227c   0x0800227c   0x00000002   Code   RO         1105    i.HAL_TIM_IC_CaptureCallback  stm32f7xx_hal_tim.o
    0x0800227e   0x0800227e   0x00000182   Code   RO         1119    i.HAL_TIM_IRQHandler  stm32f7xx_hal_tim.o
    0x08002400   0x08002400   0x00000002   Code   RO         1122    i.HAL_TIM_OC_DelayElapsedCallback  stm32f7xx_hal_tim.o
    0x08002402   0x08002402   0x00000002   Code   RO         1149    i.HAL_TIM_PWM_PulseFinishedCallback  stm32f7xx_hal_tim.o
    0x08002404   0x08002404   0x0000008c   Code   RO          368    i.HAL_TIM_PeriodElapsedCallback  main.o
    0x08002490   0x08002490   0x00000002   Code   RO         1162    i.HAL_TIM_TriggerCallback  stm32f7xx_hal_tim.o
    0x08002492   0x08002492   0x00000002   Code   RO         3630    i.HAL_UARTEx_RxEventCallback  stm32f7xx_hal_uart.o
    0x08002494   0x08002494   0x0000008c   Code   RO         3642    i.HAL_UART_DMAStop  stm32f7xx_hal_uart.o
    0x08002520   0x08002520   0x00000002   Code   RO         3646    i.HAL_UART_ErrorCallback  stm32f7xx_hal_uart.o
    0x08002522   0x08002522   0x00000002   PAD
    0x08002524   0x08002524   0x00000298   Code   RO         3649    i.HAL_UART_IRQHandler  stm32f7xx_hal_uart.o
    0x080027bc   0x080027bc   0x00000066   Code   RO         3650    i.HAL_UART_Init     stm32f7xx_hal_uart.o
    0x08002822   0x08002822   0x00000002   PAD
    0x08002824   0x08002824   0x000002c0   Code   RO          685    i.HAL_UART_MspInit  usart.o
    0x08002ae4   0x08002ae4   0x0000003c   Code   RO         3654    i.HAL_UART_Receive_DMA  stm32f7xx_hal_uart.o
    0x08002b20   0x08002b20   0x00000002   Code   RO         3657    i.HAL_UART_RxCpltCallback  stm32f7xx_hal_uart.o
    0x08002b22   0x08002b22   0x00000002   Code   RO         3658    i.HAL_UART_RxHalfCpltCallback  stm32f7xx_hal_uart.o
    0x08002b24   0x08002b24   0x000000a2   Code   RO         3659    i.HAL_UART_Transmit  stm32f7xx_hal_uart.o
    0x08002bc6   0x08002bc6   0x00000002   Code   RO         3662    i.HAL_UART_TxCpltCallback  stm32f7xx_hal_uart.o
    0x08002bc8   0x08002bc8   0x00000002   Code   RO          768    i.HardFault_Handler  stm32f7xx_it.o
    0x08002bca   0x08002bca   0x00000002   PAD
    0x08002bcc   0x08002bcc   0x0000006c   Code   RO          600    i.MX_DMA_Init       dma.o
    0x08002c38   0x08002c38   0x000000a0   Code   RO          576    i.MX_GPIO_Init      gpio.o
    0x08002cd8   0x08002cd8   0x00000068   Code   RO          626    i.MX_TIM2_Init      tim.o
    0x08002d40   0x08002d40   0x00000068   Code   RO          627    i.MX_TIM3_Init      tim.o
    0x08002da8   0x08002da8   0x00000068   Code   RO          628    i.MX_TIM4_Init      tim.o
    0x08002e10   0x08002e10   0x00000068   Code   RO          629    i.MX_TIM5_Init      tim.o
    0x08002e78   0x08002e78   0x0000003c   Code   RO          686    i.MX_USART1_UART_Init  usart.o
    0x08002eb4   0x08002eb4   0x0000003c   Code   RO          687    i.MX_USART2_UART_Init  usart.o
    0x08002ef0   0x08002ef0   0x0000003c   Code   RO          688    i.MX_USART3_UART_Init  usart.o
    0x08002f2c   0x08002f2c   0x0000003c   Code   RO          689    i.MX_USART6_UART_Init  usart.o
    0x08002f68   0x08002f68   0x00000002   Code   RO          769    i.MemManage_Handler  stm32f7xx_it.o
    0x08002f6a   0x08002f6a   0x00000002   Code   RO          770    i.NMI_Handler       stm32f7xx_it.o
    0x08002f6c   0x08002f6c   0x00000002   Code   RO          771    i.PendSV_Handler    stm32f7xx_it.o
    0x08002f6e   0x08002f6e   0x00000002   Code   RO          772    i.SVC_Handler       stm32f7xx_it.o
    0x08002f70   0x08002f70   0x00000004   Code   RO          773    i.SysTick_Handler   stm32f7xx_it.o
    0x08002f74   0x08002f74   0x000000a0   Code   RO          369    i.SystemClock_Config  main.o
    0x08003014   0x08003014   0x00000010   Code   RO         4068    i.SystemInit        system_stm32f7xx.o
    0x08003024   0x08003024   0x0000000c   Code   RO          774    i.TIM2_IRQHandler   stm32f7xx_it.o
    0x08003030   0x08003030   0x0000000c   Code   RO          775    i.TIM3_IRQHandler   stm32f7xx_it.o
    0x0800303c   0x0800303c   0x0000000c   Code   RO          776    i.TIM4_IRQHandler   stm32f7xx_it.o
    0x08003048   0x08003048   0x0000000c   Code   RO          777    i.TIM5_IRQHandler   stm32f7xx_it.o
    0x08003054   0x08003054   0x000000cc   Code   RO         1164    i.TIM_Base_SetConfig  stm32f7xx_hal_tim.o
    0x08003120   0x08003120   0x00000012   Code   RO         1175    i.TIM_ETR_SetConfig  stm32f7xx_hal_tim.o
    0x08003132   0x08003132   0x00000010   Code   RO         1176    i.TIM_ITRx_SetConfig  stm32f7xx_hal_tim.o
    0x08003142   0x08003142   0x00000022   Code   RO         1184    i.TIM_TI1_ConfigInputStage  stm32f7xx_hal_tim.o
    0x08003164   0x08003164   0x00000024   Code   RO         1186    i.TIM_TI2_ConfigInputStage  stm32f7xx_hal_tim.o
    0x08003188   0x08003188   0x000000c8   Code   RO         3664    i.UART_AdvFeatureConfig  stm32f7xx_hal_uart.o
    0x08003250   0x08003250   0x00000044   Code   RO         3665    i.UART_CheckIdleState  stm32f7xx_hal_uart.o
    0x08003294   0x08003294   0x00000014   Code   RO         3666    i.UART_DMAAbortOnError  stm32f7xx_hal_uart.o
    0x080032a8   0x080032a8   0x0000004c   Code   RO         3667    i.UART_DMAError     stm32f7xx_hal_uart.o
    0x080032f4   0x080032f4   0x00000082   Code   RO         3668    i.UART_DMAReceiveCplt  stm32f7xx_hal_uart.o
    0x08003376   0x08003376   0x00000020   Code   RO         3670    i.UART_DMARxHalfCplt  stm32f7xx_hal_uart.o
    0x08003396   0x08003396   0x0000004c   Code   RO         3676    i.UART_EndRxTransfer  stm32f7xx_hal_uart.o
    0x080033e2   0x080033e2   0x00000018   Code   RO         3677    i.UART_EndTxTransfer  stm32f7xx_hal_uart.o
    0x080033fa   0x080033fa   0x00000002   PAD
    0x080033fc   0x080033fc   0x00000230   Code   RO         3680    i.UART_SetConfig    stm32f7xx_hal_uart.o
    0x0800362c   0x0800362c   0x000000a0   Code   RO         3681    i.UART_Start_Receive_DMA  stm32f7xx_hal_uart.o
    0x080036cc   0x080036cc   0x000000ca   Code   RO         3685    i.UART_WaitOnFlagUntilTimeout  stm32f7xx_hal_uart.o
    0x08003796   0x08003796   0x00000002   PAD
    0x08003798   0x08003798   0x00000018   Code   RO          778    i.USART1_IRQHandler  stm32f7xx_it.o
    0x080037b0   0x080037b0   0x00000018   Code   RO          779    i.USART2_IRQHandler  stm32f7xx_it.o
    0x080037c8   0x080037c8   0x00000018   Code   RO          780    i.USART3_IRQHandler  stm32f7xx_it.o
    0x080037e0   0x080037e0   0x00000018   Code   RO          781    i.USART6_IRQHandler  stm32f7xx_it.o
    0x080037f8   0x080037f8   0x00000064   Code   RO          370    i.USER_UART_IDLECallback  main.o
    0x0800385c   0x0800385c   0x0000009c   Code   RO          371    i.USER_UART_IRQHandler  main.o
    0x080038f8   0x080038f8   0x00000002   Code   RO          782    i.UsageFault_Handler  stm32f7xx_it.o
    0x080038fa   0x080038fa   0x00000002   PAD
    0x080038fc   0x080038fc   0x00000020   Code   RO         4388    i.__0printf         mc_w.l(printfa.o)
    0x0800391c   0x0800391c   0x00000028   Code   RO         4390    i.__0sprintf        mc_w.l(printfa.o)
    0x08003944   0x08003944   0x00000030   Code   RO         4472    i.__ARM_fpclassify  m_wm.l(fpclassify.o)
    0x08003974   0x08003974   0x00000022   Code   RO          952    i.__NVIC_SetPriority  stm32f7xx_hal_cortex.o
    0x08003996   0x08003996   0x00000002   PAD
    0x08003998   0x08003998   0x00000c50   Code   RO         4114    i.__hardfp_pow      m_wm.l(pow.o)
    0x080045e8   0x080045e8   0x000000f8   Code   RO         4474    i.__kernel_poly     m_wm.l(poly.o)
    0x080046e0   0x080046e0   0x00000030   Code   RO         4458    i.__mathlib_dbl_divzero  m_wm.l(dunder.o)
    0x08004710   0x08004710   0x00000014   Code   RO         4460    i.__mathlib_dbl_infnan2  m_wm.l(dunder.o)
    0x08004724   0x08004724   0x00000004   PAD
    0x08004728   0x08004728   0x00000020   Code   RO         4461    i.__mathlib_dbl_invalid  m_wm.l(dunder.o)
    0x08004748   0x08004748   0x00000020   Code   RO         4462    i.__mathlib_dbl_overflow  m_wm.l(dunder.o)
    0x08004768   0x08004768   0x00000020   Code   RO         4464    i.__mathlib_dbl_underflow  m_wm.l(dunder.o)
    0x08004788   0x08004788   0x0000000e   Code   RO         4540    i.__scatterload_copy  mc_w.l(handlers.o)
    0x08004796   0x08004796   0x00000002   Code   RO         4541    i.__scatterload_null  mc_w.l(handlers.o)
    0x08004798   0x08004798   0x0000000e   Code   RO         4542    i.__scatterload_zeroinit  mc_w.l(handlers.o)
    0x080047a6   0x080047a6   0x00000002   PAD
    0x080047a8   0x080047a8   0x0000000c   Code   RO         4518    i.__set_errno       mc_w.l(errno.o)
    0x080047b4   0x080047b4   0x00000184   Code   RO         4395    i._fp_digits        mc_w.l(printfa.o)
    0x08004938   0x08004938   0x000006b4   Code   RO         4396    i._printf_core      mc_w.l(printfa.o)
    0x08004fec   0x08004fec   0x00000024   Code   RO         4397    i._printf_post_padding  mc_w.l(printfa.o)
    0x08005010   0x08005010   0x0000002e   Code   RO         4398    i._printf_pre_padding  mc_w.l(printfa.o)
    0x0800503e   0x0800503e   0x0000000a   Code   RO         4400    i._sputc            mc_w.l(printfa.o)
    0x08005048   0x08005048   0x00000048   Code   RO           27    i.cJSON_Delete      cjson.o
    0x08005090   0x08005090   0x00000012   Code   RO           33    i.cJSON_GetArrayItem  cjson.o
    0x080050a2   0x080050a2   0x00000010   Code   RO           34    i.cJSON_GetArraySize  cjson.o
    0x080050b2   0x080050b2   0x0000001c   Code   RO           36    i.cJSON_GetObjectItem  cjson.o
    0x080050ce   0x080050ce   0x00000002   PAD
    0x080050d0   0x080050d0   0x0000001c   Code   RO           40    i.cJSON_New_Item    cjson.o
    0x080050ec   0x080050ec   0x00000008   Code   RO           41    i.cJSON_Parse       cjson.o
    0x080050f4   0x080050f4   0x00000060   Code   RO           42    i.cJSON_ParseWithOpts  cjson.o
    0x08005154   0x08005154   0x00000042   Code   RO           48    i.cJSON_strcasecmp  cjson.o
    0x08005196   0x08005196   0x00000018   Code   RO         4104    i.fabs              m_wm.l(fabs.o)
    0x080051ae   0x080051ae   0x00000002   PAD
    0x080051b0   0x080051b0   0x00000020   Code   RO          690    i.fputc             usart.o
    0x080051d0   0x080051d0   0x00000050   Code   RO         4416    i.free              mc_w.l(malloc.o)
    0x08005220   0x08005220   0x0000038c   Code   RO          372    i.main              main.o
    0x080055ac   0x080055ac   0x0000006c   Code   RO         4417    i.malloc            mc_w.l(malloc.o)
    0x08005618   0x08005618   0x00000078   Code   RO           52    i.parse_array       cjson.o
    0x08005690   0x08005690   0x000000a6   Code   RO           53    i.parse_hex4        cjson.o
    0x08005736   0x08005736   0x00000002   PAD
    0x08005738   0x08005738   0x00000194   Code   RO           54    i.parse_number      cjson.o
    0x080058cc   0x080058cc   0x000000b4   Code   RO           55    i.parse_object      cjson.o
    0x08005980   0x08005980   0x00000184   Code   RO           56    i.parse_string      cjson.o
    0x08005b04   0x08005b04   0x000000b4   Code   RO           57    i.parse_value       cjson.o
    0x08005bb8   0x08005bb8   0x00000014   Code   RO           64    i.skip              cjson.o
    0x08005bcc   0x08005bcc   0x0000006e   Code   RO         4479    i.sqrt              m_wm.l(sqrt.o)
    0x08005c3a   0x08005c3a   0x00000002   PAD
    0x08005c3c   0x08005c3c   0x00000020   Code   RO          691    i.uart_L610_send    usart.o
    0x08005c5c   0x08005c5c   0x00000007   Data   RO           66    .constdata          cjson.o
    0x08005c63   0x08005c63   0x00000008   Data   RO         2489    .constdata          stm32f7xx_hal_dma.o
    0x08005c6b   0x08005c6b   0x00000010   Data   RO         4069    .constdata          system_stm32f7xx.o
    0x08005c7b   0x08005c7b   0x00000008   Data   RO         4070    .constdata          system_stm32f7xx.o
    0x08005c83   0x08005c83   0x00000005   PAD
    0x08005c88   0x08005c88   0x00000088   Data   RO         4117    .constdata          m_wm.l(pow.o)
    0x08005d10   0x08005d10   0x00000008   Data   RO         4476    .constdata          m_wm.l(qnan.o)
    0x08005d18   0x08005d18   0x00000056   Data   RO          374    .conststring        main.o
    0x08005d6e   0x08005d6e   0x00000002   PAD
    0x08005d70   0x08005d70   0x00000020   Data   RO         4538    Region$$Table       anon$$obj.o


    Execution Region RW_IRAM1 (Exec base: 0x20000000, Load base: 0x08005d90, Size: 0x00003e58, Max: 0x00050000, ABSOLUTE, COMPRESSED[0x000000bc])

    Exec Addr    Load Addr    Size         Type   Attr      Idx    E Section Name        Object

    0x20000000   COMPRESSED   0x0000000c   Data   RW           67    .data               cjson.o
    0x2000000c   COMPRESSED   0x00000220   Data   RW          375    .data               main.o
    0x2000022c   COMPRESSED   0x0000000c   Data   RW         2866    .data               stm32f7xx_hal.o
    0x20000238   COMPRESSED   0x00000004   Data   RW         4071    .data               system_stm32f7xx.o
    0x2000023c   COMPRESSED   0x00000004   Data   RW         4505    .data               mc_w.l(stdout.o)
    0x20000240   COMPRESSED   0x00000004   Data   RW         4514    .data               mc_w.l(mvars.o)
    0x20000244   COMPRESSED   0x00000004   Data   RW         4515    .data               mc_w.l(mvars.o)
    0x20000248   COMPRESSED   0x00000004   Data   RW         4519    .data               mc_w.l(errno.o)
    0x2000024c        -       0x00000f3c   Zero   RW          373    .bss                main.o
    0x20001188        -       0x00000130   Zero   RW          630    .bss                tim.o
    0x200012b8        -       0x000003a0   Zero   RW          693    .bss                usart.o
    0x20001658        -       0x00002000   Zero   RW            2    HEAP                startup_stm32f750xx.o
    0x20003658        -       0x00000800   Zero   RW            1    STACK               startup_stm32f750xx.o


==============================================================================

Image component sizes


      Code (inc. data)   RO Data    RW Data    ZI Data      Debug   Object Name

      1790         96          7         12          0      15732   cjson.o
       108          4          0          0          0        830   dma.o
       160         16          0          0          0        951   gpio.o
      2088        754         86        544       3900     850137   main.o
        36          8        456          0      10240        836   startup_stm32f750xx.o
       150         24          0         12          0       9033   stm32f7xx_hal.o
       198         12          0          0          0      38983   stm32f7xx_hal_cortex.o
      1116         16          8          0          0       7973   stm32f7xx_hal_dma.o
       610         54          0          0          0       2909   stm32f7xx_hal_gpio.o
        48          6          0          0          0        846   stm32f7xx_hal_msp.o
       108          8          0          0          0       1264   stm32f7xx_hal_pwr_ex.o
      1368         68          0          0          0       5176   stm32f7xx_hal_rcc.o
      1276         16          0          0          0       2284   stm32f7xx_hal_rcc_ex.o
      1164         84          0          0          0      10233   stm32f7xx_hal_tim.o
       170         30          0          0          0       3104   stm32f7xx_hal_tim_ex.o
      2686         88          0          0          0      17394   stm32f7xx_hal_uart.o
       212         72          0          0          0       9982   stm32f7xx_it.o
        16          4         24          4          0       1127   system_stm32f7xx.o
       592         48          0          0        304       3857   tim.o
      1008         94          0          0        928       5586   usart.o

    ----------------------------------------------------------------------
     14938       1502        620        572      15372     988237   Object Totals
         0          0         32          0          0          0   (incl. Generated)
        34          0          7          0          0          0   (incl. Padding)

    ----------------------------------------------------------------------

      Code (inc. data)   RO Data    RW Data    ZI Data      Debug   Library Member Name

       164         44          0          0          0        620   dunder.o
        24          0          0          0          0        124   fabs.o
        48          0          0          0          0        124   fpclassify.o
       248          0          0          0          0        152   poly.o
      3152        296        136          0          0        352   pow.o
         0          0          8          0          0          0   qnan.o
       110          0          0          0          0        148   sqrt.o
        94          0          0          0          0          0   __dclz77c.o
         0          0          0          0          0          0   entry.o
         0          0          0          0          0          0   entry10a.o
         0          0          0          0          0          0   entry11a.o
         4          0          0          0          0          0   entry12b.o
         8          4          0          0          0          0   entry2.o
         4          0          0          0          0          0   entry5.o
         0          0          0          0          0          0   entry7b.o
         0          0          0          0          0          0   entry8b.o
         8          4          0          0          0          0   entry9a.o
        12          6          0          4          0         68   errno.o
        30          0          0          0          0          0   handlers.o
        36          8          0          0          0         68   init.o
         0          0          0          0          0          0   iusefp.o
        30          0          0          0          0         68   llshl.o
        36          0          0          0          0         68   llsshr.o
        32          0          0          0          0         68   llushr.o
       188         20          0          0          0        160   malloc.o
        36          0          0          0          0        108   memseta.o
         0          0          0          8          0          0   mvars.o
      2268         96          0          0          0        616   printfa.o
         0          0          0          4          0          0   stdout.o
        24          0          0          0          0         68   strcat.o
        20          0          0          0          0         68   strchr.o
        18          0          0          0          0         68   strcpy.o
        14          0          0          0          0         68   strlen.o
        40          0          0          0          0         76   strncat.o
        30          0          0          0          0         80   strncmp.o
        36          0          0          0          0         80   strstr.o
        12          0          0          0          0         68   tolower.o
        44          0          0          0          0         80   uidiv.o
        98          0          0          0          0         92   uldiv.o
        48          0          0          0          0         68   cdrcmple.o
       334          0          0          0          0        148   dadd.o
       222          0          0          0          0        100   ddiv.o
       186          0          0          0          0        176   depilogue.o
        62          0          0          0          0         80   dfixi.o
        48          0          0          0          0         68   dfixul.o
        34          0          0          0          0         76   dflti.o
       228          0          0          0          0         96   dmul.o
        46          0          0          0          0         80   dscalb.o
       162          0          0          0          0        100   dsqrt.o

    ----------------------------------------------------------------------
      8250        478        144         16          0       4484   Library Totals
        12          0          0          0          0          0   (incl. Padding)

    ----------------------------------------------------------------------

      Code (inc. data)   RO Data    RW Data    ZI Data      Debug   Library Name

      3746        340        144          0          0       1520   m_wm.l
      3122        138          0         16          0       1972   mc_w.l
      1370          0          0          0          0        992   mf_w.l

    ----------------------------------------------------------------------
      8250        478        144         16          0       4484   Library Totals

    ----------------------------------------------------------------------

==============================================================================


      Code (inc. data)   RO Data    RW Data    ZI Data      Debug   

     23188       1980        764        588      15372     978193   Grand Totals
     23188       1980        764        188      15372     978193   ELF Image Totals (compressed)
     23188       1980        764        188          0          0   ROM Totals

==============================================================================

    Total RO  Size (Code + RO Data)                23952 (  23.39kB)
    Total RW  Size (RW Data + ZI Data)             15960 (  15.59kB)
    Total ROM Size (Code + RO Data + RW Data)      24140 (  23.57kB)

==============================================================================

