Component: ARM Compiler 5.06 update 7 (build 960) Tool: armlink [4d3601]

==============================================================================

Section Cross References

    startup_stm32f407xx.o(RESET) refers to startup_stm32f407xx.o(STACK) for __initial_sp
    startup_stm32f407xx.o(RESET) refers to startup_stm32f407xx.o(.text) for Reset_Handler
    startup_stm32f407xx.o(RESET) refers to stm32f4xx_it.o(i.NMI_Handler) for NMI_Handler
    startup_stm32f407xx.o(RESET) refers to stm32f4xx_it.o(i.HardFault_Handler) for HardFault_Handler
    startup_stm32f407xx.o(RESET) refers to stm32f4xx_it.o(i.MemManage_Handler) for MemManage_Handler
    startup_stm32f407xx.o(RESET) refers to stm32f4xx_it.o(i.BusFault_Handler) for BusFault_Handler
    startup_stm32f407xx.o(RESET) refers to stm32f4xx_it.o(i.UsageFault_Handler) for UsageFault_Handler
    startup_stm32f407xx.o(RESET) refers to stm32f4xx_it.o(i.SVC_Handler) for SVC_Handler
    startup_stm32f407xx.o(RESET) refers to stm32f4xx_it.o(i.DebugMon_Handler) for DebugMon_Handler
    startup_stm32f407xx.o(RESET) refers to stm32f4xx_it.o(i.PendSV_Handler) for PendSV_Handler
    startup_stm32f407xx.o(RESET) refers to stm32f4xx_it.o(i.SysTick_Handler) for SysTick_Handler
    startup_stm32f407xx.o(RESET) refers to stm32f4xx_it.o(i.DMA1_Stream5_IRQHandler) for DMA1_Stream5_IRQHandler
    startup_stm32f407xx.o(RESET) refers to stm32f4xx_it.o(i.TIM2_IRQHandler) for TIM2_IRQHandler
    startup_stm32f407xx.o(RESET) refers to stm32f4xx_it.o(i.USART1_IRQHandler) for USART1_IRQHandler
    startup_stm32f407xx.o(RESET) refers to stm32f4xx_it.o(i.USART2_IRQHandler) for USART2_IRQHandler
    startup_stm32f407xx.o(RESET) refers to stm32f4xx_it.o(i.DMA2_Stream2_IRQHandler) for DMA2_Stream2_IRQHandler
    startup_stm32f407xx.o(.text) refers to system_stm32f4xx.o(i.SystemInit) for SystemInit
    startup_stm32f407xx.o(.text) refers to entry.o(.ARM.Collect$$$$00000000) for __main
    cjson.o(i.cJSON_AddItemReferenceToArray) refers to cjson.o(i.create_reference) for create_reference
    cjson.o(i.cJSON_AddItemReferenceToArray) refers to cjson.o(i.cJSON_AddItemToArray) for cJSON_AddItemToArray
    cjson.o(i.cJSON_AddItemReferenceToObject) refers to cjson.o(i.create_reference) for create_reference
    cjson.o(i.cJSON_AddItemReferenceToObject) refers to cjson.o(i.cJSON_AddItemToObject) for cJSON_AddItemToObject
    cjson.o(i.cJSON_AddItemToObject) refers to cjson.o(i.cJSON_strdup) for cJSON_strdup
    cjson.o(i.cJSON_AddItemToObject) refers to cjson.o(i.cJSON_AddItemToArray) for cJSON_AddItemToArray
    cjson.o(i.cJSON_AddItemToObject) refers to cjson.o(.data) for .data
    cjson.o(i.cJSON_AddItemToObjectCS) refers to cjson.o(i.cJSON_AddItemToArray) for cJSON_AddItemToArray
    cjson.o(i.cJSON_AddItemToObjectCS) refers to cjson.o(.data) for .data
    cjson.o(i.cJSON_CreateArray) refers to cjson.o(i.cJSON_New_Item) for cJSON_New_Item
    cjson.o(i.cJSON_CreateBool) refers to cjson.o(i.cJSON_New_Item) for cJSON_New_Item
    cjson.o(i.cJSON_CreateDoubleArray) refers to cjson.o(i.cJSON_CreateArray) for cJSON_CreateArray
    cjson.o(i.cJSON_CreateDoubleArray) refers to cjson.o(i.cJSON_CreateNumber) for cJSON_CreateNumber
    cjson.o(i.cJSON_CreateFalse) refers to cjson.o(i.cJSON_New_Item) for cJSON_New_Item
    cjson.o(i.cJSON_CreateFloatArray) refers to cjson.o(i.cJSON_CreateArray) for cJSON_CreateArray
    cjson.o(i.cJSON_CreateFloatArray) refers to f2d.o(.text) for __aeabi_f2d
    cjson.o(i.cJSON_CreateFloatArray) refers to cjson.o(i.cJSON_CreateNumber) for cJSON_CreateNumber
    cjson.o(i.cJSON_CreateIntArray) refers to cjson.o(i.cJSON_CreateArray) for cJSON_CreateArray
    cjson.o(i.cJSON_CreateIntArray) refers to dflti.o(.text) for __aeabi_i2d
    cjson.o(i.cJSON_CreateIntArray) refers to cjson.o(i.cJSON_CreateNumber) for cJSON_CreateNumber
    cjson.o(i.cJSON_CreateNull) refers to cjson.o(i.cJSON_New_Item) for cJSON_New_Item
    cjson.o(i.cJSON_CreateNumber) refers to cjson.o(i.cJSON_New_Item) for cJSON_New_Item
    cjson.o(i.cJSON_CreateNumber) refers to dfixi.o(.text) for __aeabi_d2iz
    cjson.o(i.cJSON_CreateObject) refers to cjson.o(i.cJSON_New_Item) for cJSON_New_Item
    cjson.o(i.cJSON_CreateString) refers to cjson.o(i.cJSON_New_Item) for cJSON_New_Item
    cjson.o(i.cJSON_CreateString) refers to cjson.o(i.cJSON_strdup) for cJSON_strdup
    cjson.o(i.cJSON_CreateStringArray) refers to cjson.o(i.cJSON_CreateArray) for cJSON_CreateArray
    cjson.o(i.cJSON_CreateStringArray) refers to cjson.o(i.cJSON_CreateString) for cJSON_CreateString
    cjson.o(i.cJSON_CreateTrue) refers to cjson.o(i.cJSON_New_Item) for cJSON_New_Item
    cjson.o(i.cJSON_Delete) refers to cjson.o(.data) for .data
    cjson.o(i.cJSON_DeleteItemFromArray) refers to cjson.o(i.cJSON_DetachItemFromArray) for cJSON_DetachItemFromArray
    cjson.o(i.cJSON_DeleteItemFromArray) refers to cjson.o(i.cJSON_Delete) for cJSON_Delete
[...]
    .text                                    0x0800026e   Section        0  strstr.o(.text)
    .text                                    0x08000292   Section        0  strchr.o(.text)
    .text                                    0x080002a6   Section        0  strlen.o(.text)
    .text                                    0x080002b4   Section        0  strncat.o(.text)
    .text                                    0x080002dc   Section        0  strcpy.o(.text)
    .text                                    0x080002ee   Section        0  strncmp.o(.text)
    .text                                    0x0800030c   Section        0  dadd.o(.text)
    .text                                    0x0800045a   Section        0  dmul.o(.text)
    .text                                    0x0800053e   Section        0  dflti.o(.text)
    .text                                    0x08000560   Section        0  dfixi.o(.text)
    .text                                    0x080005a0   Section       48  cdrcmple.o(.text)
    .text                                    0x080005d0   Section        0  uidiv.o(.text)
    .text                                    0x080005fc   Section        0  llshl.o(.text)
    .text                                    0x0800061a   Section        0  llushr.o(.text)
    .text                                    0x0800063a   Section        0  llsshr.o(.text)
    .text                                    0x0800065e   Section        0  iusefp.o(.text)
    .text                                    0x0800065e   Section        0  depilogue.o(.text)
    .text                                    0x08000718   Section        0  ddiv.o(.text)
    .text                                    0x080007f6   Section        0  dscalb.o(.text)
    .text                                    0x08000824   Section        0  dfixul.o(.text)
    .text                                    0x08000854   Section       36  init.o(.text)
    .text                                    0x08000878   Section        0  dsqrt.o(.text)
    .text                                    0x0800091a   Section        0  __dclz77c.o(.text)
    i.BusFault_Handler                       0x08000978   Section        0  stm32f4xx_it.o(i.BusFault_Handler)
    i.Clear_TotalBuffer                      0x0800097c   Section        0  main.o(i.Clear_TotalBuffer)
    i.Clear_cJSON                            0x080009a0   Section        0  main.o(i.Clear_cJSON)
    i.DMA1_Stream5_IRQHandler                0x080009cc   Section        0  stm32f4xx_it.o(i.DMA1_Stream5_IRQHandler)
    i.DMA2_Stream2_IRQHandler                0x080009d8   Section        0  stm32f4xx_it.o(i.DMA2_Stream2_IRQHandler)
    i.DMA_CalcBaseAndBitshift                0x080009e4   Section        0  stm32f4xx_hal_dma.o(i.DMA_CalcBaseAndBitshift)
    DMA_CalcBaseAndBitshift                  0x080009e5   Thumb Code    34  stm32f4xx_hal_dma.o(i.DMA_CalcBaseAndBitshift)
    i.DMA_CheckFifoParam                     0x08000a0c   Section        0  stm32f4xx_hal_dma.o(i.DMA_CheckFifoParam)
    DMA_CheckFifoParam                       0x08000a0d   Thumb Code    84  stm32f4xx_hal_dma.o(i.DMA_CheckFifoParam)
    i.DMA_SetConfig                          0x08000a60   Section        0  stm32f4xx_hal_dma.o(i.DMA_SetConfig)
    DMA_SetConfig                            0x08000a61   Thumb Code    40  stm32f4xx_hal_dma.o(i.DMA_SetConfig)
    i.DebugMon_Handler                       0x08000a88   Section        0  stm32f4xx_it.o(i.DebugMon_Handler)
    i.Error_Handler                          0x08000a8a   Section        0  main.o(i.Error_Handler)
    i.Generate_dynamicPart                   0x08000a90   Section        0  main.o(i.Generate_dynamicPart)
    i.GetcJSON_Object                        0x08000ac8   Section        0  main.o(i.GetcJSON_Object)
    i.HAL_DMA_Abort                          0x08000bc0   Section        0  stm32f4xx_hal_dma.o(i.HAL_DMA_Abort)
    i.HAL_DMA_Abort_IT                       0x08000c52   Section        0  stm32f4xx_hal_dma.o(i.HAL_DMA_Abort_IT)
    i.HAL_DMA_IRQHandler                     0x08000c78   Section        0  stm32f4xx_hal_dma.o(i.HAL_DMA_IRQHandler)
    i.HAL_DMA_Init                           0x08000e18   Section        0  stm32f4xx_hal_dma.o(i.HAL_DMA_Init)
    i.HAL_DMA_Start_IT                       0x08000eec   Section        0  stm32f4xx_hal_dma.o(i.HAL_DMA_Start_IT)
    i.HAL_Delay                              0x08000f5c   Section        0  stm32f4xx_hal.o(i.HAL_Delay)
    i.HAL_GPIO_Init                          0x08000f80   Section        0  stm32f4xx_hal_gpio.o(i.HAL_GPIO_Init)
    i.HAL_GPIO_TogglePin                     0x08001170   Section        0  stm32f4xx_hal_gpio.o(i.HAL_GPIO_TogglePin)
    i.HAL_GPIO_WritePin                      0x08001180   Section        0  stm32f4xx_hal_gpio.o(i.HAL_GPIO_WritePin)
    i.HAL_GetTick                            0x0800118c   Section        0  stm32f4xx_hal.o(i.HAL_GetTick)
    i.HAL_IncTick                            0x08001198   Section        0  stm32f4xx_hal.o(i.HAL_IncTick)
    i.HAL_Init                               0x080011a8   Section        0  stm32f4xx_hal.o(i.HAL_Init)
    i.HAL_InitTick                           0x080011dc   Section        0  stm32f4xx_hal.o(i.HAL_InitTick)
    i.HAL_MspInit                            0x0800121c   Section        0  stm32f4xx_hal_msp.o(i.HAL_MspInit)
    i.HAL_NVIC_EnableIRQ                     0x0800124c   Section        0  stm32f4xx_hal_cortex.o(i.HAL_NVIC_EnableIRQ)
    i.HAL_NVIC_SetPriority                   0x08001268   Section        0  stm32f4xx_hal_cortex.o(i.HAL_NVIC_SetPriority)
    i.HAL_NVIC_SetPriorityGrouping           0x080012a8   Section        0  stm32f4xx_hal_cortex.o(i.HAL_NVIC_SetPriorityGrouping)
    i.HAL_RCC_ClockConfig                    0x080012cc   Section        0  stm32f4xx_hal_rcc.o(i.HAL_RCC_ClockConfig)
    i.HAL_RCC_GetPCLK1Freq                   0x08001400   Section        0  stm32f4xx_hal_rcc.o(i.HAL_RCC_GetPCLK1Freq)
    i.HAL_RCC_GetPCLK2Freq                   0x08001420   Section        0  stm32f4xx_hal_rcc.o(i.HAL_RCC_GetPCLK2Freq)
    i.HAL_RCC_GetSysClockFreq                0x08001440   Section        0  stm32f4xx_hal_rcc.o(i.HAL_RCC_GetSysClockFreq)
    i.HAL_RCC_OscConfig                      0x080014a0   Section        0  stm32f4xx_hal_rcc.o(i.HAL_RCC_OscConfig)
    i.HAL_SYSTICK_Config                     0x0800180c   Section        0  stm32f4xx_hal_cortex.o(i.HAL_SYSTICK_Config)
    i.HAL_TIMEx_BreakCallback                0x08001834   Section        0  stm32f4xx_hal_tim_ex.o(i.HAL_TIMEx_BreakCallback)
    i.HAL_TIMEx_CommutCallback               0x08001836   Section        0  stm32f4xx_hal_tim_ex.o(i.HAL_TIMEx_CommutCallback)
    i.HAL_TIMEx_MasterConfigSynchronization  0x08001838   Section        0  stm32f4xx_hal_tim_ex.o(i.HAL_TIMEx_MasterConfigSynchronization)
    i.HAL_TIM_Base_Init                      0x080018c8   Section        0  stm32f4xx_hal_tim.o(i.HAL_TIM_Base_Init)
    i.HAL_TIM_Base_MspInit                   0x08001924   Section        0  tim.o(i.HAL_TIM_Base_MspInit)
    i.HAL_TIM_Base_Start_IT                  0x0800195c   Section        0  stm32f4xx_hal_tim.o(i.HAL_TIM_Base_Start_IT)
    i.HAL_TIM_ConfigClockSource              0x080019dc   Section        0  stm32f4xx_hal_tim.o(i.HAL_TIM_ConfigClockSource)
    i.HAL_TIM_IC_CaptureCallback             0x08001ab8   Section        0  stm32f4xx_hal_tim.o(i.HAL_TIM_IC_CaptureCallback)
    i.HAL_TIM_IRQHandler                     0x08001aba   Section        0  stm32f4xx_hal_tim.o(i.HAL_TIM_IRQHandler)
    i.HAL_TIM_OC_DelayElapsedCallback        0x08001c20   Section        0  stm32f4xx_hal_tim.o(i.HAL_TIM_OC_DelayElapsedCallback)
    i.HAL_TIM_PWM_PulseFinishedCallback      0x08001c22   Section        0  stm32f4xx_hal_tim.o(i.HAL_TIM_PWM_PulseFinishedCallback)
    i.HAL_TIM_PeriodElapsedCallback          0x08001c24   Section        0  main.o(i.HAL_TIM_PeriodElapsedCallback)
    i.HAL_TIM_TriggerCallback                0x08001d04   Section        0  stm32f4xx_hal_tim.o(i.HAL_TIM_TriggerCallback)
    i.HAL_UARTEx_RxEventCallback             0x08001d06   Section        0  stm32f4xx_hal_uart.o(i.HAL_UARTEx_RxEventCallback)
    i.HAL_UART_DMAStop                       0x08001d08   Section        0  stm32f4xx_hal_uart.o(i.HAL_UART_DMAStop)
    i.HAL_UART_ErrorCallback                 0x08001d78   Section        0  stm32f4xx_hal_uart.o(i.HAL_UART_ErrorCallback)
    i.HAL_UART_IRQHandler                    0x08001d7c   Section        0  stm32f4xx_hal_uart.o(i.HAL_UART_IRQHandler)
    i.HAL_UART_Init                          0x08001fe4   Section        0  stm32f4xx_hal_uart.o(i.HAL_UART_Init)
    i.HAL_UART_MspInit                       0x08002048   Section        0  usart.o(i.HAL_UART_MspInit)
    i.HAL_UART_Receive_DMA                   0x080021a8   Section        0  stm32f4xx_hal_uart.o(i.HAL_UART_Receive_DMA)
    i.HAL_UART_RxCpltCallback                0x080021d2   Section        0  stm32f4xx_hal_uart.o(i.HAL_UART_RxCpltCallback)
    i.HAL_UART_RxHalfCpltCallback            0x080021d4   Section        0  stm32f4xx_hal_uart.o(i.HAL_UART_RxHalfCpltCallback)
    i.HAL_UART_Transmit                      0x080021d8   Section        0  stm32f4xx_hal_uart.o(i.HAL_UART_Transmit)
    i.HAL_UART_TxCpltCallback                0x0800228a   Section        0  stm32f4xx_hal_uart.o(i.HAL_UART_TxCpltCallback)
    i.HardFault_Handler                      0x0800228c   Section        0  stm32f4xx_it.o(i.HardFault_Handler)
    i.I2C_Start                              0x08002290   Section        0  oled.o(i.I2C_Start)
    i.I2C_Stop                               0x080022d8   Section        0  oled.o(i.I2C_Stop)
    i.I2C_WaitAck                            0x0800230c   Section        0  oled.o(i.I2C_WaitAck)
    i.IIC_delay                              0x08002348   Section        0  oled.o(i.IIC_delay)
    i.MX_DMA_Init                            0x08002354   Section        0  dma.o(i.MX_DMA_Init)
    i.MX_GPIO_Init                           0x080023a0   Section        0  gpio.o(i.MX_GPIO_Init)
    i.MX_TIM2_Init                           0x08002468   Section        0  tim.o(i.MX_TIM2_Init)
    i.MX_USART1_UART_Init                    0x080024d0   Section        0  usart.o(i.MX_USART1_UART_Init)
    i.MX_USART2_UART_Init                    0x08002508   Section        0  usart.o(i.MX_USART2_UART_Init)
    i.MemManage_Handler                      0x08002540   Section        0  stm32f4xx_it.o(i.MemManage_Handler)
    i.NMI_Handler                            0x08002542   Section        0  stm32f4xx_it.o(i.NMI_Handler)
    i.OLED_Clear                             0x08002544   Section        0  oled.o(i.OLED_Clear)
    i.OLED_ColorTurn                         0x08002570   Section        0  oled.o(i.OLED_ColorTurn)
    i.OLED_DisplayTurn                       0x08002588   Section        0  oled.o(i.OLED_DisplayTurn)
    i.OLED_DrawPoint                         0x080025b4   Section        0  oled.o(i.OLED_DrawPoint)
    i.OLED_Init                              0x080025e0   Section        0  oled.o(i.OLED_Init)
    i.OLED_Refresh                           0x080026cc   Section        0  oled.o(i.OLED_Refresh)
    i.OLED_ShowChar                          0x08002734   Section        0  oled.o(i.OLED_ShowChar)
    i.OLED_ShowString                        0x08002818   Section        0  oled.o(i.OLED_ShowString)
    i.OLED_WR_Byte                           0x08002854   Section        0  oled.o(i.OLED_WR_Byte)
    i.PendSV_Handler                         0x0800288a   Section        0  stm32f4xx_it.o(i.PendSV_Handler)
    i.ResponseCommandMessage                 0x0800288c   Section        0  main.o(i.ResponseCommandMessage)
    i.ResponseFlagMessage                    0x08002930   Section        0  main.o(i.ResponseFlagMessage)
    i.SVC_Handler                            0x080029d4   Section        0  stm32f4xx_it.o(i.SVC_Handler)
    i.Send_Byte                              0x080029d8   Section        0  oled.o(i.Send_Byte)
    i.SysTick_Handler                        0x08002a2c   Section        0  stm32f4xx_it.o(i.SysTick_Handler)
    i.SystemClock_Config                     0x08002a30   Section        0  main.o(i.SystemClock_Config)
    i.SystemInit                             0x08002ac4   Section        0  system_stm32f4xx.o(i.SystemInit)
    i.TIM2_IRQHandler                        0x08002ad4   Section        0  stm32f4xx_it.o(i.TIM2_IRQHandler)
    i.TIM_Base_SetConfig                     0x08002ae0   Section        0  stm32f4xx_hal_tim.o(i.TIM_Base_SetConfig)
    i.TIM_ETR_SetConfig                      0x08002ba8   Section        0  stm32f4xx_hal_tim.o(i.TIM_ETR_SetConfig)
    i.TIM_ITRx_SetConfig                     0x08002bbc   Section        0  stm32f4xx_hal_tim.o(i.TIM_ITRx_SetConfig)
    TIM_ITRx_SetConfig                       0x08002bbd   Thumb Code    16  stm32f4xx_hal_tim.o(i.TIM_ITRx_SetConfig)
    i.TIM_TI1_ConfigInputStage               0x08002bcc   Section        0  stm32f4xx_hal_tim.o(i.TIM_TI1_ConfigInputStage)
    TIM_TI1_ConfigInputStage                 0x08002bcd   Thumb Code    34  stm32f4xx_hal_tim.o(i.TIM_TI1_ConfigInputStage)
    i.TIM_TI2_ConfigInputStage               0x08002bee   Section        0  stm32f4xx_hal_tim.o(i.TIM_TI2_ConfigInputStage)
    TIM_TI2_ConfigInputStage                 0x08002bef   Thumb Code    36  stm32f4xx_hal_tim.o(i.TIM_TI2_ConfigInputStage)
    i.UART_DMAAbortOnError                   0x08002c12   Section        0  stm32f4xx_hal_uart.o(i.UART_DMAAbortOnError)
    UART_DMAAbortOnError                     0x08002c13   Thumb Code    16  stm32f4xx_hal_uart.o(i.UART_DMAAbortOnError)
    i.UART_DMAError                          0x08002c22   Section        0  stm32f4xx_hal_uart.o(i.UART_DMAError)
    UART_DMAError                            0x08002c23   Thumb Code    74  stm32f4xx_hal_uart.o(i.UART_DMAError)
    i.UART_DMAReceiveCplt                    0x08002c6c   Section        0  stm32f4xx_hal_uart.o(i.UART_DMAReceiveCplt)
    UART_DMAReceiveCplt                      0x08002c6d   Thumb Code   130  stm32f4xx_hal_uart.o(i.UART_DMAReceiveCplt)
    i.UART_DMARxHalfCplt                     0x08002cee   Section        0  stm32f4xx_hal_uart.o(i.UART_DMARxHalfCplt)
    UART_DMARxHalfCplt                       0x08002cef   Thumb Code    26  stm32f4xx_hal_uart.o(i.UART_DMARxHalfCplt)
    i.UART_EndRxTransfer                     0x08002d08   Section        0  stm32f4xx_hal_uart.o(i.UART_EndRxTransfer)
    UART_EndRxTransfer                       0x08002d09   Thumb Code    78  stm32f4xx_hal_uart.o(i.UART_EndRxTransfer)
    i.UART_EndTxTransfer                     0x08002d56   Section        0  stm32f4xx_hal_uart.o(i.UART_EndTxTransfer)
    UART_EndTxTransfer                       0x08002d57   Thumb Code    28  stm32f4xx_hal_uart.o(i.UART_EndTxTransfer)
    i.UART_Receive_IT                        0x08002d72   Section        0  stm32f4xx_hal_uart.o(i.UART_Receive_IT)
    UART_Receive_IT                          0x08002d73   Thumb Code   192  stm32f4xx_hal_uart.o(i.UART_Receive_IT)
    i.UART_SetConfig                         0x08002e34   Section        0  stm32f4xx_hal_uart.o(i.UART_SetConfig)
    UART_SetConfig                           0x08002e35   Thumb Code   258  stm32f4xx_hal_uart.o(i.UART_SetConfig)
    i.UART_Start_Receive_DMA                 0x08002f40   Section        0  stm32f4xx_hal_uart.o(i.UART_Start_Receive_DMA)
    i.UART_WaitOnFlagUntilTimeout            0x08002fd4   Section        0  stm32f4xx_hal_uart.o(i.UART_WaitOnFlagUntilTimeout)
    UART_WaitOnFlagUntilTimeout              0x08002fd5   Thumb Code   120  stm32f4xx_hal_uart.o(i.UART_WaitOnFlagUntilTimeout)
    i.USART1_IRQHandler                      0x0800304c   Section        0  stm32f4xx_it.o(i.USART1_IRQHandler)
    i.USART2_IRQHandler                      0x08003064   Section        0  stm32f4xx_it.o(i.USART2_IRQHandler)
    i.USER_UART_IDLECallback                 0x0800307c   Section        0  main.o(i.USER_UART_IDLECallback)
    i.USER_UART_IRQHandler                   0x080030dc   Section        0  main.o(i.USER_UART_IRQHandler)
    i.UsageFault_Handler                     0x08003138   Section        0  stm32f4xx_it.o(i.UsageFault_Handler)
    i.__0printf                              0x0800313c   Section        0  printfa.o(i.__0printf)
    i.__0sprintf                             0x0800315c   Section        0  printfa.o(i.__0sprintf)
    i.__ARM_fpclassify                       0x08003184   Section        0  fpclassify.o(i.__ARM_fpclassify)
    i.__NVIC_SetPriority                     0x080031b4   Section        0  stm32f4xx_hal_cortex.o(i.__NVIC_SetPriority)
    __NVIC_SetPriority                       0x080031b5   Thumb Code    32  stm32f4xx_hal_cortex.o(i.__NVIC_SetPriority)
    i.__hardfp_pow                           0x080031d8   Section        0  pow.o(i.__hardfp_pow)
    i.__kernel_poly                          0x08003e28   Section        0  poly.o(i.__kernel_poly)
    i.__mathlib_dbl_divzero                  0x08003f20   Section        0  dunder.o(i.__mathlib_dbl_divzero)
    i.__mathlib_dbl_infnan2                  0x08003f50   Section        0  dunder.o(i.__mathlib_dbl_infnan2)
    i.__mathlib_dbl_invalid                  0x08003f68   Section        0  dunder.o(i.__mathlib_dbl_invalid)
    i.__mathlib_dbl_overflow                 0x08003f88   Section        0  dunder.o(i.__mathlib_dbl_overflow)
    i.__mathlib_dbl_underflow                0x08003fa8   Section        0  dunder.o(i.__mathlib_dbl_underflow)
    i.__scatterload_copy                     0x08003fc8   Section       14  handlers.o(i.__scatterload_copy)
    i.__scatterload_null                     0x08003fd6   Section        2  handlers.o(i.__scatterload_null)
    i.__scatterload_zeroinit                 0x08003fd8   Section       14  handlers.o(i.__scatterload_zeroinit)
    i.__set_errno                            0x08003fe8   Section        0  errno.o(i.__set_errno)
    i._fp_digits                             0x08003ff4   Section        0  printfa.o(i._fp_digits)
    _fp_digits                               0x08003ff5   Thumb Code   366  printfa.o(i._fp_digits)
    i._printf_core                           0x08004178   Section        0  printfa.o(i._printf_core)
    _printf_core                             0x08004179   Thumb Code  1704  printfa.o(i._printf_core)
    i._printf_post_padding                   0x0800482c   Section        0  printfa.o(i._printf_post_padding)
    _printf_post_padding                     0x0800482d   Thumb Code    36  printfa.o(i._printf_post_padding)
    i._printf_pre_padding                    0x08004850   Section        0  printfa.o(i._printf_pre_padding)
    _printf_pre_padding                      0x08004851   Thumb Code    46  printfa.o(i._printf_pre_padding)
    i._sputc                                 0x0800487e   Section        0  printfa.o(i._sputc)
    _sputc                                   0x0800487f   Thumb Code    10  printfa.o(i._sputc)
    i.cJSON_Delete                           0x08004888   Section        0  cjson.o(i.cJSON_Delete)
    i.cJSON_GetArrayItem                     0x080048d0   Section        0  cjson.o(i.cJSON_GetArrayItem)
    i.cJSON_GetArraySize                     0x080048e2   Section        0  cjson.o(i.cJSON_GetArraySize)
    i.cJSON_GetObjectItem                    0x080048f2   Section        0  cjson.o(i.cJSON_GetObjectItem)
    i.cJSON_New_Item                         0x08004910   Section        0  cjson.o(i.cJSON_New_Item)
    cJSON_New_Item                           0x08004911   Thumb Code    24  cjson.o(i.cJSON_New_Item)
    i.cJSON_Parse                            0x0800492c   Section        0  cjson.o(i.cJSON_Parse)
    i.cJSON_ParseWithOpts                    0x08004934   Section        0  cjson.o(i.cJSON_ParseWithOpts)
    i.cJSON_strcasecmp                       0x08004994   Section        0  cjson.o(i.cJSON_strcasecmp)
    cJSON_strcasecmp                         0x08004995   Thumb Code    66  cjson.o(i.cJSON_strcasecmp)
    i.fabs                                   0x080049d6   Section        0  fabs.o(i.fabs)
    i.fputc                                  0x080049f0   Section        0  usart.o(i.fputc)
    i.free                                   0x08004a10   Section        0  malloc.o(i.free)
    i.main                                   0x08004a60   Section        0  main.o(i.main)
    i.malloc                                 0x08004e0c   Section        0  malloc.o(i.malloc)
    i.parse_array                            0x08004e78   Section        0  cjson.o(i.parse_array)
    parse_array                              0x08004e79   Thumb Code   114  cjson.o(i.parse_array)
    i.parse_hex4                             0x08004ef0   Section        0  cjson.o(i.parse_hex4)
    parse_hex4                               0x08004ef1   Thumb Code   166  cjson.o(i.parse_hex4)
    i.parse_number                           0x08004f98   Section        0  cjson.o(i.parse_number)
    parse_number                             0x08004f99   Thumb Code   370  cjson.o(i.parse_number)
    i.parse_object                           0x0800512c   Section        0  cjson.o(i.parse_object)
    parse_object                             0x0800512d   Thumb Code   180  cjson.o(i.parse_object)
    i.parse_string                           0x080051e4   Section        0  cjson.o(i.parse_string)
    parse_string                             0x080051e5   Thumb Code   374  cjson.o(i.parse_string)
    i.parse_value                            0x08005364   Section        0  cjson.o(i.parse_value)
    parse_value                              0x08005365   Thumb Code   152  cjson.o(i.parse_value)
    i.skip                                   0x08005418   Section        0  cjson.o(i.skip)
    skip                                     0x08005419   Thumb Code    20  cjson.o(i.skip)
    i.sqrt                                   0x0800542c   Section        0  sqrt.o(i.sqrt)
    i.uart_L610_send                         0x0800549c   Section        0  usart.o(i.uart_L610_send)
    .constdata                               0x080054bc   Section        7  cjson.o(.constdata)
    firstByteMark                            0x080054bc   Data           7  cjson.o(.constdata)
    .constdata                               0x080054c3   Section     7696  oled.o(.constdata)
    .constdata                               0x080072d3   Section        8  stm32f4xx_hal_dma.o(.constdata)
    flagBitshiftOffset                       0x080072d3   Data           8  stm32f4xx_hal_dma.o(.constdata)
    .constdata                               0x080072db   Section       16  system_stm32f4xx.o(.constdata)
    .constdata                               0x080072eb   Section        8  system_stm32f4xx.o(.constdata)
    .constdata                               0x080072f8   Section      136  pow.o(.constdata)
    bp                                       0x080072f8   Data          16  pow.o(.constdata)
    dp_h                                     0x08007308   Data          16  pow.o(.constdata)
    dp_l                                     0x08007318   Data          16  pow.o(.constdata)
    L                                        0x08007328   Data          48  pow.o(.constdata)
    P                                        0x08007358   Data          40  pow.o(.constdata)
    .constdata                               0x08007380   Section        8  qnan.o(.constdata)
    .conststring                             0x08007388   Section      270  main.o(.conststring)
    .data                                    0x20000000   Section       12  cjson.o(.data)
    cJSON_malloc                             0x20000000   Data           4  cjson.o(.data)
    cJSON_free                               0x20000004   Data           4  cjson.o(.data)
    ep                                       0x20000008   Data           4  cjson.o(.data)
    .data                                    0x2000000c   Section     1320  main.o(.data)
    .data                                    0x20000534   Section       12  stm32f4xx_hal.o(.data)
    .data                                    0x20000540   Section        4  system_stm32f4xx.o(.data)
    .data                                    0x20000544   Section        4  stdout.o(.data)
    .data                                    0x20000548   Section        4  mvars.o(.data)
    .data                                    0x2000054c   Section        4  mvars.o(.data)
    .data                                    0x20000550   Section        4  errno.o(.data)
    _errno                                   0x20000550   Data           4  errno.o(.data)
    .bss                                     0x20000554   Section     1152  oled.o(.bss)
    .bss                                     0x200009d4   Section     6144  main.o(.bss)
    .bss                                     0x200021d4   Section       72  tim.o(.bss)
    .bss                                     0x2000221c   Section      328  usart.o(.bss)
    HEAP                                     0x20002368   Section    16384  startup_stm32f407xx.o(HEAP)
    STACK                                    0x20006368   Section     1024  startup_stm32f407xx.o(STACK)

    Global Symbols

    Symbol Name                              Value     Ov Type        Size  Object(Section)

    BuildAttributes$$THM_ISAv4$E$P$D$K$B$S$7EM$VFPi3$EXTD16$VFPS$VFMA$PE$A:L22UL41UL21$X:L11$S22US41US21$IEEE1$IW$USESV6$~STKCKD$USESV7$~SHL$OTIME$ROPI$IEEEX$EBA8$MICROLIB$REQ8$PRES8$EABIv2 0x00000000   Number         0  anon$$obj.o ABSOLUTE
    __ARM_use_no_argv                        0x00000000   Number         0  main.o ABSOLUTE
    _printf_a                                0x00000000   Number         0  stubs.o ABSOLUTE
    _printf_c                                0x00000000   Number         0  stubs.o ABSOLUTE
    _printf_charcount                        0x00000000   Number         0  stubs.o ABSOLUTE
    _printf_d                                0x00000000   Number         0  stubs.o ABSOLUTE
    _printf_e                                0x00000000   Number         0  stubs.o ABSOLUTE
    _printf_f                                0x00000000   Number         0  stubs.o ABSOLUTE
    _printf_flags                            0x00000000   Number         0  stubs.o ABSOLUTE
    _printf_fp_dec                           0x00000000   Number         0  stubs.o ABSOLUTE
    _printf_fp_hex                           0x00000000   Number         0  stubs.o ABSOLUTE
    _printf_g                                0x00000000   Number         0  stubs.o ABSOLUTE
    _printf_i                                0x00000000   Number         0  stubs.o ABSOLUTE
    _printf_int_dec                          0x00000000   Number         0  stubs.o ABSOLUTE
    _printf_l                                0x00000000   Number         0  stubs.o ABSOLUTE
    _printf_lc                               0x00000000   Number         0  stubs.o ABSOLUTE
    _printf_ll                               0x00000000   Number         0  stubs.o ABSOLUTE
    _printf_lld                              0x00000000   Number         0  stubs.o ABSOLUTE
    _printf_lli                              0x00000000   Number         0  stubs.o ABSOLUTE
    _printf_llo                              0x00000000   Number         0  stubs.o ABSOLUTE
    _printf_llu                              0x00000000   Number         0  stubs.o ABSOLUTE
    _printf_llx                              0x00000000   Number         0  stubs.o ABSOLUTE
    _printf_longlong_dec                     0x00000000   Number         0  stubs.o ABSOLUTE
    _printf_longlong_hex                     0x00000000   Number         0  stubs.o ABSOLUTE
    _printf_longlong_oct                     0x00000000   Number         0  stubs.o ABSOLUTE
    _printf_ls                               0x00000000   Number         0  stubs.o ABSOLUTE
    _printf_mbtowc                           0x00000000   Number         0  stubs.o ABSOLUTE
    _printf_n                                0x00000000   Number         0  stubs.o ABSOLUTE
    _printf_o                                0x00000000   Number         0  stubs.o ABSOLUTE
    _printf_p                                0x00000000   Number         0  stubs.o ABSOLUTE
    _printf_percent                          0x00000000   Number         0  stubs.o ABSOLUTE
    _printf_pre_padding                      0x00000000   Number         0  stubs.o ABSOLUTE
    _printf_return_value                     0x00000000   Number         0  stubs.o ABSOLUTE
    _printf_s                                0x00000000   Number         0  stubs.o ABSOLUTE
    _printf_sizespec                         0x00000000   Number         0  stubs.o ABSOLUTE
    _printf_str                              0x00000000   Number         0  stubs.o ABSOLUTE
    _printf_truncate_signed                  0x00000000   Number         0  stubs.o ABSOLUTE
    _printf_truncate_unsigned                0x00000000   Number         0  stubs.o ABSOLUTE
    _printf_u                                0x00000000   Number         0  stubs.o ABSOLUTE
    _printf_wc                               0x00000000   Number         0  stubs.o ABSOLUTE
    _printf_wctomb                           0x00000000   Number         0  stubs.o ABSOLUTE
    _printf_widthprec                        0x00000000   Number         0  stubs.o ABSOLUTE
    _printf_x                                0x00000000   Number         0  stubs.o ABSOLUTE
    __arm_fini_                               - Undefined Weak Reference
    __cpp_initialize__aeabi_                  - Undefined Weak Reference
    __cxa_finalize                            - Undefined Weak Reference
    _clock_init                               - Undefined Weak Reference
    _microlib_exit                            - Undefined Weak Reference
    __Vectors_Size                           0x00000188   Number         0  startup_stm32f407xx.o ABSOLUTE
    __Vectors                                0x08000000   Data           4  startup_stm32f407xx.o(RESET)
    __Vectors_End                            0x08000188   Data           0  startup_stm32f407xx.o(RESET)
    __main                                   0x08000189   Thumb Code     0  entry.o(.ARM.Collect$$$$00000000)
    _main_stk                                0x08000189   Thumb Code     0  entry2.o(.ARM.Collect$$$$00000001)
    _main_scatterload                        0x0800018d   Thumb Code     0  entry5.o(.ARM.Collect$$$$00000004)
    __main_after_scatterload                 0x08000191   Thumb Code     0  entry5.o(.ARM.Collect$$$$00000004)
    _main_clock                              0x08000191   Thumb Code     0  entry7b.o(.ARM.Collect$$$$00000008)
    _main_cpp_init                           0x08000191   Thumb Code     0  entry8b.o(.ARM.Collect$$$$0000000A)
    _main_init                               0x08000191   Thumb Code     0  entry9a.o(.ARM.Collect$$$$0000000B)
    __rt_lib_shutdown_fini                   0x08000199   Thumb Code     0  entry12b.o(.ARM.Collect$$$$0000000E)
    __rt_final_cpp                           0x0800019d   Thumb Code     0  entry10a.o(.ARM.Collect$$$$0000000F)
    __rt_final_exit                          0x0800019d   Thumb Code     0  entry11a.o(.ARM.Collect$$$$00000011)
    Reset_Handler                            0x080001a1   Thumb Code     8  startup_stm32f407xx.o(.text)
    ADC_IRQHandler                           0x080001bb   Thumb Code     0  startup_stm32f407xx.o(.text)
    CAN1_RX0_IRQHandler                      0x080001bb   Thumb Code     0  startup_stm32f407xx.o(.text)
    CAN1_RX1_IRQHandler                      0x080001bb   Thumb Code     0  startup_stm32f407xx.o(.text)
    CAN1_SCE_IRQHandler                      0x080001bb   Thumb Code     0  startup_stm32f407xx.o(.text)
    CAN1_TX_IRQHandler                       0x080001bb   Thumb Code     0  startup_stm32f407xx.o(.text)
    CAN2_RX0_IRQHandler                      0x080001bb   Thumb Code     0  startup_stm32f407xx.o(.text)
    CAN2_RX1_IRQHandler                      0x080001bb   Thumb Code     0  startup_stm32f407xx.o(.text)
    CAN2_SCE_IRQHandler                      0x080001bb   Thumb Code     0  startup_stm32f407xx.o(.text)
    CAN2_TX_IRQHandler                       0x080001bb   Thumb Code     0  startup_stm32f407xx.o(.text)
    DCMI_IRQHandler                          0x080001bb   Thumb Code     0  startup_stm32f407xx.o(.text)
    DMA1_Stream0_IRQHandler                  0x080001bb   Thumb Code     0  startup_stm32f407xx.o(.text)
    DMA1_Stream1_IRQHandler                  0x080001bb   Thumb Code     0  startup_stm32f407xx.o(.text)
    DMA1_Stream2_IRQHandler                  0x080001bb   Thumb Code     0  startup_stm32f407xx.o(.text)
    DMA1_Stream3_IRQHandler                  0x080001bb   Thumb Code     0  startup_stm32f407xx.o(.text)
    DMA1_Stream4_IRQHandler                  0x080001bb   Thumb Code     0  startup_stm32f407xx.o(.text)
    DMA1_Stream6_IRQHandler                  0x080001bb   Thumb Code     0  startup_stm32f407xx.o(.text)
    DMA1_Stream7_IRQHandler                  0x080001bb   Thumb Code     0  startup_stm32f407xx.o(.text)
    DMA2_Stream0_IRQHandler                  0x080001bb   Thumb Code     0  startup_stm32f407xx.o(.text)
    DMA2_Stream1_IRQHandler                  0x080001bb   Thumb Code     0  startup_stm32f407xx.o(.text)
    DMA2_Stream3_IRQHandler                  0x080001bb   Thumb Code     0  startup_stm32f407xx.o(.text)
    DMA2_Stream4_IRQHandler                  0x080001bb   Thumb Code     0  startup_stm32f407xx.o(.text)
    DMA2_Stream5_IRQHandler                  0x080001bb   Thumb Code     0  startup_stm32f407xx.o(.text)
    DMA2_Stream6_IRQHandler                  0x080001bb   Thumb Code     0  startup_stm32f407xx.o(.text)
    DMA2_Stream7_IRQHandler                  0x080001bb   Thumb Code     0  startup_stm32f407xx.o(.text)
    ETH_IRQHandler                           0x080001bb   Thumb Code     0  startup_stm32f407xx.o(.text)
    ETH_WKUP_IRQHandler                      0x080001bb   Thumb Code     0  startup_stm32f407xx.o(.text)
    EXTI0_IRQHandler                         0x080001bb   Thumb Code     0  startup_stm32f407xx.o(.text)
    EXTI15_10_IRQHandler                     0x080001bb   Thumb Code     0  startup_stm32f407xx.o(.text)
    EXTI1_IRQHandler                         0x080001bb   Thumb Code     0  startup_stm32f407xx.o(.text)
    EXTI2_IRQHandler                         0x080001bb   Thumb Code     0  startup_stm32f407xx.o(.text)
    EXTI3_IRQHandler                         0x080001bb   Thumb Code     0  startup_stm32f407xx.o(.text)
    EXTI4_IRQHandler                         0x080001bb   Thumb Code     0  startup_stm32f407xx.o(.text)
    EXTI9_5_IRQHandler                       0x080001bb   Thumb Code     0  startup_stm32f407xx.o(.text)
    FLASH_IRQHandler                         0x080001bb   Thumb Code     0  startup_stm32f407xx.o(.text)
    FMC_IRQHandler                           0x080001bb   Thumb Code     0  startup_stm32f407xx.o(.text)
    FPU_IRQHandler                           0x080001bb   Thumb Code     0  startup_stm32f407xx.o(.text)
    HASH_RNG_IRQHandler                      0x080001bb   Thumb Code     0  startup_stm32f407xx.o(.text)
    I2C1_ER_IRQHandler                       0x080001bb   Thumb Code     0  startup_stm32f407xx.o(.text)
    I2C1_EV_IRQHandler                       0x080001bb   Thumb Code     0  startup_stm32f407xx.o(.text)
    I2C2_ER_IRQHandler                       0x080001bb   Thumb Code     0  startup_stm32f407xx.o(.text)
    I2C2_EV_IRQHandler                       0x080001bb   Thumb Code     0  startup_stm32f407xx.o(.text)
    I2C3_ER_IRQHandler                       0x080001bb   Thumb Code     0  startup_stm32f407xx.o(.text)
    I2C3_EV_IRQHandler                       0x080001bb   Thumb Code     0  startup_stm32f407xx.o(.text)
    OTG_FS_IRQHandler                        0x080001bb   Thumb Code     0  startup_stm32f407xx.o(.text)
    OTG_FS_WKUP_IRQHandler                   0x080001bb   Thumb Code     0  startup_stm32f407xx.o(.text)
    OTG_HS_EP1_IN_IRQHandler                 0x080001bb   Thumb Code     0  startup_stm32f407xx.o(.text)
    OTG_HS_EP1_OUT_IRQHandler                0x080001bb   Thumb Code     0  startup_stm32f407xx.o(.text)
    OTG_HS_IRQHandler                        0x080001bb   Thumb Code     0  startup_stm32f407xx.o(.text)
    OTG_HS_WKUP_IRQHandler                   0x080001bb   Thumb Code     0  startup_stm32f407xx.o(.text)
    PVD_IRQHandler                           0x080001bb   Thumb Code     0  startup_stm32f407xx.o(.text)
    RCC_IRQHandler                           0x080001bb   Thumb Code     0  startup_stm32f407xx.o(.text)
    RTC_Alarm_IRQHandler                     0x080001bb   Thumb Code     0  startup_stm32f407xx.o(.text)
    RTC_WKUP_IRQHandler                      0x080001bb   Thumb Code     0  startup_stm32f407xx.o(.text)
    SDIO_IRQHandler                          0x080001bb   Thumb Code     0  startup_stm32f407xx.o(.text)
    SPI1_IRQHandler                          0x080001bb   Thumb Code     0  startup_stm32f407xx.o(.text)
    SPI2_IRQHandler                          0x080001bb   Thumb Code     0  startup_stm32f407xx.o(.text)
    SPI3_IRQHandler                          0x080001bb   Thumb Code     0  startup_stm32f407xx.o(.text)
    TAMP_STAMP_IRQHandler                    0x080001bb   Thumb Code     0  startup_stm32f407xx.o(.text)
    TIM1_BRK_TIM9_IRQHandler                 0x080001bb   Thumb Code     0  startup_stm32f407xx.o(.text)
    TIM1_CC_IRQHandler                       0x080001bb   Thumb Code     0  startup_stm32f407xx.o(.text)
    TIM1_TRG_COM_TIM11_IRQHandler            0x080001bb   Thumb Code     0  startup_stm32f407xx.o(.text)
    TIM1_UP_TIM10_IRQHandler                 0x080001bb   Thumb Code     0  startup_stm32f407xx.o(.text)
    TIM3_IRQHandler                          0x080001bb   Thumb Code     0  startup_stm32f407xx.o(.text)
    TIM4_IRQHandler                          0x080001bb   Thumb Code     0  startup_stm32f407xx.o(.text)
    TIM5_IRQHandler                          0x080001bb   Thumb Code     0  startup_stm32f407xx.o(.text)
    TIM6_DAC_IRQHandler                      0x080001bb   Thumb Code     0  startup_stm32f407xx.o(.text)
    TIM7_IRQHandler                          0x080001bb   Thumb Code     0  startup_stm32f407xx.o(.text)
    TIM8_BRK_TIM12_IRQHandler                0x080001bb   Thumb Code     0  startup_stm32f407xx.o(.text)
    TIM8_CC_IRQHandler                       0x080001bb   Thumb Code     0  startup_stm32f407xx.o(.text)
    TIM8_TRG_COM_TIM14_IRQHandler            0x080001bb   Thumb Code     0  startup_stm32f407xx.o(.text)
    TIM8_UP_TIM13_IRQHandler                 0x080001bb   Thumb Code     0  startup_stm32f407xx.o(.text)
    UART4_IRQHandler                         0x080001bb   Thumb Code     0  startup_stm32f407xx.o(.text)
    UART5_IRQHandler                         0x080001bb   Thumb Code     0  startup_stm32f407xx.o(.text)
    USART3_IRQHandler                        0x080001bb   Thumb Code     0  startup_stm32f407xx.o(.text)
    USART6_IRQHandler                        0x080001bb   Thumb Code     0  startup_stm32f407xx.o(.text)
    WWDG_IRQHandler                          0x080001bb   Thumb Code     0  startup_stm32f407xx.o(.text)
    __aeabi_uldivmod                         0x080001c5   Thumb Code    98  uldiv.o(.text)
    tolower                                  0x08000227   Thumb Code    12  tolower.o(.text)
    __aeabi_memset                           0x08000233   Thumb Code    14  memseta.o(.text)
    __aeabi_memset4                          0x08000233   Thumb Code     0  memseta.o(.text)
    __aeabi_memset8                          0x08000233   Thumb Code     0  memseta.o(.text)
    __aeabi_memclr                           0x08000241   Thumb Code     4  memseta.o(.text)
    __aeabi_memclr4                          0x08000241   Thumb Code     0  memseta.o(.text)
    __aeabi_memclr8                          0x08000241   Thumb Code     0  memseta.o(.text)
    _memset$wrapper                          0x08000245   Thumb Code    18  memseta.o(.text)
    strcat                                   0x08000257   Thumb Code    24  strcat.o(.text)
    strstr                                   0x0800026f   Thumb Code    36  strstr.o(.text)
    strchr                                   0x08000293   Thumb Code    20  strchr.o(.text)
    strlen                                   0x080002a7   Thumb Code    14  strlen.o(.text)
    strncat                                  0x080002b5   Thumb Code    40  strncat.o(.text)
    strcpy                                   0x080002dd   Thumb Code    18  strcpy.o(.text)
    strncmp                                  0x080002ef   Thumb Code    30  strncmp.o(.text)
    __aeabi_dadd                             0x0800030d   Thumb Code   322  dadd.o(.text)
    __aeabi_dsub                             0x0800044f   Thumb Code     6  dadd.o(.text)
    __aeabi_drsub                            0x08000455   Thumb Code     6  dadd.o(.text)
    __aeabi_dmul                             0x0800045b   Thumb Code   228  dmul.o(.text)
    __aeabi_i2d                              0x0800053f   Thumb Code    34  dflti.o(.text)
    __aeabi_d2iz                             0x08000561   Thumb Code    62  dfixi.o(.text)
    __aeabi_cdrcmple                         0x080005a1   Thumb Code    48  cdrcmple.o(.text)
    __aeabi_uidiv                            0x080005d1   Thumb Code     0  uidiv.o(.text)
    __aeabi_uidivmod                         0x080005d1   Thumb Code    44  uidiv.o(.text)
    __aeabi_llsl                             0x080005fd   Thumb Code    30  llshl.o(.text)
    _ll_shift_l                              0x080005fd   Thumb Code     0  llshl.o(.text)
    __aeabi_llsr                             0x0800061b   Thumb Code    32  llushr.o(.text)
    _ll_ushift_r                             0x0800061b   Thumb Code     0  llushr.o(.text)
    __aeabi_lasr                             0x0800063b   Thumb Code    36  llsshr.o(.text)
    _ll_sshift_r                             0x0800063b   Thumb Code     0  llsshr.o(.text)
    __I$use$fp                               0x0800065f   Thumb Code     0  iusefp.o(.text)
    _double_round                            0x0800065f   Thumb Code    30  depilogue.o(.text)
    _double_epilogue                         0x0800067d   Thumb Code   156  depilogue.o(.text)
    __aeabi_ddiv                             0x08000719   Thumb Code   222  ddiv.o(.text)
    __ARM_scalbn                             0x080007f7   Thumb Code    46  dscalb.o(.text)
    scalbn                                   0x080007f7   Thumb Code     0  dscalb.o(.text)
    __aeabi_d2ulz                            0x08000825   Thumb Code    48  dfixul.o(.text)
    __scatterload                            0x08000855   Thumb Code    28  init.o(.text)
    __scatterload_rt2                        0x08000855   Thumb Code     0  init.o(.text)
    _dsqrt                                   0x08000879   Thumb Code   162  dsqrt.o(.text)
    __decompress                             0x0800091b   Thumb Code     0  __dclz77c.o(.text)
    __decompress2                            0x0800091b   Thumb Code    94  __dclz77c.o(.text)
    BusFault_Handler                         0x08000979   Thumb Code     2  stm32f4xx_it.o(i.BusFault_Handler)
    Clear_TotalBuffer                        0x0800097d   Thumb Code    28  main.o(i.Clear_TotalBuffer)
    Clear_cJSON                              0x080009a1   Thumb Code    34  main.o(i.Clear_cJSON)
    DMA1_Stream5_IRQHandler                  0x080009cd   Thumb Code     6  stm32f4xx_it.o(i.DMA1_Stream5_IRQHandler)
    DMA2_Stream2_IRQHandler                  0x080009d9   Thumb Code     6  stm32f4xx_it.o(i.DMA2_Stream2_IRQHandler)
    DebugMon_Handler                         0x08000a89   Thumb Code     2  stm32f4xx_it.o(i.DebugMon_Handler)
    Error_Handler                            0x08000a8b   Thumb Code     4  main.o(i.Error_Handler)
    Generate_dynamicPart                     0x08000a91   Thumb Code    38  main.o(i.Generate_dynamicPart)
    GetcJSON_Object                          0x08000ac9   Thumb Code   116  main.o(i.GetcJSON_Object)
    HAL_DMA_Abort                            0x08000bc1   Thumb Code   146  stm32f4xx_hal_dma.o(i.HAL_DMA_Abort)
    HAL_DMA_Abort_IT                         0x08000c53   Thumb Code    36  stm32f4xx_hal_dma.o(i.HAL_DMA_Abort_IT)
    HAL_DMA_IRQHandler                       0x08000c79   Thumb Code   412  stm32f4xx_hal_dma.o(i.HAL_DMA_IRQHandler)
    HAL_DMA_Init                             0x08000e19   Thumb Code   206  stm32f4xx_hal_dma.o(i.HAL_DMA_Init)
    HAL_DMA_Start_IT                         0x08000eed   Thumb Code   110  stm32f4xx_hal_dma.o(i.HAL_DMA_Start_IT)
    HAL_Delay                                0x08000f5d   Thumb Code    32  stm32f4xx_hal.o(i.HAL_Delay)
    HAL_GPIO_Init                            0x08000f81   Thumb Code   450  stm32f4xx_hal_gpio.o(i.HAL_GPIO_Init)
    HAL_GPIO_TogglePin                       0x08001171   Thumb Code    16  stm32f4xx_hal_gpio.o(i.HAL_GPIO_TogglePin)
    HAL_GPIO_WritePin                        0x08001181   Thumb Code    10  stm32f4xx_hal_gpio.o(i.HAL_GPIO_WritePin)
    HAL_GetTick                              0x0800118d   Thumb Code     6  stm32f4xx_hal.o(i.HAL_GetTick)
    HAL_IncTick                              0x08001199   Thumb Code    12  stm32f4xx_hal.o(i.HAL_IncTick)
    HAL_Init                                 0x080011a9   Thumb Code    48  stm32f4xx_hal.o(i.HAL_Init)
    HAL_InitTick                             0x080011dd   Thumb Code    54  stm32f4xx_hal.o(i.HAL_InitTick)
    HAL_MspInit                              0x0800121d   Thumb Code    42  stm32f4xx_hal_msp.o(i.HAL_MspInit)
    HAL_NVIC_EnableIRQ                       0x0800124d   Thumb Code    26  stm32f4xx_hal_cortex.o(i.HAL_NVIC_EnableIRQ)
    HAL_NVIC_SetPriority                     0x08001269   Thumb Code    60  stm32f4xx_hal_cortex.o(i.HAL_NVIC_SetPriority)
    HAL_NVIC_SetPriorityGrouping             0x080012a9   Thumb Code    26  stm32f4xx_hal_cortex.o(i.HAL_NVIC_SetPriorityGrouping)
    HAL_RCC_ClockConfig                      0x080012cd   Thumb Code   288  stm32f4xx_hal_rcc.o(i.HAL_RCC_ClockConfig)
    HAL_RCC_GetPCLK1Freq                     0x08001401   Thumb Code    20  stm32f4xx_hal_rcc.o(i.HAL_RCC_GetPCLK1Freq)
    HAL_RCC_GetPCLK2Freq                     0x08001421   Thumb Code    20  stm32f4xx_hal_rcc.o(i.HAL_RCC_GetPCLK2Freq)
    HAL_RCC_GetSysClockFreq                  0x08001441   Thumb Code    88  stm32f4xx_hal_rcc.o(i.HAL_RCC_GetSysClockFreq)
    HAL_RCC_OscConfig                        0x080014a1   Thumb Code   856  stm32f4xx_hal_rcc.o(i.HAL_RCC_OscConfig)
    HAL_SYSTICK_Config                       0x0800180d   Thumb Code    40  stm32f4xx_hal_cortex.o(i.HAL_SYSTICK_Config)
    HAL_TIMEx_BreakCallback                  0x08001835   Thumb Code     2  stm32f4xx_hal_tim_ex.o(i.HAL_TIMEx_BreakCallback)
    HAL_TIMEx_CommutCallback                 0x08001837   Thumb Code     2  stm32f4xx_hal_tim_ex.o(i.HAL_TIMEx_CommutCallback)
    HAL_TIMEx_MasterConfigSynchronization    0x08001839   Thumb Code   116  stm32f4xx_hal_tim_ex.o(i.HAL_TIMEx_MasterConfigSynchronization)
    HAL_TIM_Base_Init                        0x080018c9   Thumb Code    90  stm32f4xx_hal_tim.o(i.HAL_TIM_Base_Init)
    HAL_TIM_Base_MspInit                     0x08001925   Thumb Code    50  tim.o(i.HAL_TIM_Base_MspInit)
    HAL_TIM_Base_Start_IT                    0x0800195d   Thumb Code   100  stm32f4xx_hal_tim.o(i.HAL_TIM_Base_Start_IT)
    HAL_TIM_ConfigClockSource                0x080019dd   Thumb Code   220  stm32f4xx_hal_tim.o(i.HAL_TIM_ConfigClockSource)
    HAL_TIM_IC_CaptureCallback               0x08001ab9   Thumb Code     2  stm32f4xx_hal_tim.o(i.HAL_TIM_IC_CaptureCallback)
    HAL_TIM_IRQHandler                       0x08001abb   Thumb Code   358  stm32f4xx_hal_tim.o(i.HAL_TIM_IRQHandler)
    HAL_TIM_OC_DelayElapsedCallback          0x08001c21   Thumb Code     2  stm32f4xx_hal_tim.o(i.HAL_TIM_OC_DelayElapsedCallback)
    HAL_TIM_PWM_PulseFinishedCallback        0x08001c23   Thumb Code     2  stm32f4xx_hal_tim.o(i.HAL_TIM_PWM_PulseFinishedCallback)
    HAL_TIM_PeriodElapsedCallback            0x08001c25   Thumb Code   206  main.o(i.HAL_TIM_PeriodElapsedCallback)
    HAL_TIM_TriggerCallback                  0x08001d05   Thumb Code     2  stm32f4xx_hal_tim.o(i.HAL_TIM_TriggerCallback)
    HAL_UARTEx_RxEventCallback               0x08001d07   Thumb Code     2  stm32f4xx_hal_uart.o(i.HAL_UARTEx_RxEventCallback)
    HAL_UART_DMAStop                         0x08001d09   Thumb Code   112  stm32f4xx_hal_uart.o(i.HAL_UART_DMAStop)
    HAL_UART_ErrorCallback                   0x08001d79   Thumb Code     2  stm32f4xx_hal_uart.o(i.HAL_UART_ErrorCallback)
    HAL_UART_IRQHandler                      0x08001d7d   Thumb Code   610  stm32f4xx_hal_uart.o(i.HAL_UART_IRQHandler)
    HAL_UART_Init                            0x08001fe5   Thumb Code    98  stm32f4xx_hal_uart.o(i.HAL_UART_Init)
    HAL_UART_MspInit                         0x08002049   Thumb Code   324  usart.o(i.HAL_UART_MspInit)
    HAL_UART_Receive_DMA                     0x080021a9   Thumb Code    42  stm32f4xx_hal_uart.o(i.HAL_UART_Receive_DMA)
    HAL_UART_RxCpltCallback                  0x080021d3   Thumb Code     2  stm32f4xx_hal_uart.o(i.HAL_UART_RxCpltCallback)
    HAL_UART_RxHalfCpltCallback              0x080021d5   Thumb Code     2  stm32f4xx_hal_uart.o(i.HAL_UART_RxHalfCpltCallback)
    HAL_UART_Transmit                        0x080021d9   Thumb Code   178  stm32f4xx_hal_uart.o(i.HAL_UART_Transmit)
    HAL_UART_TxCpltCallback                  0x0800228b   Thumb Code     2  stm32f4xx_hal_uart.o(i.HAL_UART_TxCpltCallback)
    HardFault_Handler                        0x0800228d   Thumb Code     2  stm32f4xx_it.o(i.HardFault_Handler)
    I2C_Start                                0x08002291   Thumb Code    62  oled.o(i.I2C_Start)
    I2C_Stop                                 0x080022d9   Thumb Code    42  oled.o(i.I2C_Stop)
    I2C_WaitAck                              0x0800230d   Thumb Code    50  oled.o(i.I2C_WaitAck)
    IIC_delay                                0x08002349   Thumb Code    10  oled.o(i.IIC_delay)
    MX_DMA_Init                              0x08002355   Thumb Code    72  dma.o(i.MX_DMA_Init)
    MX_GPIO_Init                             0x080023a1   Thumb Code   184  gpio.o(i.MX_GPIO_Init)
    MX_TIM2_Init                             0x08002469   Thumb Code    94  tim.o(i.MX_TIM2_Init)
    MX_USART1_UART_Init                      0x080024d1   Thumb Code    48  usart.o(i.MX_USART1_UART_Init)
    MX_USART2_UART_Init                      0x08002509   Thumb Code    48  usart.o(i.MX_USART2_UART_Init)
    MemManage_Handler                        0x08002541   Thumb Code     2  stm32f4xx_it.o(i.MemManage_Handler)
    NMI_Handler                              0x08002543   Thumb Code     2  stm32f4xx_it.o(i.NMI_Handler)
    OLED_Clear                               0x08002545   Thumb Code    40  oled.o(i.OLED_Clear)
    OLED_ColorTurn                           0x08002571   Thumb Code    24  oled.o(i.OLED_ColorTurn)
    OLED_DisplayTurn                         0x08002589   Thumb Code    44  oled.o(i.OLED_DisplayTurn)
    OLED_DrawPoint                           0x080025b5   Thumb Code    40  oled.o(i.OLED_DrawPoint)
    OLED_Init                                0x080025e1   Thumb Code   234  oled.o(i.OLED_Init)
    OLED_Refresh                             0x080026cd   Thumb Code   100  oled.o(i.OLED_Refresh)
    OLED_ShowChar                            0x08002735   Thumb Code   212  oled.o(i.OLED_ShowChar)
    OLED_ShowString                          0x08002819   Thumb Code    60  oled.o(i.OLED_ShowString)
    OLED_WR_Byte                             0x08002855   Thumb Code    54  oled.o(i.OLED_WR_Byte)
    PendSV_Handler                           0x0800288b   Thumb Code     2  stm32f4xx_it.o(i.PendSV_Handler)
    ResponseCommandMessage                   0x0800288d   Thumb Code    74  main.o(i.ResponseCommandMessage)
    ResponseFlagMessage                      0x08002931   Thumb Code    74  main.o(i.ResponseFlagMessage)
    SVC_Handler                              0x080029d5   Thumb Code     2  stm32f4xx_it.o(i.SVC_Handler)
    Send_Byte                                0x080029d9   Thumb Code    74  oled.o(i.Send_Byte)
    SysTick_Handler                          0x08002a2d   Thumb Code     4  stm32f4xx_it.o(i.SysTick_Handler)
    SystemClock_Config                       0x08002a31   Thumb Code   138  main.o(i.SystemClock_Config)
    SystemInit                               0x08002ac5   Thumb Code    12  system_stm32f4xx.o(i.SystemInit)
    TIM2_IRQHandler                          0x08002ad5   Thumb Code     6  stm32f4xx_it.o(i.TIM2_IRQHandler)
    TIM_Base_SetConfig                       0x08002ae1   Thumb Code   156  stm32f4xx_hal_tim.o(i.TIM_Base_SetConfig)
    TIM_ETR_SetConfig                        0x08002ba9   Thumb Code    20  stm32f4xx_hal_tim.o(i.TIM_ETR_SetConfig)
    UART_Start_Receive_DMA                   0x08002f41   Thumb Code   134  stm32f4xx_hal_uart.o(i.UART_Start_Receive_DMA)
    USART1_IRQHandler                        0x0800304d   Thumb Code    18  stm32f4xx_it.o(i.USART1_IRQHandler)
    USART2_IRQHandler                        0x08003065   Thumb Code    18  stm32f4xx_it.o(i.USART2_IRQHandler)
    USER_UART_IDLECallback                   0x0800307d   Thumb Code    76  main.o(i.USER_UART_IDLECallback)
    USER_UART_IRQHandler                     0x080030dd   Thumb Code    74  main.o(i.USER_UART_IRQHandler)
    UsageFault_Handler                       0x08003139   Thumb Code     2  stm32f4xx_it.o(i.UsageFault_Handler)
    __0printf                                0x0800313d   Thumb Code    22  printfa.o(i.__0printf)
    __1printf                                0x0800313d   Thumb Code     0  printfa.o(i.__0printf)
    __2printf                                0x0800313d   Thumb Code     0  printfa.o(i.__0printf)
    __c89printf                              0x0800313d   Thumb Code     0  printfa.o(i.__0printf)
    printf                                   0x0800313d   Thumb Code     0  printfa.o(i.__0printf)
    __0sprintf                               0x0800315d   Thumb Code    34  printfa.o(i.__0sprintf)
    __1sprintf                               0x0800315d   Thumb Code     0  printfa.o(i.__0sprintf)
    __2sprintf                               0x0800315d   Thumb Code     0  printfa.o(i.__0sprintf)
    __c89sprintf                             0x0800315d   Thumb Code     0  printfa.o(i.__0sprintf)
    sprintf                                  0x0800315d   Thumb Code     0  printfa.o(i.__0sprintf)
    __ARM_fpclassify                         0x08003185   Thumb Code    48  fpclassify.o(i.__ARM_fpclassify)
    __hardfp_pow                             0x080031d9   Thumb Code  3072  pow.o(i.__hardfp_pow)
    __kernel_poly                            0x08003e29   Thumb Code   248  poly.o(i.__kernel_poly)
    __mathlib_dbl_divzero                    0x08003f21   Thumb Code    28  dunder.o(i.__mathlib_dbl_divzero)
    __mathlib_dbl_infnan2                    0x08003f51   Thumb Code    20  dunder.o(i.__mathlib_dbl_infnan2)
    __mathlib_dbl_invalid                    0x08003f69   Thumb Code    24  dunder.o(i.__mathlib_dbl_invalid)
    __mathlib_dbl_overflow                   0x08003f89   Thumb Code    24  dunder.o(i.__mathlib_dbl_overflow)
    __mathlib_dbl_underflow                  0x08003fa9   Thumb Code    24  dunder.o(i.__mathlib_dbl_underflow)
    __scatterload_copy                       0x08003fc9   Thumb Code    14  handlers.o(i.__scatterload_copy)
    __scatterload_null                       0x08003fd7   Thumb Code     2  handlers.o(i.__scatterload_null)
    __scatterload_zeroinit                   0x08003fd9   Thumb Code    14  handlers.o(i.__scatterload_zeroinit)
    __set_errno                              0x08003fe9   Thumb Code     6  errno.o(i.__set_errno)
    cJSON_Delete                             0x08004889   Thumb Code    66  cjson.o(i.cJSON_Delete)
    cJSON_GetArrayItem                       0x080048d1   Thumb Code    18  cjson.o(i.cJSON_GetArrayItem)
    cJSON_GetArraySize                       0x080048e3   Thumb Code    16  cjson.o(i.cJSON_GetArraySize)
    cJSON_GetObjectItem                      0x080048f3   Thumb Code    28  cjson.o(i.cJSON_GetObjectItem)
    cJSON_Parse                              0x0800492d   Thumb Code     8  cjson.o(i.cJSON_Parse)
    cJSON_ParseWithOpts                      0x08004935   Thumb Code    92  cjson.o(i.cJSON_ParseWithOpts)
    fabs                                     0x080049d7   Thumb Code    24  fabs.o(i.fabs)
    fputc                                    0x080049f1   Thumb Code    26  usart.o(i.fputc)
    free                                     0x08004a11   Thumb Code    76  malloc.o(i.free)
    main                                     0x08004a61   Thumb Code   504  main.o(i.main)
    malloc                                   0x08004e0d   Thumb Code    92  malloc.o(i.malloc)
    sqrt                                     0x0800542d   Thumb Code   110  sqrt.o(i.sqrt)
    uart_L610_send                           0x0800549d   Thumb Code    26  usart.o(i.uart_L610_send)
    asc2_0806                                0x080054c3   Data         552  oled.o(.constdata)
    asc2_1206                                0x080056eb   Data        1140  oled.o(.constdata)
    asc2_1608                                0x08005b5f   Data        1520  oled.o(.constdata)
    asc2_2412                                0x0800614f   Data        3420  oled.o(.constdata)
    Hzk1                                     0x08006eab   Data         352  oled.o(.constdata)
    Hzk2                                     0x0800700b   Data          72  oled.o(.constdata)
    Hzk3                                     0x08007053   Data         128  oled.o(.constdata)
    Hzk4                                     0x080070d3   Data         512  oled.o(.constdata)
    AHBPrescTable                            0x080072db   Data          16  system_stm32f4xx.o(.constdata)
    APBPrescTable                            0x080072eb   Data           8  system_stm32f4xx.o(.constdata)
    __mathlib_zero                           0x08007380   Data           8  qnan.o(.constdata)
    Region$$Table$$Base                      0x08007498   Number         0  anon$$obj.o(Region$$Table)
    Region$$Table$$Limit                     0x080074b8   Number         0  anon$$obj.o(Region$$Table)
    initStatus                               0x2000000c   Data           1  main.o(.data)
    UART_Frame_Flag                          0x2000000d   Data           1  main.o(.data)
    StopFlag                                 0x2000000e   Data           1  main.o(.data)
    location_length                          0x2000000f   Data           1  main.o(.data)
    location_index                           0x20000010   Data           1  main.o(.data)
    stableTx_length                          0x20000012   Data           2  main.o(.data)
    stableResponse_length_cmd                0x20000014   Data           2  main.o(.data)
    stableResponse_length_flag               0x20000016   Data           2  main.o(.data)
    Rxcounter                                0x20000018   Data           2  main.o(.data)
    TotalCounter                             0x2000001a   Data           2  main.o(.data)
    root                                     0x2000001c   Data           4  main.o(.data)
    location_array                           0x20000020   Data           4  main.o(.data)
    strx                                     0x20000024   Data           4  main.o(.data)
    strx_head                                0x20000028   Data           4  main.o(.data)
    strx_end                                 0x2000002c   Data           4  main.o(.data)
    strx_properties                          0x20000030   Data           4  main.o(.data)
    Tx_str                                   0x20000034   Data         256  main.o(.data)
    Tx_FlagSet                               0x20000134   Data         256  main.o(.data)
    Tx_FlagReset                             0x20000234   Data         256  main.o(.data)
    responseMessage                          0x20000334   Data         256  main.o(.data)
    responseProperties                       0x20000434   Data         256  main.o(.data)
    uwTickFreq                               0x20000534   Data           1  stm32f4xx_hal.o(.data)
    uwTickPrio                               0x20000538   Data           4  stm32f4xx_hal.o(.data)
    uwTick                                   0x2000053c   Data           4  stm32f4xx_hal.o(.data)
    SystemCoreClock                          0x20000540   Data           4  system_stm32f4xx.o(.data)
    __stdout                                 0x20000544   Data           4  stdout.o(.data)
    __microlib_freelist                      0x20000548   Data           4  mvars.o(.data)
    __microlib_freelist_initialised          0x2000054c   Data           4  mvars.o(.data)
    OLED_GRAM                                0x20000554   Data        1152  oled.o(.bss)
    RxBuffer                                 0x200009d4   Data        2048  main.o(.bss)
    Buffer_total                             0x200011d4   Data        2048  main.o(.bss)
    json_str                                 0x200019d4   Data        2048  main.o(.bss)
    htim2                                    0x200021d4   Data          72  tim.o(.bss)
    huart1                                   0x2000221c   Data          68  usart.o(.bss)
    huart2                                   0x20002260   Data          68  usart.o(.bss)
    hdma_usart1_rx                           0x200022a4   Data          96  usart.o(.bss)
    hdma_usart2_rx                           0x20002304   Data          96  usart.o(.bss)
    __heap_base                              0x20002368   Data           0  startup_stm32f407xx.o(HEAP)
    __heap_limit                             0x20006368   Data           0  startup_stm32f407xx.o(HEAP)
    __initial_sp                             0x20006768   Data           0  startup_stm32f407xx.o(STACK)



==============================================================================

Memory Map of the image

  Image Entry point : 0x08000189

  Load Region LR_IROM1 (Base: 0x08000000, Size: 0x00007a0c, Max: 0x00100000, ABSOLUTE, COMPRESSED[0x0000759c])

    Execution Region ER_IROM1 (Exec base: 0x08000000, Load base: 0x08000000, Size: 0x000074b8, Max: 0x00100000, ABSOLUTE)

    Exec Addr    Load Addr    Size         Type   Attr      Idx    E Section Name        Object

    0x08000000   0x08000000   0x00000188   Data   RO            3    RESET               startup_stm32f407xx.o
    0x08000188   0x08000188   0x00000000   Code   RO         3545  * .ARM.Collect$$$$00000000  mc_w.l(entry.o)
    0x08000188   0x08000188   0x00000004   Code   RO         3906    .ARM.Collect$$$$00000001  mc_w.l(entry2.o)
    0x0800018c   0x0800018c   0x00000004   Code   RO         3909    .ARM.Collect$$$$00000004  mc_w.l(entry5.o)
    0x08000190   0x08000190   0x00000000   Code   RO         3911    .ARM.Collect$$$$00000008  mc_w.l(entry7b.o)
    0x08000190   0x08000190   0x00000000   Code   RO         3913    .ARM.Collect$$$$0000000A  mc_w.l(entry8b.o)
    0x08000190   0x08000190   0x00000008   Code   RO         3914    .ARM.Collect$$$$0000000B  mc_w.l(entry9a.o)
    0x08000198   0x08000198   0x00000004   Code   RO         3921    .ARM.Collect$$$$0000000E  mc_w.l(entry12b.o)
    0x0800019c   0x0800019c   0x00000000   Code   RO         3916    .ARM.Collect$$$$0000000F  mc_w.l(entry10a.o)
    0x0800019c   0x0800019c   0x00000000   Code   RO         3918    .ARM.Collect$$$$00000011  mc_w.l(entry11a.o)
    0x0800019c   0x0800019c   0x00000004   Code   RO         3907    .ARM.Collect$$$$00002712  mc_w.l(entry2.o)
    0x080001a0   0x080001a0   0x00000024   Code   RO            4    .text               startup_stm32f407xx.o
    0x080001c4   0x080001c4   0x00000062   Code   RO         3548    .text               mc_w.l(uldiv.o)
    0x08000226   0x08000226   0x0000000c   Code   RO         3550    .text               mc_w.l(tolower.o)
    0x08000232   0x08000232   0x00000024   Code   RO         3554    .text               mc_w.l(memseta.o)
    0x08000256   0x08000256   0x00000018   Code   RO         3556    .text               mc_w.l(strcat.o)
    0x0800026e   0x0800026e   0x00000024   Code   RO         3558    .text               mc_w.l(strstr.o)
    0x08000292   0x08000292   0x00000014   Code   RO         3560    .text               mc_w.l(strchr.o)
    0x080002a6   0x080002a6   0x0000000e   Code   RO         3562    .text               mc_w.l(strlen.o)
    0x080002b4   0x080002b4   0x00000028   Code   RO         3564    .text               mc_w.l(strncat.o)
    0x080002dc   0x080002dc   0x00000012   Code   RO         3566    .text               mc_w.l(strcpy.o)
    0x080002ee   0x080002ee   0x0000001e   Code   RO         3568    .text               mc_w.l(strncmp.o)
    0x0800030c   0x0800030c   0x0000014e   Code   RO         3861    .text               mf_w.l(dadd.o)
    0x0800045a   0x0800045a   0x000000e4   Code   RO         3863    .text               mf_w.l(dmul.o)
    0x0800053e   0x0800053e   0x00000022   Code   RO         3865    .text               mf_w.l(dflti.o)
    0x08000560   0x08000560   0x0000003e   Code   RO         3867    .text               mf_w.l(dfixi.o)
    0x0800059e   0x0800059e   0x00000002   PAD
    0x080005a0   0x080005a0   0x00000030   Code   RO         3873    .text               mf_w.l(cdrcmple.o)
    0x080005d0   0x080005d0   0x0000002c   Code   RO         3923    .text               mc_w.l(uidiv.o)
    0x080005fc   0x080005fc   0x0000001e   Code   RO         3925    .text               mc_w.l(llshl.o)
    0x0800061a   0x0800061a   0x00000020   Code   RO         3927    .text               mc_w.l(llushr.o)
    0x0800063a   0x0800063a   0x00000024   Code   RO         3929    .text               mc_w.l(llsshr.o)
    0x0800065e   0x0800065e   0x00000000   Code   RO         3940    .text               mc_w.l(iusefp.o)
    0x0800065e   0x0800065e   0x000000ba   Code   RO         3941    .text               mf_w.l(depilogue.o)
    0x08000718   0x08000718   0x000000de   Code   RO         3943    .text               mf_w.l(ddiv.o)
    0x080007f6   0x080007f6   0x0000002e   Code   RO         3947    .text               mf_w.l(dscalb.o)
    0x08000824   0x08000824   0x00000030   Code   RO         3949    .text               mf_w.l(dfixul.o)
    0x08000854   0x08000854   0x00000024   Code   RO         3951    .text               mc_w.l(init.o)
    0x08000878   0x08000878   0x000000a2   Code   RO         3953    .text               mf_w.l(dsqrt.o)
    0x0800091a   0x0800091a   0x0000005e   Code   RO         3963    .text               mc_w.l(__dclz77c.o)
    0x08000978   0x08000978   0x00000002   Code   RO          892    i.BusFault_Handler  stm32f4xx_it.o
    0x0800097a   0x0800097a   0x00000002   PAD
    0x0800097c   0x0800097c   0x00000024   Code   RO          624    i.Clear_TotalBuffer  main.o
    0x080009a0   0x080009a0   0x0000002c   Code   RO          625    i.Clear_cJSON       main.o
    0x080009cc   0x080009cc   0x0000000c   Code   RO          893    i.DMA1_Stream5_IRQHandler  stm32f4xx_it.o
    0x080009d8   0x080009d8   0x0000000c   Code   RO          894    i.DMA2_Stream2_IRQHandler  stm32f4xx_it.o
    0x080009e4   0x080009e4   0x00000028   Code   RO         2454    i.DMA_CalcBaseAndBitshift  stm32f4xx_hal_dma.o
    0x08000a0c   0x08000a0c   0x00000054   Code   RO         2455    i.DMA_CheckFifoParam  stm32f4xx_hal_dma.o
    0x08000a60   0x08000a60   0x00000028   Code   RO         2456    i.DMA_SetConfig     stm32f4xx_hal_dma.o
    0x08000a88   0x08000a88   0x00000002   Code   RO          895    i.DebugMon_Handler  stm32f4xx_it.o
    0x08000a8a   0x08000a8a   0x00000004   Code   RO          626    i.Error_Handler     main.o
    0x08000a8e   0x08000a8e   0x00000002   PAD
    0x08000a90   0x08000a90   0x00000038   Code   RO          627    i.Generate_dynamicPart  main.o
    0x08000ac8   0x08000ac8   0x000000f8   Code   RO          628    i.GetcJSON_Object   main.o
    0x08000bc0   0x08000bc0   0x00000092   Code   RO         2457    i.HAL_DMA_Abort     stm32f4xx_hal_dma.o
    0x08000c52   0x08000c52   0x00000024   Code   RO         2458    i.HAL_DMA_Abort_IT  stm32f4xx_hal_dma.o
    0x08000c76   0x08000c76   0x00000002   PAD
    0x08000c78   0x08000c78   0x000001a0   Code   RO         2462    i.HAL_DMA_IRQHandler  stm32f4xx_hal_dma.o
    0x08000e18   0x08000e18   0x000000d4   Code   RO         2463    i.HAL_DMA_Init      stm32f4xx_hal_dma.o
    0x08000eec   0x08000eec   0x0000006e   Code   RO         2467    i.HAL_DMA_Start_IT  stm32f4xx_hal_dma.o
    0x08000f5a   0x08000f5a   0x00000002   PAD
    0x08000f5c   0x08000f5c   0x00000024   Code   RO         2876    i.HAL_Delay         stm32f4xx_hal.o
    0x08000f80   0x08000f80   0x000001f0   Code   RO         2350    i.HAL_GPIO_Init     stm32f4xx_hal_gpio.o
    0x08001170   0x08001170   0x00000010   Code   RO         2353    i.HAL_GPIO_TogglePin  stm32f4xx_hal_gpio.o
    0x08001180   0x08001180   0x0000000a   Code   RO         2354    i.HAL_GPIO_WritePin  stm32f4xx_hal_gpio.o
    0x0800118a   0x0800118a   0x00000002   PAD
    0x0800118c   0x0800118c   0x0000000c   Code   RO         2882    i.HAL_GetTick       stm32f4xx_hal.o
    0x08001198   0x08001198   0x00000010   Code   RO         2888    i.HAL_IncTick       stm32f4xx_hal.o
    0x080011a8   0x080011a8   0x00000034   Code   RO         2889    i.HAL_Init          stm32f4xx_hal.o
    0x080011dc   0x080011dc   0x00000040   Code   RO         2890    i.HAL_InitTick      stm32f4xx_hal.o
    0x0800121c   0x0800121c   0x00000030   Code   RO          998    i.HAL_MspInit       stm32f4xx_hal_msp.o
    0x0800124c   0x0800124c   0x0000001a   Code   RO         2739    i.HAL_NVIC_EnableIRQ  stm32f4xx_hal_cortex.o
    0x08001266   0x08001266   0x00000002   PAD
    0x08001268   0x08001268   0x00000040   Code   RO         2745    i.HAL_NVIC_SetPriority  stm32f4xx_hal_cortex.o
    0x080012a8   0x080012a8   0x00000024   Code   RO         2746    i.HAL_NVIC_SetPriorityGrouping  stm32f4xx_hal_cortex.o
    0x080012cc   0x080012cc   0x00000134   Code   RO         1996    i.HAL_RCC_ClockConfig  stm32f4xx_hal_rcc.o
    0x08001400   0x08001400   0x00000020   Code   RO         2003    i.HAL_RCC_GetPCLK1Freq  stm32f4xx_hal_rcc.o
    0x08001420   0x08001420   0x00000020   Code   RO         2004    i.HAL_RCC_GetPCLK2Freq  stm32f4xx_hal_rcc.o
    0x08001440   0x08001440   0x00000060   Code   RO         2005    i.HAL_RCC_GetSysClockFreq  stm32f4xx_hal_rcc.o
    0x080014a0   0x080014a0   0x0000036c   Code   RO         2008    i.HAL_RCC_OscConfig  stm32f4xx_hal_rcc.o
    0x0800180c   0x0800180c   0x00000028   Code   RO         2750    i.HAL_SYSTICK_Config  stm32f4xx_hal_cortex.o
    0x08001834   0x08001834   0x00000002   Code   RO         1728    i.HAL_TIMEx_BreakCallback  stm32f4xx_hal_tim_ex.o
    0x08001836   0x08001836   0x00000002   Code   RO         1729    i.HAL_TIMEx_CommutCallback  stm32f4xx_hal_tim_ex.o
    0x08001838   0x08001838   0x00000090   Code   RO         1747    i.HAL_TIMEx_MasterConfigSynchronization  stm32f4xx_hal_tim_ex.o
    0x080018c8   0x080018c8   0x0000005a   Code   RO         1024    i.HAL_TIM_Base_Init  stm32f4xx_hal_tim.o
    0x08001922   0x08001922   0x00000002   PAD
    0x08001924   0x08001924   0x00000038   Code   RO          791    i.HAL_TIM_Base_MspInit  tim.o
    0x0800195c   0x0800195c   0x00000080   Code   RO         1029    i.HAL_TIM_Base_Start_IT  stm32f4xx_hal_tim.o
    0x080019dc   0x080019dc   0x000000dc   Code   RO         1033    i.HAL_TIM_ConfigClockSource  stm32f4xx_hal_tim.o
    0x08001ab8   0x08001ab8   0x00000002   Code   RO         1058    i.HAL_TIM_IC_CaptureCallback  stm32f4xx_hal_tim.o
    0x08001aba   0x08001aba   0x00000166   Code   RO         1072    i.HAL_TIM_IRQHandler  stm32f4xx_hal_tim.o
    0x08001c20   0x08001c20   0x00000002   Code   RO         1075    i.HAL_TIM_OC_DelayElapsedCallback  stm32f4xx_hal_tim.o
    0x08001c22   0x08001c22   0x00000002   Code   RO         1102    i.HAL_TIM_PWM_PulseFinishedCallback  stm32f4xx_hal_tim.o
    0x08001c24   0x08001c24   0x000000e0   Code   RO          629    i.HAL_TIM_PeriodElapsedCallback  main.o
    0x08001d04   0x08001d04   0x00000002   Code   RO         1115    i.HAL_TIM_TriggerCallback  stm32f4xx_hal_tim.o
    0x08001d06   0x08001d06   0x00000002   Code   RO         3138    i.HAL_UARTEx_RxEventCallback  stm32f4xx_hal_uart.o
    0x08001d08   0x08001d08   0x00000070   Code   RO         3150    i.HAL_UART_DMAStop  stm32f4xx_hal_uart.o
    0x08001d78   0x08001d78   0x00000002   Code   RO         3152    i.HAL_UART_ErrorCallback  stm32f4xx_hal_uart.o
    0x08001d7a   0x08001d7a   0x00000002   PAD
    0x08001d7c   0x08001d7c   0x00000268   Code   RO         3155    i.HAL_UART_IRQHandler  stm32f4xx_hal_uart.o
    0x08001fe4   0x08001fe4   0x00000062   Code   RO         3156    i.HAL_UART_Init     stm32f4xx_hal_uart.o
    0x08002046   0x08002046   0x00000002   PAD
    0x08002048   0x08002048   0x00000160   Code   RO          833    i.HAL_UART_MspInit  usart.o
    0x080021a8   0x080021a8   0x0000002a   Code   RO         3160    i.HAL_UART_Receive_DMA  stm32f4xx_hal_uart.o
    0x080021d2   0x080021d2   0x00000002   Code   RO         3162    i.HAL_UART_RxCpltCallback  stm32f4xx_hal_uart.o
    0x080021d4   0x080021d4   0x00000002   Code   RO         3163    i.HAL_UART_RxHalfCpltCallback  stm32f4xx_hal_uart.o
    0x080021d6   0x080021d6   0x00000002   PAD
    0x080021d8   0x080021d8   0x000000b2   Code   RO         3164    i.HAL_UART_Transmit  stm32f4xx_hal_uart.o
    0x0800228a   0x0800228a   0x00000002   Code   RO         3167    i.HAL_UART_TxCpltCallback  stm32f4xx_hal_uart.o
    0x0800228c   0x0800228c   0x00000002   Code   RO          896    i.HardFault_Handler  stm32f4xx_it.o
    0x0800228e   0x0800228e   0x00000002   PAD
    0x08002290   0x08002290   0x00000048   Code   RO          362    i.I2C_Start         oled.o
    0x080022d8   0x080022d8   0x00000034   Code   RO          363    i.I2C_Stop          oled.o
    0x0800230c   0x0800230c   0x0000003c   Code   RO          364    i.I2C_WaitAck       oled.o
    0x08002348   0x08002348   0x0000000a   Code   RO          365    i.IIC_delay         oled.o
    0x08002352   0x08002352   0x00000002   PAD
    0x08002354   0x08002354   0x0000004c   Code   RO          766    i.MX_DMA_Init       dma.o
    0x080023a0   0x080023a0   0x000000c8   Code   RO          742    i.MX_GPIO_Init      gpio.o
    0x08002468   0x08002468   0x00000068   Code   RO          792    i.MX_TIM2_Init      tim.o
    0x080024d0   0x080024d0   0x00000038   Code   RO          834    i.MX_USART1_UART_Init  usart.o
    0x08002508   0x08002508   0x00000038   Code   RO          835    i.MX_USART2_UART_Init  usart.o
    0x08002540   0x08002540   0x00000002   Code   RO          897    i.MemManage_Handler  stm32f4xx_it.o
    0x08002542   0x08002542   0x00000002   Code   RO          898    i.NMI_Handler       stm32f4xx_it.o
    0x08002544   0x08002544   0x0000002c   Code   RO          366    i.OLED_Clear        oled.o
    0x08002570   0x08002570   0x00000018   Code   RO          367    i.OLED_ColorTurn    oled.o
    0x08002588   0x08002588   0x0000002c   Code   RO          370    i.OLED_DisplayTurn  oled.o
    0x080025b4   0x080025b4   0x0000002c   Code   RO          373    i.OLED_DrawPoint    oled.o
    0x080025e0   0x080025e0   0x000000ea   Code   RO          374    i.OLED_Init         oled.o
    0x080026ca   0x080026ca   0x00000002   PAD
    0x080026cc   0x080026cc   0x00000068   Code   RO          376    i.OLED_Refresh      oled.o
    0x08002734   0x08002734   0x000000e4   Code   RO          378    i.OLED_ShowChar     oled.o
    0x08002818   0x08002818   0x0000003c   Code   RO          382    i.OLED_ShowString   oled.o
    0x08002854   0x08002854   0x00000036   Code   RO          383    i.OLED_WR_Byte      oled.o
    0x0800288a   0x0800288a   0x00000002   Code   RO          899    i.PendSV_Handler    stm32f4xx_it.o
    0x0800288c   0x0800288c   0x000000a4   Code   RO          630    i.ResponseCommandMessage  main.o
    0x08002930   0x08002930   0x000000a4   Code   RO          631    i.ResponseFlagMessage  main.o
    0x080029d4   0x080029d4   0x00000002   Code   RO          900    i.SVC_Handler       stm32f4xx_it.o
    0x080029d6   0x080029d6   0x00000002   PAD
    0x080029d8   0x080029d8   0x00000054   Code   RO          384    i.Send_Byte         oled.o
    0x08002a2c   0x08002a2c   0x00000004   Code   RO          901    i.SysTick_Handler   stm32f4xx_it.o
    0x08002a30   0x08002a30   0x00000094   Code   RO          632    i.SystemClock_Config  main.o
    0x08002ac4   0x08002ac4   0x00000010   Code   RO         3485    i.SystemInit        system_stm32f4xx.o
    0x08002ad4   0x08002ad4   0x0000000c   Code   RO          902    i.TIM2_IRQHandler   stm32f4xx_it.o
    0x08002ae0   0x08002ae0   0x000000c8   Code   RO         1117    i.TIM_Base_SetConfig  stm32f4xx_hal_tim.o
    0x08002ba8   0x08002ba8   0x00000014   Code   RO         1128    i.TIM_ETR_SetConfig  stm32f4xx_hal_tim.o
    0x08002bbc   0x08002bbc   0x00000010   Code   RO         1129    i.TIM_ITRx_SetConfig  stm32f4xx_hal_tim.o
    0x08002bcc   0x08002bcc   0x00000022   Code   RO         1135    i.TIM_TI1_ConfigInputStage  stm32f4xx_hal_tim.o
    0x08002bee   0x08002bee   0x00000024   Code   RO         1137    i.TIM_TI2_ConfigInputStage  stm32f4xx_hal_tim.o
    0x08002c12   0x08002c12   0x00000010   Code   RO         3169    i.UART_DMAAbortOnError  stm32f4xx_hal_uart.o
    0x08002c22   0x08002c22   0x0000004a   Code   RO         3170    i.UART_DMAError     stm32f4xx_hal_uart.o
    0x08002c6c   0x08002c6c   0x00000082   Code   RO         3171    i.UART_DMAReceiveCplt  stm32f4xx_hal_uart.o
    0x08002cee   0x08002cee   0x0000001a   Code   RO         3173    i.UART_DMARxHalfCplt  stm32f4xx_hal_uart.o
    0x08002d08   0x08002d08   0x0000004e   Code   RO         3179    i.UART_EndRxTransfer  stm32f4xx_hal_uart.o
    0x08002d56   0x08002d56   0x0000001c   Code   RO         3180    i.UART_EndTxTransfer  stm32f4xx_hal_uart.o
    0x08002d72   0x08002d72   0x000000c0   Code   RO         3181    i.UART_Receive_IT   stm32f4xx_hal_uart.o
    0x08002e32   0x08002e32   0x00000002   PAD
    0x08002e34   0x08002e34   0x0000010c   Code   RO         3182    i.UART_SetConfig    stm32f4xx_hal_uart.o
    0x08002f40   0x08002f40   0x00000094   Code   RO         3183    i.UART_Start_Receive_DMA  stm32f4xx_hal_uart.o
    0x08002fd4   0x08002fd4   0x00000078   Code   RO         3185    i.UART_WaitOnFlagUntilTimeout  stm32f4xx_hal_uart.o
    0x0800304c   0x0800304c   0x00000018   Code   RO          903    i.USART1_IRQHandler  stm32f4xx_it.o
    0x08003064   0x08003064   0x00000018   Code   RO          904    i.USART2_IRQHandler  stm32f4xx_it.o
    0x0800307c   0x0800307c   0x00000060   Code   RO          633    i.USER_UART_IDLECallback  main.o
    0x080030dc   0x080030dc   0x0000005c   Code   RO          634    i.USER_UART_IRQHandler  main.o
    0x08003138   0x08003138   0x00000002   Code   RO          905    i.UsageFault_Handler  stm32f4xx_it.o
    0x0800313a   0x0800313a   0x00000002   PAD
    0x0800313c   0x0800313c   0x00000020   Code   RO         3805    i.__0printf         mc_w.l(printfa.o)
    0x0800315c   0x0800315c   0x00000028   Code   RO         3807    i.__0sprintf        mc_w.l(printfa.o)
    0x08003184   0x08003184   0x00000030   Code   RO         3889    i.__ARM_fpclassify  m_wm.l(fpclassify.o)
    0x080031b4   0x080031b4   0x00000020   Code   RO         2752    i.__NVIC_SetPriority  stm32f4xx_hal_cortex.o
    0x080031d4   0x080031d4   0x00000004   PAD
    0x080031d8   0x080031d8   0x00000c50   Code   RO         3531    i.__hardfp_pow      m_wm.l(pow.o)
    0x08003e28   0x08003e28   0x000000f8   Code   RO         3891    i.__kernel_poly     m_wm.l(poly.o)
    0x08003f20   0x08003f20   0x00000030   Code   RO         3875    i.__mathlib_dbl_divzero  m_wm.l(dunder.o)
    0x08003f50   0x08003f50   0x00000014   Code   RO         3877    i.__mathlib_dbl_infnan2  m_wm.l(dunder.o)
    0x08003f64   0x08003f64   0x00000004   PAD
    0x08003f68   0x08003f68   0x00000020   Code   RO         3878    i.__mathlib_dbl_invalid  m_wm.l(dunder.o)
    0x08003f88   0x08003f88   0x00000020   Code   RO         3879    i.__mathlib_dbl_overflow  m_wm.l(dunder.o)
    0x08003fa8   0x08003fa8   0x00000020   Code   RO         3881    i.__mathlib_dbl_underflow  m_wm.l(dunder.o)
    0x08003fc8   0x08003fc8   0x0000000e   Code   RO         3957    i.__scatterload_copy  mc_w.l(handlers.o)
    0x08003fd6   0x08003fd6   0x00000002   Code   RO         3958    i.__scatterload_null  mc_w.l(handlers.o)
    0x08003fd8   0x08003fd8   0x0000000e   Code   RO         3959    i.__scatterload_zeroinit  mc_w.l(handlers.o)
    0x08003fe6   0x08003fe6   0x00000002   PAD
    0x08003fe8   0x08003fe8   0x0000000c   Code   RO         3935    i.__set_errno       mc_w.l(errno.o)
    0x08003ff4   0x08003ff4   0x00000184   Code   RO         3812    i._fp_digits        mc_w.l(printfa.o)
    0x08004178   0x08004178   0x000006b4   Code   RO         3813    i._printf_core      mc_w.l(printfa.o)
    0x0800482c   0x0800482c   0x00000024   Code   RO         3814    i._printf_post_padding  mc_w.l(printfa.o)
    0x08004850   0x08004850   0x0000002e   Code   RO         3815    i._printf_pre_padding  mc_w.l(printfa.o)
    0x0800487e   0x0800487e   0x0000000a   Code   RO         3817    i._sputc            mc_w.l(printfa.o)
    0x08004888   0x08004888   0x00000048   Code   RO           27    i.cJSON_Delete      cjson.o
    0x080048d0   0x080048d0   0x00000012   Code   RO           33    i.cJSON_GetArrayItem  cjson.o
    0x080048e2   0x080048e2   0x00000010   Code   RO           34    i.cJSON_GetArraySize  cjson.o
    0x080048f2   0x080048f2   0x0000001c   Code   RO           36    i.cJSON_GetObjectItem  cjson.o
    0x0800490e   0x0800490e   0x00000002   PAD
    0x08004910   0x08004910   0x0000001c   Code   RO           40    i.cJSON_New_Item    cjson.o
    0x0800492c   0x0800492c   0x00000008   Code   RO           41    i.cJSON_Parse       cjson.o
    0x08004934   0x08004934   0x00000060   Code   RO           42    i.cJSON_ParseWithOpts  cjson.o
    0x08004994   0x08004994   0x00000042   Code   RO           48    i.cJSON_strcasecmp  cjson.o
    0x080049d6   0x080049d6   0x00000018   Code   RO         3521    i.fabs              m_wm.l(fabs.o)
    0x080049ee   0x080049ee   0x00000002   PAD
    0x080049f0   0x080049f0   0x00000020   Code   RO          836    i.fputc             usart.o
    0x08004a10   0x08004a10   0x00000050   Code   RO         3833    i.free              mc_w.l(malloc.o)
    0x08004a60   0x08004a60   0x000003ac   Code   RO          635    i.main              main.o
    0x08004e0c   0x08004e0c   0x0000006c   Code   RO         3834    i.malloc            mc_w.l(malloc.o)
    0x08004e78   0x08004e78   0x00000078   Code   RO           52    i.parse_array       cjson.o
    0x08004ef0   0x08004ef0   0x000000a6   Code   RO           53    i.parse_hex4        cjson.o
    0x08004f96   0x08004f96   0x00000002   PAD
    0x08004f98   0x08004f98   0x00000194   Code   RO           54    i.parse_number      cjson.o
    0x0800512c   0x0800512c   0x000000b8   Code   RO           55    i.parse_object      cjson.o
    0x080051e4   0x080051e4   0x00000180   Code   RO           56    i.parse_string      cjson.o
    0x08005364   0x08005364   0x000000b4   Code   RO           57    i.parse_value       cjson.o
    0x08005418   0x08005418   0x00000014   Code   RO           64    i.skip              cjson.o
    0x0800542c   0x0800542c   0x0000006e   Code   RO         3896    i.sqrt              m_wm.l(sqrt.o)
    0x0800549a   0x0800549a   0x00000002   PAD
    0x0800549c   0x0800549c   0x00000020   Code   RO          837    i.uart_L610_send    usart.o
    0x080054bc   0x080054bc   0x00000007   Data   RO           66    .constdata          cjson.o
    0x080054c3   0x080054c3   0x00001e10   Data   RO          386    .constdata          oled.o
    0x080072d3   0x080072d3   0x00000008   Data   RO         2469    .constdata          stm32f4xx_hal_dma.o
    0x080072db   0x080072db   0x00000010   Data   RO         3486    .constdata          system_stm32f4xx.o
    0x080072eb   0x080072eb   0x00000008   Data   RO         3487    .constdata          system_stm32f4xx.o
    0x080072f3   0x080072f3   0x00000005   PAD
    0x080072f8   0x080072f8   0x00000088   Data   RO         3534    .constdata          m_wm.l(pow.o)
    0x08007380   0x08007380   0x00000008   Data   RO         3893    .constdata          m_wm.l(qnan.o)
    0x08007388   0x08007388   0x0000010e   Data   RO          637    .conststring        main.o
    0x08007496   0x08007496   0x00000002   PAD
    0x08007498   0x08007498   0x00000020   Data   RO         3955    Region$$Table       anon$$obj.o


    Execution Region RW_IRAM1 (Exec base: 0x20000000, Load base: 0x080074b8, Size: 0x00006768, Max: 0x0001c000, ABSOLUTE, COMPRESSED[0x000000e4])

    Exec Addr    Load Addr    Size         Type   Attr      Idx    E Section Name        Object

    0x20000000   COMPRESSED   0x0000000c   Data   RW           67    .data               cjson.o
    0x2000000c   COMPRESSED   0x00000528   Data   RW          638    .data               main.o
    0x20000534   COMPRESSED   0x0000000c   Data   RW         2896    .data               stm32f4xx_hal.o
    0x20000540   COMPRESSED   0x00000004   Data   RW         3488    .data               system_stm32f4xx.o
    0x20000544   COMPRESSED   0x00000004   Data   RW         3922    .data               mc_w.l(stdout.o)
    0x20000548   COMPRESSED   0x00000004   Data   RW         3931    .data               mc_w.l(mvars.o)
    0x2000054c   COMPRESSED   0x00000004   Data   RW         3932    .data               mc_w.l(mvars.o)
    0x20000550   COMPRESSED   0x00000004   Data   RW         3936    .data               mc_w.l(errno.o)
    0x20000554        -       0x00000480   Zero   RW          385    .bss                oled.o
    0x200009d4        -       0x00001800   Zero   RW          636    .bss                main.o
    0x200021d4        -       0x00000048   Zero   RW          793    .bss                tim.o
    0x2000221c        -       0x00000148   Zero   RW          838    .bss                usart.o
    0x20002364   COMPRESSED   0x00000004   PAD
    0x20002368        -       0x00004000   Zero   RW            2    HEAP                startup_stm32f407xx.o
    0x20006368        -       0x00000400   Zero   RW            1    STACK               startup_stm32f407xx.o


    Execution Region RW_IRAM2 (Exec base: 0x2001c000, Load base: 0x0800759c, Size: 0x00000000, Max: 0x00004000, ABSOLUTE)

    **** No section assigned to this execution region ****


==============================================================================

Image component sizes


      Code (inc. data)   RO Data    RW Data    ZI Data      Debug   Object Name

      1790         96          7         12          0      15756   cjson.o
        76          4          0          0          0        822   dma.o
       200         16          0          0          0        979   gpio.o
      2216        850        270       1320       6144      12594   main.o
      1114         68       7696          0       1152     699196   oled.o
        36          8        392          0      17408        848   startup_stm32f407xx.o
       180         28          0         12          0       9497   stm32f4xx_hal.o
       198         14          0          0          0      34027   stm32f4xx_hal_cortex.o
      1084         16          8          0          0       7454   stm32f4xx_hal_dma.o
       522         46          0          0          0       2885   stm32f4xx_hal_gpio.o
        48          6          0          0          0        854   stm32f4xx_hal_msp.o
      1344         72          0          0          0       5312   stm32f4xx_hal_rcc.o
      1110         72          0          0          0      10325   stm32f4xx_hal_tim.o
       148         28          0          0          0       2501   stm32f4xx_hal_tim_ex.o
      2136         30          0          0          0      16269   stm32f4xx_hal_uart.o
       104         30          0          0          0       6652   stm32f4xx_it.o
        16          4         24          4          0       1143   system_stm32f4xx.o
       160         16          0          0         72       1710   tim.o
       528         56          0          0        328       3838   usart.o

    ----------------------------------------------------------------------
     13050       1460       8436       1348      25108     832662   Object Totals
         0          0         32          0          0          0   (incl. Generated)
        40          0          7          0          4          0   (incl. Padding)

    ----------------------------------------------------------------------

      Code (inc. data)   RO Data    RW Data    ZI Data      Debug   Library Member Name

       164         44          0          0          0        620   dunder.o
        24          0          0          0          0        124   fabs.o
        48          0          0          0          0        124   fpclassify.o
       248          0          0          0          0        152   poly.o
      3152        296        136          0          0        352   pow.o
         0          0          8          0          0          0   qnan.o
       110          0          0          0          0        148   sqrt.o
        94          0          0          0          0          0   __dclz77c.o
         0          0          0          0          0          0   entry.o
         0          0          0          0          0          0   entry10a.o
         0          0          0          0          0          0   entry11a.o
         4          0          0          0          0          0   entry12b.o
         8          4          0          0          0          0   entry2.o
         4          0          0          0          0          0   entry5.o
         0          0          0          0          0          0   entry7b.o
         0          0          0          0          0          0   entry8b.o
         8          4          0          0          0          0   entry9a.o
        12          6          0          4          0         68   errno.o
        30          0          0          0          0          0   handlers.o
        36          8          0          0          0         68   init.o
         0          0          0          0          0          0   iusefp.o
        30          0          0          0          0         68   llshl.o
        36          0          0          0          0         68   llsshr.o
        32          0          0          0          0         68   llushr.o
       188         20          0          0          0        160   malloc.o
        36          0          0          0          0        108   memseta.o
         0          0          0          8          0          0   mvars.o
      2268         96          0          0          0        616   printfa.o
         0          0          0          4          0          0   stdout.o
        24          0          0          0          0         68   strcat.o
        20          0          0          0          0         68   strchr.o
        18          0          0          0          0         68   strcpy.o
        14          0          0          0          0         68   strlen.o
        40          0          0          0          0         76   strncat.o
        30          0          0          0          0         80   strncmp.o
        36          0          0          0          0         80   strstr.o
        12          0          0          0          0         68   tolower.o
        44          0          0          0          0         80   uidiv.o
        98          0          0          0          0         92   uldiv.o
        48          0          0          0          0         68   cdrcmple.o
       334          0          0          0          0        148   dadd.o
       222          0          0          0          0        100   ddiv.o
       186          0          0          0          0        176   depilogue.o
        62          0          0          0          0         80   dfixi.o
        48          0          0          0          0         68   dfixul.o
        34          0          0          0          0         76   dflti.o
       228          0          0          0          0         96   dmul.o
        46          0          0          0          0         80   dscalb.o
       162          0          0          0          0        100   dsqrt.o

    ----------------------------------------------------------------------
      8250        478        144         16          0       4484   Library Totals
        12          0          0          0          0          0   (incl. Padding)

    ----------------------------------------------------------------------

      Code (inc. data)   RO Data    RW Data    ZI Data      Debug   Library Name

      3746        340        144          0          0       1520   m_wm.l
      3122        138          0         16          0       1972   mc_w.l
      1370          0          0          0          0        992   mf_w.l

    ----------------------------------------------------------------------
      8250        478        144         16          0       4484   Library Totals

    ----------------------------------------------------------------------

==============================================================================


      Code (inc. data)   RO Data    RW Data    ZI Data      Debug   

     21300       1938       8580       1364      25108     822718   Grand Totals
     21300       1938       8580        228      25108     822718   ELF Image Totals (compressed)
     21300       1938       8580        228          0          0   ROM Totals

==============================================================================

    Total RO  Size (Code + RO Data)                29880 (  29.18kB)
    Total RW  Size (RW Data + ZI Data)             26472 (  25.85kB)
    Total ROM Size (Code + RO Data + RW Data)      30108 (  29.40kB)

==============================================================================

